Component: ARM Compiler 5.05 update 1 (build 106) Tool: armlink [4d0efa]

==============================================================================

Section Cross References

    stm32f4xx_hal_tim_ex.o(i.HAL_TIMEx_ConfigCommutationEvent_DMA) refers to stm32f4xx_hal_tim_ex.o(i.TIMEx_DMACommutationCplt) for TIMEx_DMACommutationCplt
    stm32f4xx_hal_tim_ex.o(i.HAL_TIMEx_ConfigCommutationEvent_DMA) refers to stm32f4xx_hal_tim.o(i.TIM_DMAError) for TIM_DMAError
    stm32f4xx_hal_tim_ex.o(i.HAL_TIMEx_HallSensor_DeInit) refers to stm32f4xx_hal_tim_ex.o(i.HAL_TIMEx_HallSensor_MspDeInit) for HAL_TIMEx_HallSensor_MspDeInit
    stm32f4xx_hal_tim_ex.o(i.HAL_TIMEx_HallSensor_Init) refers to stm32f4xx_hal_tim_ex.o(i.HAL_TIMEx_HallSensor_MspInit) for HAL_TIMEx_HallSensor_MspInit
    stm32f4xx_hal_tim_ex.o(i.HAL_TIMEx_HallSensor_Init) refers to stm32f4xx_hal_tim.o(i.TIM_Base_SetConfig) for TIM_Base_SetConfig
    stm32f4xx_hal_tim_ex.o(i.HAL_TIMEx_HallSensor_Init) refers to stm32f4xx_hal_tim.o(i.TIM_TI1_SetConfig) for TIM_TI1_SetConfig
    stm32f4xx_hal_tim_ex.o(i.HAL_TIMEx_HallSensor_Init) refers to stm32f4xx_hal_tim.o(i.TIM_OC2_SetConfig) for TIM_OC2_SetConfig
    stm32f4xx_hal_tim_ex.o(i.HAL_TIMEx_HallSensor_Start) refers to stm32f4xx_hal_tim.o(i.TIM_CCxChannelCmd) for TIM_CCxChannelCmd
    stm32f4xx_hal_tim_ex.o(i.HAL_TIMEx_HallSensor_Start_DMA) refers to stm32f4xx_hal_tim.o(i.TIM_CCxChannelCmd) for TIM_CCxChannelCmd
    stm32f4xx_hal_tim_ex.o(i.HAL_TIMEx_HallSensor_Start_DMA) refers to stm32f4xx_hal_dma.o(i.HAL_DMA_Start_IT) for HAL_DMA_Start_IT
    stm32f4xx_hal_tim_ex.o(i.HAL_TIMEx_HallSensor_Start_DMA) refers to stm32f4xx_hal_tim.o(i.TIM_DMACaptureCplt) for TIM_DMACaptureCplt
    stm32f4xx_hal_tim_ex.o(i.HAL_TIMEx_HallSensor_Start_DMA) refers to stm32f4xx_hal_tim.o(i.TIM_DMAError) for TIM_DMAError
    stm32f4xx_hal_tim_ex.o(i.HAL_TIMEx_HallSensor_Start_IT) refers to stm32f4xx_hal_tim.o(i.TIM_CCxChannelCmd) for TIM_CCxChannelCmd
    stm32f4xx_hal_tim_ex.o(i.HAL_TIMEx_HallSensor_Stop) refers to stm32f4xx_hal_tim.o(i.TIM_CCxChannelCmd) for TIM_CCxChannelCmd
    stm32f4xx_hal_tim_ex.o(i.HAL_TIMEx_HallSensor_Stop_DMA) refers to stm32f4xx_hal_tim.o(i.TIM_CCxChannelCmd) for TIM_CCxChannelCmd
    stm32f4xx_hal_tim_ex.o(i.HAL_TIMEx_HallSensor_Stop_IT) refers to stm32f4xx_hal_tim.o(i.TIM_CCxChannelCmd) for TIM_CCxChannelCmd
    stm32f4xx_hal_tim_ex.o(i.HAL_TIMEx_OCN_Start) refers to stm32f4xx_hal_tim_ex.o(i.TIM_CCxNChannelCmd) for TIM_CCxNChannelCmd
    stm32f4xx_hal_tim_ex.o(i.HAL_TIMEx_OCN_Start_DMA) refers to stm32f4xx_hal_dma.o(i.HAL_DMA_Start_IT) for HAL_DMA_Start_IT
    stm32f4xx_hal_tim_ex.o(i.HAL_TIMEx_OCN_Start_DMA) refers to stm32f4xx_hal_tim_ex.o(i.TIM_CCxNChannelCmd) for TIM_CCxNChannelCmd
    stm32f4xx_hal_tim_ex.o(i.HAL_TIMEx_OCN_Start_DMA) refers to stm32f4xx_hal_tim.o(i.TIM_DMADelayPulseCplt) for TIM_DMADelayPulseCplt
    stm32f4xx_hal_tim_ex.o(i.HAL_TIMEx_OCN_Start_DMA) refers to stm32f4xx_hal_tim.o(i.TIM_DMAError) for TIM_DMAError
    stm32f4xx_hal_tim_ex.o(i.HAL_TIMEx_OCN_Start_IT) refers to stm32f4xx_hal_tim_ex.o(i.TIM_CCxNChannelCmd) for TIM_CCxNChannelCmd
    stm32f4xx_hal_tim_ex.o(i.HAL_TIMEx_OCN_Stop) refers to stm32f4xx_hal_tim_ex.o(i.TIM_CCxNChannelCmd) for TIM_CCxNChannelCmd
    stm32f4xx_hal_tim_ex.o(i.HAL_TIMEx_OCN_Stop_DMA) refers to stm32f4xx_hal_tim_ex.o(i.TIM_CCxNChannelCmd) for TIM_CCxNChannelCmd
    stm32f4xx_hal_tim_ex.o(i.HAL_TIMEx_OCN_Stop_IT) refers to stm32f4xx_hal_tim_ex.o(i.TIM_CCxNChannelCmd) for TIM_CCxNChannelCmd
    stm32f4xx_hal_tim_ex.o(i.HAL_TIMEx_OnePulseN_Start) refers to stm32f4xx_hal_tim_ex.o(i.TIM_CCxNChannelCmd) for TIM_CCxNChannelCmd
    stm32f4xx_hal_tim_ex.o(i.HAL_TIMEx_OnePulseN_Start_IT) refers to stm32f4xx_hal_tim_ex.o(i.TIM_CCxNChannelCmd) for TIM_CCxNChannelCmd
    stm32f4xx_hal_tim_ex.o(i.HAL_TIMEx_OnePulseN_Stop) refers to stm32f4xx_hal_tim_ex.o(i.TIM_CCxNChannelCmd) for TIM_CCxNChannelCmd
    stm32f4xx_hal_tim_ex.o(i.HAL_TIMEx_OnePulseN_Stop_IT) refers to stm32f4xx_hal_tim_ex.o(i.TIM_CCxNChannelCmd) for TIM_CCxNChannelCmd
    stm32f4xx_hal_tim_ex.o(i.HAL_TIMEx_PWMN_Start) refers to stm32f4xx_hal_tim_ex.o(i.TIM_CCxNChannelCmd) for TIM_CCxNChannelCmd
    stm32f4xx_hal_tim_ex.o(i.HAL_TIMEx_PWMN_Start_DMA) refers to stm32f4xx_hal_dma.o(i.HAL_DMA_Start_IT) for HAL_DMA_Start_IT
    stm32f4xx_hal_tim_ex.o(i.HAL_TIMEx_PWMN_Start_DMA) refers to stm32f4xx_hal_tim_ex.o(i.TIM_CCxNChannelCmd) for TIM_CCxNChannelCmd
    stm32f4xx_hal_tim_ex.o(i.HAL_TIMEx_PWMN_Start_DMA) refers to stm32f4xx_hal_tim.o(i.TIM_DMADelayPulseCplt) for TIM_DMADelayPulseCplt
    stm32f4xx_hal_tim_ex.o(i.HAL_TIMEx_PWMN_Start_DMA) refers to stm32f4xx_hal_tim.o(i.TIM_DMAError) for TIM_DMAError
    stm32f4xx_hal_tim_ex.o(i.HAL_TIMEx_PWMN_Start_IT) refers to stm32f4xx_hal_tim_ex.o(i.TIM_CCxNChannelCmd) for TIM_CCxNChannelCmd
    stm32f4xx_hal_tim_ex.o(i.HAL_TIMEx_PWMN_Stop) refers to stm32f4xx_hal_tim_ex.o(i.TIM_CCxNChannelCmd) for TIM_CCxNChannelCmd
[...]
    i.SDMMC_GetCmdResp2                      0x080036f8   Section        0  stm32f4xx_ll_sdmmc.o(i.SDMMC_GetCmdResp2)
    SDMMC_GetCmdResp2                        0x080036f9   Thumb Code    74  stm32f4xx_ll_sdmmc.o(i.SDMMC_GetCmdResp2)
    i.SDMMC_GetCmdResp3                      0x08003748   Section        0  stm32f4xx_ll_sdmmc.o(i.SDMMC_GetCmdResp3)
    SDMMC_GetCmdResp3                        0x08003749   Thumb Code    60  stm32f4xx_ll_sdmmc.o(i.SDMMC_GetCmdResp3)
    i.SDMMC_GetCmdResp6                      0x08003788   Section        0  stm32f4xx_ll_sdmmc.o(i.SDMMC_GetCmdResp6)
    SDMMC_GetCmdResp6                        0x08003789   Thumb Code   128  stm32f4xx_ll_sdmmc.o(i.SDMMC_GetCmdResp6)
    i.SD_DMARxAbort                          0x0800380c   Section        0  stm32f4xx_hal_sd.o(i.SD_DMARxAbort)
    SD_DMARxAbort                            0x0800380d   Thumb Code    72  stm32f4xx_hal_sd.o(i.SD_DMARxAbort)
    i.SD_DMATxAbort                          0x08003854   Section        0  stm32f4xx_hal_sd.o(i.SD_DMATxAbort)
    SD_DMATxAbort                            0x08003855   Thumb Code    72  stm32f4xx_hal_sd.o(i.SD_DMATxAbort)
    i.SD_InitCard                            0x0800389c   Section        0  stm32f4xx_hal_sd.o(i.SD_InitCard)
    SD_InitCard                              0x0800389d   Thumb Code   230  stm32f4xx_hal_sd.o(i.SD_InitCard)
    i.SD_PowerON                             0x08003982   Section        0  stm32f4xx_hal_sd.o(i.SD_PowerON)
    SD_PowerON                               0x08003983   Thumb Code   162  stm32f4xx_hal_sd.o(i.SD_PowerON)
    i.SD_initialize                          0x08003a24   Section        0  sd_diskio.o(i.SD_initialize)
    i.SD_ioctl                               0x08003a44   Section        0  sd_diskio.o(i.SD_ioctl)
    i.SD_read                                0x08003a94   Section        0  sd_diskio.o(i.SD_read)
    i.SD_status                              0x08003ad0   Section        0  sd_diskio.o(i.SD_status)
    i.SD_write                               0x08003af0   Section        0  sd_diskio.o(i.SD_write)
    i.StartDefaultTask                       0x08003b2c   Section        0  main.o(i.StartDefaultTask)
    i.StartTask02                            0x08003b48   Section        0  main.o(i.StartTask02)
    i.StartTask03                            0x08003b60   Section        0  main.o(i.StartTask03)
    i.StartTask04                            0x08003b78   Section        0  main.o(i.StartTask04)
    i.StartTask05                            0x08003ba0   Section        0  main.o(i.StartTask05)
    i.SysTick_Handler                        0x08003ba6   Section        0  stm32f4xx_it.o(i.SysTick_Handler)
    i.SystemClock_Config                     0x08003bac   Section        0  main.o(i.SystemClock_Config)
    i.SystemInit                             0x08003c48   Section        0  system_stm32f4xx.o(i.SystemInit)
    i.TIM4_IRQHandler                        0x08003c9c   Section        0  stm32f4xx_it.o(i.TIM4_IRQHandler)
    i.TIM_Base_SetConfig                     0x08003ca8   Section        0  stm32f4xx_hal_tim.o(i.TIM_Base_SetConfig)
    i.UART4_IRQHandler                       0x08003d68   Section        0  stm32f4xx_it.o(i.UART4_IRQHandler)
    i.UART_DMAAbortOnError                   0x08003d74   Section        0  stm32f4xx_hal_uart.o(i.UART_DMAAbortOnError)
    UART_DMAAbortOnError                     0x08003d75   Thumb Code    16  stm32f4xx_hal_uart.o(i.UART_DMAAbortOnError)
    i.UART_EndRxTransfer                     0x08003d84   Section        0  stm32f4xx_hal_uart.o(i.UART_EndRxTransfer)
    UART_EndRxTransfer                       0x08003d85   Thumb Code    28  stm32f4xx_hal_uart.o(i.UART_EndRxTransfer)
    i.UART_Receive_IT                        0x08003da0   Section        0  stm32f4xx_hal_uart.o(i.UART_Receive_IT)
    UART_Receive_IT                          0x08003da1   Thumb Code   140  stm32f4xx_hal_uart.o(i.UART_Receive_IT)
    i.UART_SetConfig                         0x08003e2c   Section        0  stm32f4xx_hal_uart.o(i.UART_SetConfig)
    UART_SetConfig                           0x08003e2d   Thumb Code   676  stm32f4xx_hal_uart.o(i.UART_SetConfig)
    i.UART_Transmit_IT                       0x080040d8   Section        0  stm32f4xx_hal_uart.o(i.UART_Transmit_IT)
    UART_Transmit_IT                         0x080040d9   Thumb Code    98  stm32f4xx_hal_uart.o(i.UART_Transmit_IT)
    i.USART1_IRQHandler                      0x0800413c   Section        0  stm32f4xx_it.o(i.USART1_IRQHandler)
    i.USART2_IRQHandler                      0x08004148   Section        0  stm32f4xx_it.o(i.USART2_IRQHandler)
    i.USART3_IRQHandler                      0x08004154   Section        0  stm32f4xx_it.o(i.USART3_IRQHandler)
    i.UsageFault_Handler                     0x08004160   Section        0  stm32f4xx_it.o(i.UsageFault_Handler)
    i._Error_Handler                         0x08004162   Section        0  main.o(i._Error_Handler)
    i.__0sprintf$1                           0x08004164   Section        0  printf1.o(i.__0sprintf$1)
    i.__scatterload_copy                     0x0800418c   Section       14  handlers.o(i.__scatterload_copy)
    i.__scatterload_null                     0x0800419a   Section        2  handlers.o(i.__scatterload_null)
    i.__scatterload_zeroinit                 0x0800419c   Section       14  handlers.o(i.__scatterload_zeroinit)
    i._printf_core                           0x080041ac   Section        0  printf1.o(i._printf_core)
    _printf_core                             0x080041ad   Thumb Code   336  printf1.o(i._printf_core)
    i._sputc                                 0x08004300   Section        0  printf1.o(i._sputc)
    _sputc                                   0x08004301   Thumb Code    10  printf1.o(i._sputc)
    i.answerSystem                           0x0800430c   Section        0  main.o(i.answerSystem)
    i.checkLCD                               0x080043cc   Section        0  main.o(i.checkLCD)
    i.checkSetTime                           0x08004424   Section        0  main.o(i.checkSetTime)
    i.checkTimeToReadSensor                  0x0800454c   Section        0  main.o(i.checkTimeToReadSensor)
    i.controlDevice                          0x080045b4   Section        0  main.o(i.controlDevice)
    i.convertNumToStringLSB                  0x080045e8   Section        0  main.o(i.convertNumToStringLSB)
    i.convertNumToStringMSB                  0x080045f6   Section        0  main.o(i.convertNumToStringMSB)
    i.convertStringToNum                     0x08004602   Section        0  main.o(i.convertStringToNum)
    i.deleteSMS                              0x08004614   Section        0  main.o(i.deleteSMS)
    i.lcd_HomePage                           0x08004648   Section        0  lcddisplay.o(i.lcd_HomePage)
    i.lcd_Intro                              0x08004820   Section        0  lcddisplay.o(i.lcd_Intro)
    i.lcd_Mode_1_page                        0x080048ac   Section        0  lcddisplay.o(i.lcd_Mode_1_page)
    i.lcd_Mode_2_page                        0x080048f8   Section        0  lcddisplay.o(i.lcd_Mode_2_page)
    i.lcd_Mode_3_page                        0x08004944   Section        0  lcddisplay.o(i.lcd_Mode_3_page)
    i.lcd_clear                              0x08004990   Section        0  lcd_txt.o(i.lcd_clear)
    i.lcd_init                               0x08004998   Section        0  lcd_txt.o(i.lcd_init)
    i.lcd_puts                               0x08004a10   Section        0  lcd_txt.o(i.lcd_puts)
    i.lcd_write                              0x08004a50   Section        0  lcd_txt.o(i.lcd_write)
    i.main                                   0x08004b30   Section        0  main.o(i.main)
    i.makeFreeRtosPriority                   0x08004d24   Section        0  cmsis_os.o(i.makeFreeRtosPriority)
    makeFreeRtosPriority                     0x08004d25   Thumb Code    12  cmsis_os.o(i.makeFreeRtosPriority)
    i.osKernelStart                          0x08004d30   Section        0  cmsis_os.o(i.osKernelStart)
    i.osSystickHandler                       0x08004d3a   Section        0  cmsis_os.o(i.osSystickHandler)
    i.osThreadCreate                         0x08004d4e   Section        0  cmsis_os.o(i.osThreadCreate)
    i.processDataFromInternet                0x08004d7c   Section        0  main.o(i.processDataFromInternet)
    i.processDataFromSim                     0x08004e38   Section        0  main.o(i.processDataFromSim)
    i.processDetailSms                       0x08004eb0   Section        0  main.o(i.processDetailSms)
    i.prvAddNewTaskToReadyList               0x08004f8c   Section        0  tasks.o(i.prvAddNewTaskToReadyList)
    prvAddNewTaskToReadyList                 0x08004f8d   Thumb Code   194  tasks.o(i.prvAddNewTaskToReadyList)
    i.prvCheckTasksWaitingTermination        0x0800505c   Section        0  tasks.o(i.prvCheckTasksWaitingTermination)
    prvCheckTasksWaitingTermination          0x0800505d   Thumb Code    70  tasks.o(i.prvCheckTasksWaitingTermination)
    i.prvDeleteTCB                           0x080050ac   Section        0  tasks.o(i.prvDeleteTCB)
    prvDeleteTCB                             0x080050ad   Thumb Code    20  tasks.o(i.prvDeleteTCB)
    i.prvHeapInit                            0x080050c0   Section        0  heap_4.o(i.prvHeapInit)
    prvHeapInit                              0x080050c1   Thumb Code    66  heap_4.o(i.prvHeapInit)
    i.prvIdleTask                            0x0800510c   Section        0  tasks.o(i.prvIdleTask)
    prvIdleTask                              0x0800510d   Thumb Code    30  tasks.o(i.prvIdleTask)
    i.prvInitialiseNewTask                   0x08005134   Section        0  tasks.o(i.prvInitialiseNewTask)
    prvInitialiseNewTask                     0x08005135   Thumb Code   142  tasks.o(i.prvInitialiseNewTask)
    i.prvInsertBlockIntoFreeList             0x080051c4   Section        0  heap_4.o(i.prvInsertBlockIntoFreeList)
    prvInsertBlockIntoFreeList               0x080051c5   Thumb Code    72  heap_4.o(i.prvInsertBlockIntoFreeList)
    i.prvResetNextTaskUnblockTime            0x08005210   Section        0  tasks.o(i.prvResetNextTaskUnblockTime)
    prvResetNextTaskUnblockTime              0x08005211   Thumb Code    26  tasks.o(i.prvResetNextTaskUnblockTime)
    i.prvTaskExitError                       0x08005230   Section        0  port.o(i.prvTaskExitError)
    prvTaskExitError                         0x08005231   Thumb Code    36  port.o(i.prvTaskExitError)
    i.pvPortMalloc                           0x08005258   Section        0  heap_4.o(i.pvPortMalloc)
    i.pxPortInitialiseStack                  0x08005330   Section        0  port.o(i.pxPortInitialiseStack)
    i.sendDataFromSensorToInternet           0x0800535c   Section        0  main.o(i.sendDataFromSensorToInternet)
    i.sendMessage                            0x0800537c   Section        0  main.o(i.sendMessage)
    i.sendRS485toSystem                      0x080053dc   Section        0  main.o(i.sendRS485toSystem)
    i.setIDforButton                         0x0800543c   Section        0  main.o(i.setIDforButton)
    i.setIDforDevice                         0x080054bc   Section        0  main.o(i.setIDforDevice)
    i.updateDevicesState                     0x08005528   Section        0  main.o(i.updateDevicesState)
    i.updateStateToInternet                  0x08005544   Section        0  main.o(i.updateStateToInternet)
    i.uxListRemove                           0x0800557c   Section        0  list.o(i.uxListRemove)
    i.vListInitialise                        0x080055a0   Section        0  list.o(i.vListInitialise)
    i.vListInitialiseItem                    0x080055b6   Section        0  list.o(i.vListInitialiseItem)
    i.vListInsertEnd                         0x080055bc   Section        0  list.o(i.vListInsertEnd)
    i.vPortEnterCritical                     0x080055d4   Section        0  port.o(i.vPortEnterCritical)
    i.vPortExitCritical                      0x08005614   Section        0  port.o(i.vPortExitCritical)
    i.vPortFree                              0x0800563c   Section        0  heap_4.o(i.vPortFree)
    i.vPortSetupTimerInterrupt               0x08005698   Section        0  port.o(i.vPortSetupTimerInterrupt)
    i.vTaskStartScheduler                    0x080056b8   Section        0  tasks.o(i.vTaskStartScheduler)
    i.vTaskSuspendAll                        0x08005720   Section        0  tasks.o(i.vTaskSuspendAll)
    i.vTaskSwitchContext                     0x08005730   Section        0  tasks.o(i.vTaskSwitchContext)
    i.xPortStartScheduler                    0x0800578c   Section        0  port.o(i.xPortStartScheduler)
    i.xPortSysTickHandler                    0x0800586c   Section        0  port.o(i.xPortSysTickHandler)
    i.xTaskCreate                            0x08005898   Section        0  tasks.o(i.xTaskCreate)
    i.xTaskGetSchedulerState                 0x080058f0   Section        0  tasks.o(i.xTaskGetSchedulerState)
    i.xTaskIncrementTick                     0x0800590c   Section        0  tasks.o(i.xTaskIncrementTick)
    i.xTaskResumeAll                         0x080059d4   Section        0  tasks.o(i.xTaskResumeAll)
    .constdata                               0x08005a98   Section        8  stm32f4xx_hal_dma.o(.constdata)
    flagBitshiftOffset                       0x08005a98   Data           8  stm32f4xx_hal_dma.o(.constdata)
    .constdata                               0x08005aa0   Section       16  system_stm32f4xx.o(.constdata)
    .constdata                               0x08005ab0   Section        8  system_stm32f4xx.o(.constdata)
    .constdata                               0x08005ab8   Section      100  main.o(.constdata)
    .constdata                               0x08005b1c   Section       20  sd_diskio.o(.constdata)
    .conststring                             0x08005b30   Section       54  main.o(.conststring)
    .data                                    0x20000000   Section        4  stm32f4xx_hal.o(.data)
    .data                                    0x20000004   Section       60  tasks.o(.data)
    uxDeletedTasksWaitingCleanUp             0x20000008   Data           4  tasks.o(.data)
    uxCurrentNumberOfTasks                   0x2000000c   Data           4  tasks.o(.data)
    xTickCount                               0x20000010   Data           4  tasks.o(.data)
    uxTopReadyPriority                       0x20000014   Data           4  tasks.o(.data)
    xSchedulerRunning                        0x20000018   Data           4  tasks.o(.data)
    uxPendedTicks                            0x2000001c   Data           4  tasks.o(.data)
    xYieldPending                            0x20000020   Data           4  tasks.o(.data)
    xNumOfOverflows                          0x20000024   Data           4  tasks.o(.data)
    uxTaskNumber                             0x20000028   Data           4  tasks.o(.data)
    xNextTaskUnblockTime                     0x2000002c   Data           4  tasks.o(.data)
    xIdleTaskHandle                          0x20000030   Data           4  tasks.o(.data)
    uxSchedulerSuspended                     0x20000034   Data           4  tasks.o(.data)
    pxDelayedTaskList                        0x20000038   Data           4  tasks.o(.data)
    pxOverflowDelayedTaskList                0x2000003c   Data           4  tasks.o(.data)
    .data                                    0x20000040   Section       12  port.o(.data)
    ucMaxSysCallPriority                     0x20000040   Data           1  port.o(.data)
    uxCriticalNesting                        0x20000044   Data           4  port.o(.data)
    ulMaxPRIGROUPValue                       0x20000048   Data           4  port.o(.data)
    .data                                    0x2000004c   Section       24  heap_4.o(.data)
    pxEnd                                    0x2000004c   Data           4  heap_4.o(.data)
    xFreeBytesRemaining                      0x20000050   Data           4  heap_4.o(.data)
    xMinimumEverFreeBytesRemaining           0x20000054   Data           4  heap_4.o(.data)
    xBlockAllocatedBit                       0x20000058   Data           4  heap_4.o(.data)
    xStart                                   0x2000005c   Data           8  heap_4.o(.data)
    .data                                    0x20000064   Section        4  system_stm32f4xx.o(.data)
    .data                                    0x20000068   Section        5  fatfs.o(.data)
    .data                                    0x20000070   Section      111  main.o(.data)
    i                                        0x20000081   Data           1  main.o(.data)
    i                                        0x20000082   Data           1  main.o(.data)
    .data                                    0x200000df   Section        1  sd_diskio.o(.data)
    Stat                                     0x200000df   Data           1  sd_diskio.o(.data)
    .bss                                     0x200000e0   Section      240  tasks.o(.bss)
    pxReadyTasksLists                        0x200000e0   Data         140  tasks.o(.bss)
    xDelayedTaskList1                        0x2000016c   Data          20  tasks.o(.bss)
    xDelayedTaskList2                        0x20000180   Data          20  tasks.o(.bss)
    xPendingReadyList                        0x20000194   Data          20  tasks.o(.bss)
    xTasksWaitingTermination                 0x200001a8   Data          20  tasks.o(.bss)
    xSuspendedTaskList                       0x200001bc   Data          20  tasks.o(.bss)
    .bss                                     0x200001d0   Section    15360  heap_4.o(.bss)
    ucHeap                                   0x200001d0   Data       15360  heap_4.o(.bss)
    .bss                                     0x20003dd0   Section       60  stm32f4xx_hal_timebase_tim.o(.bss)
    .bss                                     0x20003e0c   Section      756  main.o(.bss)
    .bss                                     0x20004100   Section       96  main.o(.bss)
    .bss                                     0x20004160   Section       12  ff_gen_drv.o(.bss)
    STACK                                    0x20004170   Section     1024  startup_stm32f407xx.o(STACK)

    Global Symbols

    Symbol Name                              Value     Ov Type        Size  Object(Section)

    BuildAttributes$$THM_ISAv4$E$P$D$K$B$S$7EM$VFPi3$EXTD16$VFPS$VFMA$PE$A:L22UL41UL21$X:L11$S22US41US21$IEEE1$IW$USESV6$~STKCKD$USESV7$~SHL$OSPACE$ROPI$EBA8$MICROLIB$REQ8$PRES8$EABIv2 0x00000000   Number         0  anon$$obj.o ABSOLUTE
    __ARM_use_no_argv                        0x00000000   Number         0  main.o ABSOLUTE
    _printf_a                                0x00000000   Number         0  stubs.o ABSOLUTE
    _printf_c                                0x00000000   Number         0  stubs.o ABSOLUTE
    _printf_charcount                        0x00000000   Number         0  stubs.o ABSOLUTE
    _printf_d                                0x00000000   Number         0  stubs.o ABSOLUTE
    _printf_e                                0x00000000   Number         0  stubs.o ABSOLUTE
    _printf_f                                0x00000000   Number         0  stubs.o ABSOLUTE
    _printf_flags                            0x00000000   Number         0  stubs.o ABSOLUTE
    _printf_fp_dec                           0x00000000   Number         0  stubs.o ABSOLUTE
    _printf_fp_hex                           0x00000000   Number         0  stubs.o ABSOLUTE
    _printf_g                                0x00000000   Number         0  stubs.o ABSOLUTE
    _printf_i                                0x00000000   Number         0  stubs.o ABSOLUTE
    _printf_int_dec                          0x00000000   Number         0  stubs.o ABSOLUTE
    _printf_l                                0x00000000   Number         0  stubs.o ABSOLUTE
    _printf_lc                               0x00000000   Number         0  stubs.o ABSOLUTE
    _printf_ll                               0x00000000   Number         0  stubs.o ABSOLUTE
    _printf_lld                              0x00000000   Number         0  stubs.o ABSOLUTE
    _printf_lli                              0x00000000   Number         0  stubs.o ABSOLUTE
    _printf_llo                              0x00000000   Number         0  stubs.o ABSOLUTE
    _printf_llu                              0x00000000   Number         0  stubs.o ABSOLUTE
    _printf_llx                              0x00000000   Number         0  stubs.o ABSOLUTE
    _printf_longlong_dec                     0x00000000   Number         0  stubs.o ABSOLUTE
    _printf_longlong_hex                     0x00000000   Number         0  stubs.o ABSOLUTE
    _printf_longlong_oct                     0x00000000   Number         0  stubs.o ABSOLUTE
    _printf_ls                               0x00000000   Number         0  stubs.o ABSOLUTE
    _printf_mbtowc                           0x00000000   Number         0  stubs.o ABSOLUTE
    _printf_n                                0x00000000   Number         0  stubs.o ABSOLUTE
    _printf_o                                0x00000000   Number         0  stubs.o ABSOLUTE
    _printf_p                                0x00000000   Number         0  stubs.o ABSOLUTE
    _printf_percent                          0x00000000   Number         0  stubs.o ABSOLUTE
    _printf_pre_padding                      0x00000000   Number         0  stubs.o ABSOLUTE
    _printf_return_value                     0x00000000   Number         0  stubs.o ABSOLUTE
    _printf_s                                0x00000000   Number         0  stubs.o ABSOLUTE
    _printf_sizespec                         0x00000000   Number         0  stubs.o ABSOLUTE
    _printf_str                              0x00000000   Number         0  stubs.o ABSOLUTE
    _printf_truncate_signed                  0x00000000   Number         0  stubs.o ABSOLUTE
    _printf_truncate_unsigned                0x00000000   Number         0  stubs.o ABSOLUTE
    _printf_u                                0x00000000   Number         0  stubs.o ABSOLUTE
    _printf_wc                               0x00000000   Number         0  stubs.o ABSOLUTE
    _printf_wctomb                           0x00000000   Number         0  stubs.o ABSOLUTE
    _printf_widthprec                        0x00000000   Number         0  stubs.o ABSOLUTE
    _printf_x                                0x00000000   Number         0  stubs.o ABSOLUTE
    __cpp_initialize__aeabi_                  - Undefined Weak Reference
    __cxa_finalize                            - Undefined Weak Reference
    __decompress                              - Undefined Weak Reference
    _clock_init                               - Undefined Weak Reference
    _microlib_exit                            - Undefined Weak Reference
    __Vectors_Size                           0x00000188   Number         0  startup_stm32f407xx.o ABSOLUTE
    __Vectors                                0x08000000   Data           4  startup_stm32f407xx.o(RESET)
    __Vectors_End                            0x08000188   Data           0  startup_stm32f407xx.o(RESET)
    __main                                   0x08000189   Thumb Code     0  entry.o(.ARM.Collect$$$$00000000)
    _main_stk                                0x08000189   Thumb Code     0  entry2.o(.ARM.Collect$$$$00000001)
    _main_scatterload                        0x0800018d   Thumb Code     0  entry5.o(.ARM.Collect$$$$00000004)
    __main_after_scatterload                 0x08000191   Thumb Code     0  entry5.o(.ARM.Collect$$$$00000004)
    _main_clock                              0x08000191   Thumb Code     0  entry7b.o(.ARM.Collect$$$$00000008)
    _main_cpp_init                           0x08000191   Thumb Code     0  entry8b.o(.ARM.Collect$$$$0000000A)
    _main_init                               0x08000191   Thumb Code     0  entry9a.o(.ARM.Collect$$$$0000000B)
    __rt_final_cpp                           0x08000199   Thumb Code     0  entry10a.o(.ARM.Collect$$$$0000000D)
    __rt_final_exit                          0x08000199   Thumb Code     0  entry11a.o(.ARM.Collect$$$$0000000F)
    SVC_Handler                              0x0800019d   Thumb Code    28  port.o(.emb_text)
    __asm___6_port_c_39a90d8d__prvStartFirstTask 0x080001bd   Thumb Code    28  port.o(.emb_text)
    __asm___6_port_c_39a90d8d__prvEnableVFP  0x080001dd   Thumb Code    16  port.o(.emb_text)
    PendSV_Handler                           0x080001f1   Thumb Code    92  port.o(.emb_text)
    vPortGetIPSR                             0x08000251   Thumb Code     6  port.o(.emb_text)
    Reset_Handler                            0x08000259   Thumb Code     8  startup_stm32f407xx.o(.text)
    ADC_IRQHandler                           0x08000273   Thumb Code     0  startup_stm32f407xx.o(.text)
    CAN1_RX0_IRQHandler                      0x08000273   Thumb Code     0  startup_stm32f407xx.o(.text)
    CAN1_RX1_IRQHandler                      0x08000273   Thumb Code     0  startup_stm32f407xx.o(.text)
    CAN1_SCE_IRQHandler                      0x08000273   Thumb Code     0  startup_stm32f407xx.o(.text)
    CAN1_TX_IRQHandler                       0x08000273   Thumb Code     0  startup_stm32f407xx.o(.text)
    CAN2_RX0_IRQHandler                      0x08000273   Thumb Code     0  startup_stm32f407xx.o(.text)
    CAN2_RX1_IRQHandler                      0x08000273   Thumb Code     0  startup_stm32f407xx.o(.text)
    CAN2_SCE_IRQHandler                      0x08000273   Thumb Code     0  startup_stm32f407xx.o(.text)
    CAN2_TX_IRQHandler                       0x08000273   Thumb Code     0  startup_stm32f407xx.o(.text)
    DCMI_IRQHandler                          0x08000273   Thumb Code     0  startup_stm32f407xx.o(.text)
    DMA1_Stream1_IRQHandler                  0x08000273   Thumb Code     0  startup_stm32f407xx.o(.text)
    DMA1_Stream2_IRQHandler                  0x08000273   Thumb Code     0  startup_stm32f407xx.o(.text)
    DMA1_Stream3_IRQHandler                  0x08000273   Thumb Code     0  startup_stm32f407xx.o(.text)
    DMA1_Stream4_IRQHandler                  0x08000273   Thumb Code     0  startup_stm32f407xx.o(.text)
    DMA1_Stream5_IRQHandler                  0x08000273   Thumb Code     0  startup_stm32f407xx.o(.text)
    DMA1_Stream6_IRQHandler                  0x08000273   Thumb Code     0  startup_stm32f407xx.o(.text)
    DMA1_Stream7_IRQHandler                  0x08000273   Thumb Code     0  startup_stm32f407xx.o(.text)
    DMA2_Stream0_IRQHandler                  0x08000273   Thumb Code     0  startup_stm32f407xx.o(.text)
    DMA2_Stream1_IRQHandler                  0x08000273   Thumb Code     0  startup_stm32f407xx.o(.text)
    DMA2_Stream2_IRQHandler                  0x08000273   Thumb Code     0  startup_stm32f407xx.o(.text)
    DMA2_Stream3_IRQHandler                  0x08000273   Thumb Code     0  startup_stm32f407xx.o(.text)
    DMA2_Stream4_IRQHandler                  0x08000273   Thumb Code     0  startup_stm32f407xx.o(.text)
    DMA2_Stream5_IRQHandler                  0x08000273   Thumb Code     0  startup_stm32f407xx.o(.text)
    DMA2_Stream6_IRQHandler                  0x08000273   Thumb Code     0  startup_stm32f407xx.o(.text)
    DMA2_Stream7_IRQHandler                  0x08000273   Thumb Code     0  startup_stm32f407xx.o(.text)
    ETH_IRQHandler                           0x08000273   Thumb Code     0  startup_stm32f407xx.o(.text)
    ETH_WKUP_IRQHandler                      0x08000273   Thumb Code     0  startup_stm32f407xx.o(.text)
    EXTI15_10_IRQHandler                     0x08000273   Thumb Code     0  startup_stm32f407xx.o(.text)
    EXTI4_IRQHandler                         0x08000273   Thumb Code     0  startup_stm32f407xx.o(.text)
    EXTI9_5_IRQHandler                       0x08000273   Thumb Code     0  startup_stm32f407xx.o(.text)
    FLASH_IRQHandler                         0x08000273   Thumb Code     0  startup_stm32f407xx.o(.text)
    FMC_IRQHandler                           0x08000273   Thumb Code     0  startup_stm32f407xx.o(.text)
    FPU_IRQHandler                           0x08000273   Thumb Code     0  startup_stm32f407xx.o(.text)
    HASH_RNG_IRQHandler                      0x08000273   Thumb Code     0  startup_stm32f407xx.o(.text)
    I2C1_ER_IRQHandler                       0x08000273   Thumb Code     0  startup_stm32f407xx.o(.text)
    I2C2_ER_IRQHandler                       0x08000273   Thumb Code     0  startup_stm32f407xx.o(.text)
    I2C2_EV_IRQHandler                       0x08000273   Thumb Code     0  startup_stm32f407xx.o(.text)
    I2C3_ER_IRQHandler                       0x08000273   Thumb Code     0  startup_stm32f407xx.o(.text)
    I2C3_EV_IRQHandler                       0x08000273   Thumb Code     0  startup_stm32f407xx.o(.text)
    OTG_FS_IRQHandler                        0x08000273   Thumb Code     0  startup_stm32f407xx.o(.text)
    OTG_FS_WKUP_IRQHandler                   0x08000273   Thumb Code     0  startup_stm32f407xx.o(.text)
    OTG_HS_EP1_IN_IRQHandler                 0x08000273   Thumb Code     0  startup_stm32f407xx.o(.text)
    OTG_HS_EP1_OUT_IRQHandler                0x08000273   Thumb Code     0  startup_stm32f407xx.o(.text)
    OTG_HS_IRQHandler                        0x08000273   Thumb Code     0  startup_stm32f407xx.o(.text)
    OTG_HS_WKUP_IRQHandler                   0x08000273   Thumb Code     0  startup_stm32f407xx.o(.text)
    PVD_IRQHandler                           0x08000273   Thumb Code     0  startup_stm32f407xx.o(.text)
    RCC_IRQHandler                           0x08000273   Thumb Code     0  startup_stm32f407xx.o(.text)
    RTC_Alarm_IRQHandler                     0x08000273   Thumb Code     0  startup_stm32f407xx.o(.text)
    RTC_WKUP_IRQHandler                      0x08000273   Thumb Code     0  startup_stm32f407xx.o(.text)
    SPI1_IRQHandler                          0x08000273   Thumb Code     0  startup_stm32f407xx.o(.text)
    SPI2_IRQHandler                          0x08000273   Thumb Code     0  startup_stm32f407xx.o(.text)
    SPI3_IRQHandler                          0x08000273   Thumb Code     0  startup_stm32f407xx.o(.text)
    TAMP_STAMP_IRQHandler                    0x08000273   Thumb Code     0  startup_stm32f407xx.o(.text)
    TIM1_BRK_TIM9_IRQHandler                 0x08000273   Thumb Code     0  startup_stm32f407xx.o(.text)
    TIM1_CC_IRQHandler                       0x08000273   Thumb Code     0  startup_stm32f407xx.o(.text)
    TIM1_TRG_COM_TIM11_IRQHandler            0x08000273   Thumb Code     0  startup_stm32f407xx.o(.text)
    TIM1_UP_TIM10_IRQHandler                 0x08000273   Thumb Code     0  startup_stm32f407xx.o(.text)
    TIM2_IRQHandler                          0x08000273   Thumb Code     0  startup_stm32f407xx.o(.text)
    TIM3_IRQHandler                          0x08000273   Thumb Code     0  startup_stm32f407xx.o(.text)
    TIM5_IRQHandler                          0x08000273   Thumb Code     0  startup_stm32f407xx.o(.text)
    TIM6_DAC_IRQHandler                      0x08000273   Thumb Code     0  startup_stm32f407xx.o(.text)
    TIM7_IRQHandler                          0x08000273   Thumb Code     0  startup_stm32f407xx.o(.text)
    TIM8_BRK_TIM12_IRQHandler                0x08000273   Thumb Code     0  startup_stm32f407xx.o(.text)
    TIM8_CC_IRQHandler                       0x08000273   Thumb Code     0  startup_stm32f407xx.o(.text)
    TIM8_TRG_COM_TIM14_IRQHandler            0x08000273   Thumb Code     0  startup_stm32f407xx.o(.text)
    TIM8_UP_TIM13_IRQHandler                 0x08000273   Thumb Code     0  startup_stm32f407xx.o(.text)
    UART5_IRQHandler                         0x08000273   Thumb Code     0  startup_stm32f407xx.o(.text)
    USART6_IRQHandler                        0x08000273   Thumb Code     0  startup_stm32f407xx.o(.text)
    WWDG_IRQHandler                          0x08000273   Thumb Code     0  startup_stm32f407xx.o(.text)
    __aeabi_memcpy                           0x0800027d   Thumb Code    36  memcpya.o(.text)
    __aeabi_memcpy4                          0x0800027d   Thumb Code     0  memcpya.o(.text)
    __aeabi_memcpy8                          0x0800027d   Thumb Code     0  memcpya.o(.text)
    strstr                                   0x080002a1   Thumb Code    36  strstr.o(.text)
    strcmp                                   0x080002c5   Thumb Code    28  strcmp.o(.text)
    strcpy                                   0x080002e1   Thumb Code    18  strcpy.o(.text)
    __aeabi_uidiv                            0x080002f3   Thumb Code     0  uidiv.o(.text)
    __aeabi_uidivmod                         0x080002f3   Thumb Code    44  uidiv.o(.text)
    __scatterload                            0x08000321   Thumb Code    28  init.o(.text)
    __scatterload_rt2                        0x08000321   Thumb Code     0  init.o(.text)
    BSP_SD_GetCardInfo                       0x08000345   Thumb Code     8  bsp_driver_sd.o(i.BSP_SD_GetCardInfo)
    BSP_SD_GetCardState                      0x08000351   Thumb Code    20  bsp_driver_sd.o(i.BSP_SD_GetCardState)
    BSP_SD_Init                              0x08000369   Thumb Code    30  bsp_driver_sd.o(i.BSP_SD_Init)
    BSP_SD_ReadBlocks                        0x0800038d   Thumb Code    26  bsp_driver_sd.o(i.BSP_SD_ReadBlocks)
    BSP_SD_WriteBlocks                       0x080003ad   Thumb Code    26  bsp_driver_sd.o(i.BSP_SD_WriteBlocks)
    BusFault_Handler                         0x080003cd   Thumb Code     2  stm32f4xx_it.o(i.BusFault_Handler)
    DMA1_Stream0_IRQHandler                  0x080003d1   Thumb Code     6  stm32f4xx_it.o(i.DMA1_Stream0_IRQHandler)
    DebugMon_Handler                         0x08000481   Thumb Code     2  stm32f4xx_it.o(i.DebugMon_Handler)
    EXTI0_IRQHandler                         0x08000483   Thumb Code     6  stm32f4xx_it.o(i.EXTI0_IRQHandler)
    EXTI1_IRQHandler                         0x08000489   Thumb Code     6  stm32f4xx_it.o(i.EXTI1_IRQHandler)
    EXTI2_IRQHandler                         0x0800048f   Thumb Code     6  stm32f4xx_it.o(i.EXTI2_IRQHandler)
    EXTI3_IRQHandler                         0x08000495   Thumb Code     6  stm32f4xx_it.o(i.EXTI3_IRQHandler)
    FATFS_LinkDriver                         0x0800049b   Thumb Code     6  ff_gen_drv.o(i.FATFS_LinkDriver)
    FATFS_LinkDriverEx                       0x080004a1   Thumb Code    60  ff_gen_drv.o(i.FATFS_LinkDriverEx)
    HAL_DMA_Abort_IT                         0x080004e1   Thumb Code    36  stm32f4xx_hal_dma.o(i.HAL_DMA_Abort_IT)
    HAL_DMA_GetError                         0x08000505   Thumb Code     4  stm32f4xx_hal_dma.o(i.HAL_DMA_GetError)
    HAL_DMA_IRQHandler                       0x08000509   Thumb Code   414  stm32f4xx_hal_dma.o(i.HAL_DMA_IRQHandler)
    HAL_DMA_Init                             0x080006b1   Thumb Code   206  stm32f4xx_hal_dma.o(i.HAL_DMA_Init)
    HAL_DMA_Start_IT                         0x08000785   Thumb Code   120  stm32f4xx_hal_dma.o(i.HAL_DMA_Start_IT)
    HAL_Delay                                0x080007fd   Thumb Code    28  stm32f4xx_hal.o(i.HAL_Delay)
    HAL_GPIO_EXTI_Callback                   0x08000819   Thumb Code    74  main.o(i.HAL_GPIO_EXTI_Callback)
    HAL_GPIO_EXTI_IRQHandler                 0x08000869   Thumb Code    18  stm32f4xx_hal_gpio.o(i.HAL_GPIO_EXTI_IRQHandler)
    HAL_GPIO_Init                            0x08000881   Thumb Code   388  stm32f4xx_hal_gpio.o(i.HAL_GPIO_Init)
    HAL_GPIO_WritePin                        0x08000a31   Thumb Code    10  stm32f4xx_hal_gpio.o(i.HAL_GPIO_WritePin)
    HAL_GetTick                              0x08000a3d   Thumb Code     6  stm32f4xx_hal.o(i.HAL_GetTick)
    HAL_I2C_AbortCpltCallback                0x08000a49   Thumb Code     2  stm32f4xx_hal_i2c.o(i.HAL_I2C_AbortCpltCallback)
    HAL_I2C_AddrCallback                     0x08000a4b   Thumb Code     2  stm32f4xx_hal_i2c.o(i.HAL_I2C_AddrCallback)
    HAL_I2C_EV_IRQHandler                    0x08000a4d   Thumb Code   486  stm32f4xx_hal_i2c.o(i.HAL_I2C_EV_IRQHandler)
    HAL_I2C_ErrorCallback                    0x08000c3d   Thumb Code     2  stm32f4xx_hal_i2c.o(i.HAL_I2C_ErrorCallback)
    HAL_I2C_Init                             0x08000c41   Thumb Code   254  stm32f4xx_hal_i2c.o(i.HAL_I2C_Init)
    HAL_I2C_ListenCpltCallback               0x08000d49   Thumb Code     2  stm32f4xx_hal_i2c.o(i.HAL_I2C_ListenCpltCallback)
    HAL_I2C_MasterRxCpltCallback             0x08000d4b   Thumb Code     2  stm32f4xx_hal_i2c.o(i.HAL_I2C_MasterRxCpltCallback)
    HAL_I2C_MasterTxCpltCallback             0x08000d4d   Thumb Code     2  stm32f4xx_hal_i2c.o(i.HAL_I2C_MasterTxCpltCallback)
    HAL_I2C_MemRxCpltCallback                0x08000d51   Thumb Code   144  main.o(i.HAL_I2C_MemRxCpltCallback)
    HAL_I2C_MemTxCpltCallback                0x08000de9   Thumb Code     2  stm32f4xx_hal_i2c.o(i.HAL_I2C_MemTxCpltCallback)
    HAL_I2C_Mem_Read_DMA                     0x08000ded   Thumb Code   360  stm32f4xx_hal_i2c.o(i.HAL_I2C_Mem_Read_DMA)
    HAL_I2C_MspInit                          0x08000f65   Thumb Code   134  stm32f4xx_hal_msp.o(i.HAL_I2C_MspInit)
    HAL_I2C_SlaveRxCpltCallback              0x0800101d   Thumb Code     2  stm32f4xx_hal_i2c.o(i.HAL_I2C_SlaveRxCpltCallback)
    HAL_I2C_SlaveTxCpltCallback              0x0800101f   Thumb Code     2  stm32f4xx_hal_i2c.o(i.HAL_I2C_SlaveTxCpltCallback)
    HAL_IncTick                              0x08001021   Thumb Code    10  stm32f4xx_hal.o(i.HAL_IncTick)
    HAL_Init                                 0x08001031   Thumb Code    48  stm32f4xx_hal.o(i.HAL_Init)
    HAL_InitTick                             0x08001065   Thumb Code   100  stm32f4xx_hal_timebase_tim.o(i.HAL_InitTick)
    HAL_MspInit                              0x080010d9   Thumb Code    88  stm32f4xx_hal_msp.o(i.HAL_MspInit)
    HAL_NVIC_EnableIRQ                       0x08001131   Thumb Code    22  stm32f4xx_hal_cortex.o(i.HAL_NVIC_EnableIRQ)
    HAL_NVIC_SetPriority                     0x08001149   Thumb Code    60  stm32f4xx_hal_cortex.o(i.HAL_NVIC_SetPriority)
    HAL_NVIC_SetPriorityGrouping             0x08001189   Thumb Code    26  stm32f4xx_hal_cortex.o(i.HAL_NVIC_SetPriorityGrouping)
    HAL_RCC_ClockConfig                      0x080011ad   Thumb Code   364  stm32f4xx_hal_rcc.o(i.HAL_RCC_ClockConfig)
    HAL_RCC_GetClockConfig                   0x08001329   Thumb Code    54  stm32f4xx_hal_rcc.o(i.HAL_RCC_GetClockConfig)
    HAL_RCC_GetHCLKFreq                      0x08001369   Thumb Code     6  stm32f4xx_hal_rcc.o(i.HAL_RCC_GetHCLKFreq)
    HAL_RCC_GetPCLK1Freq                     0x08001375   Thumb Code    34  stm32f4xx_hal_rcc.o(i.HAL_RCC_GetPCLK1Freq)
    HAL_RCC_GetPCLK2Freq                     0x080013a5   Thumb Code    34  stm32f4xx_hal_rcc.o(i.HAL_RCC_GetPCLK2Freq)
    HAL_RCC_GetSysClockFreq                  0x080013d5   Thumb Code   104  stm32f4xx_hal_rcc.o(i.HAL_RCC_GetSysClockFreq)
    HAL_RCC_OscConfig                        0x08001445   Thumb Code   770  stm32f4xx_hal_rcc.o(i.HAL_RCC_OscConfig)
    HAL_SD_AbortCallback                     0x08001759   Thumb Code     2  stm32f4xx_hal_sd.o(i.HAL_SD_AbortCallback)
    HAL_SD_ErrorCallback                     0x0800175b   Thumb Code     2  stm32f4xx_hal_sd.o(i.HAL_SD_ErrorCallback)
    HAL_SD_GetCardCSD                        0x0800175d   Thumb Code   474  stm32f4xx_hal_sd.o(i.HAL_SD_GetCardCSD)
    HAL_SD_GetCardInfo                       0x08001937   Thumb Code    36  stm32f4xx_hal_sd.o(i.HAL_SD_GetCardInfo)
    HAL_SD_GetCardState                      0x0800195b   Thumb Code    44  stm32f4xx_hal_sd.o(i.HAL_SD_GetCardState)
    HAL_SD_IRQHandler                        0x08001989   Thumb Code   438  stm32f4xx_hal_sd.o(i.HAL_SD_IRQHandler)
    HAL_SD_Init                              0x08001b49   Thumb Code    54  stm32f4xx_hal_sd.o(i.HAL_SD_Init)
    HAL_SD_InitCard                          0x08001b81   Thumb Code    80  stm32f4xx_hal_sd.o(i.HAL_SD_InitCard)
    HAL_SD_MspInit                           0x08001bd5   Thumb Code   100  stm32f4xx_hal_msp.o(i.HAL_SD_MspInit)
    HAL_SD_ReadBlocks                        0x08001c49   Thumb Code   434  stm32f4xx_hal_sd.o(i.HAL_SD_ReadBlocks)
    HAL_SD_RxCpltCallback                    0x08001dfb   Thumb Code     2  stm32f4xx_hal_sd.o(i.HAL_SD_RxCpltCallback)
    HAL_SD_TxCpltCallback                    0x08001dfd   Thumb Code     2  stm32f4xx_hal_sd.o(i.HAL_SD_TxCpltCallback)
    HAL_SD_WriteBlocks                       0x08001e01   Thumb Code   410  stm32f4xx_hal_sd.o(i.HAL_SD_WriteBlocks)
    HAL_SYSTICK_CLKSourceConfig              0x08001f9b   Thumb Code    24  stm32f4xx_hal_cortex.o(i.HAL_SYSTICK_CLKSourceConfig)
    HAL_SYSTICK_Config                       0x08001fb3   Thumb Code    40  stm32f4xx_hal_cortex.o(i.HAL_SYSTICK_Config)
    HAL_TIMEx_BreakCallback                  0x08001fdb   Thumb Code     2  stm32f4xx_hal_tim_ex.o(i.HAL_TIMEx_BreakCallback)
    HAL_TIMEx_CommutationCallback            0x08001fdd   Thumb Code     2  stm32f4xx_hal_tim_ex.o(i.HAL_TIMEx_CommutationCallback)
    HAL_TIM_Base_Init                        0x08001fdf   Thumb Code    54  stm32f4xx_hal_tim.o(i.HAL_TIM_Base_Init)
    HAL_TIM_Base_MspInit                     0x08002015   Thumb Code     2  stm32f4xx_hal_tim.o(i.HAL_TIM_Base_MspInit)
    HAL_TIM_Base_Start_IT                    0x08002017   Thumb Code    24  stm32f4xx_hal_tim.o(i.HAL_TIM_Base_Start_IT)
    HAL_TIM_IC_CaptureCallback               0x0800202f   Thumb Code     2  stm32f4xx_hal_tim.o(i.HAL_TIM_IC_CaptureCallback)
    HAL_TIM_IRQHandler                       0x08002031   Thumb Code   358  stm32f4xx_hal_tim.o(i.HAL_TIM_IRQHandler)
    HAL_TIM_OC_DelayElapsedCallback          0x08002197   Thumb Code     2  stm32f4xx_hal_tim.o(i.HAL_TIM_OC_DelayElapsedCallback)
    HAL_TIM_PWM_PulseFinishedCallback        0x08002199   Thumb Code     2  stm32f4xx_hal_tim.o(i.HAL_TIM_PWM_PulseFinishedCallback)
    HAL_TIM_PeriodElapsedCallback            0x0800219d   Thumb Code    14  main.o(i.HAL_TIM_PeriodElapsedCallback)
    HAL_TIM_TriggerCallback                  0x080021b1   Thumb Code     2  stm32f4xx_hal_tim.o(i.HAL_TIM_TriggerCallback)
    HAL_UART_ErrorCallback                   0x080021b3   Thumb Code     2  stm32f4xx_hal_uart.o(i.HAL_UART_ErrorCallback)
    HAL_UART_IRQHandler                      0x080021b5   Thumb Code   266  stm32f4xx_hal_uart.o(i.HAL_UART_IRQHandler)
    HAL_UART_Init                            0x080022c5   Thumb Code    98  stm32f4xx_hal_uart.o(i.HAL_UART_Init)
    HAL_UART_MspInit                         0x08002329   Thumb Code   244  stm32f4xx_hal_msp.o(i.HAL_UART_MspInit)
    HAL_UART_Receive_IT                      0x0800243d   Thumb Code    72  stm32f4xx_hal_uart.o(i.HAL_UART_Receive_IT)
    HAL_UART_RxCpltCallback                  0x08002485   Thumb Code   300  main.o(i.HAL_UART_RxCpltCallback)
    HAL_UART_Transmit_IT                     0x080025bd   Thumb Code    62  stm32f4xx_hal_uart.o(i.HAL_UART_Transmit_IT)
    HAL_UART_TxCpltCallback                  0x080025fb   Thumb Code     2  stm32f4xx_hal_uart.o(i.HAL_UART_TxCpltCallback)
    HardFault_Handler                        0x080025fd   Thumb Code     2  stm32f4xx_it.o(i.HardFault_Handler)
    I2C1_EV_IRQHandler                       0x08002601   Thumb Code     6  stm32f4xx_it.o(i.I2C1_EV_IRQHandler)
    Initsim900A                              0x08002fad   Thumb Code    90  main.o(i.Initsim900A)
    MX_FATFS_Init                            0x08003049   Thumb Code    18  fatfs.o(i.MX_FATFS_Init)
    MemManage_Handler                        0x080031dd   Thumb Code     2  stm32f4xx_it.o(i.MemManage_Handler)
    NMI_Handler                              0x080031df   Thumb Code     2  stm32f4xx_it.o(i.NMI_Handler)
    SDIO_ConfigData                          0x08003201   Thumb Code    36  stm32f4xx_ll_sdmmc.o(i.SDIO_ConfigData)
    SDIO_GetPowerState                       0x08003225   Thumb Code     8  stm32f4xx_ll_sdmmc.o(i.SDIO_GetPowerState)
    SDIO_GetResponse                         0x0800322d   Thumb Code    12  stm32f4xx_ll_sdmmc.o(i.SDIO_GetResponse)
    SDIO_IRQHandler                          0x08003239   Thumb Code     6  stm32f4xx_it.o(i.SDIO_IRQHandler)
    SDIO_Init                                0x08003245   Thumb Code    36  stm32f4xx_ll_sdmmc.o(i.SDIO_Init)
    SDIO_PowerState_ON                       0x08003269   Thumb Code     8  stm32f4xx_ll_sdmmc.o(i.SDIO_PowerState_ON)
    SDIO_ReadFIFO                            0x08003271   Thumb Code     6  stm32f4xx_ll_sdmmc.o(i.SDIO_ReadFIFO)
    SDIO_SendCommand                         0x08003277   Thumb Code    32  stm32f4xx_ll_sdmmc.o(i.SDIO_SendCommand)
    SDIO_WriteFIFO                           0x08003297   Thumb Code    10  stm32f4xx_ll_sdmmc.o(i.SDIO_WriteFIFO)
    SDMMC_CmdAppCommand                      0x080032a1   Thumb Code    50  stm32f4xx_ll_sdmmc.o(i.SDMMC_CmdAppCommand)
    SDMMC_CmdAppOperCommand                  0x080032d5   Thumb Code    48  stm32f4xx_ll_sdmmc.o(i.SDMMC_CmdAppOperCommand)
    SDMMC_CmdBlockLength                     0x08003309   Thumb Code    50  stm32f4xx_ll_sdmmc.o(i.SDMMC_CmdBlockLength)
    SDMMC_CmdGoIdleState                     0x0800333d   Thumb Code    76  stm32f4xx_ll_sdmmc.o(i.SDMMC_CmdGoIdleState)
    SDMMC_CmdOperCond                        0x0800338d   Thumb Code    98  stm32f4xx_ll_sdmmc.o(i.SDMMC_CmdOperCond)
    SDMMC_CmdReadMultiBlock                  0x080033f5   Thumb Code    50  stm32f4xx_ll_sdmmc.o(i.SDMMC_CmdReadMultiBlock)
    SDMMC_CmdReadSingleBlock                 0x08003427   Thumb Code    50  stm32f4xx_ll_sdmmc.o(i.SDMMC_CmdReadSingleBlock)
    SDMMC_CmdSelDesel                        0x08003459   Thumb Code    50  stm32f4xx_ll_sdmmc.o(i.SDMMC_CmdSelDesel)
    SDMMC_CmdSendCID                         0x0800348b   Thumb Code    44  stm32f4xx_ll_sdmmc.o(i.SDMMC_CmdSendCID)
    SDMMC_CmdSendCSD                         0x080034b7   Thumb Code    44  stm32f4xx_ll_sdmmc.o(i.SDMMC_CmdSendCSD)
    SDMMC_CmdSendStatus                      0x080034e3   Thumb Code    50  stm32f4xx_ll_sdmmc.o(i.SDMMC_CmdSendStatus)
    SDMMC_CmdSetRelAdd                       0x08003515   Thumb Code    48  stm32f4xx_ll_sdmmc.o(i.SDMMC_CmdSetRelAdd)
    SDMMC_CmdStopTransfer                    0x08003545   Thumb Code    46  stm32f4xx_ll_sdmmc.o(i.SDMMC_CmdStopTransfer)
    SDMMC_CmdWriteMultiBlock                 0x08003579   Thumb Code    50  stm32f4xx_ll_sdmmc.o(i.SDMMC_CmdWriteMultiBlock)
    SDMMC_CmdWriteSingleBlock                0x080035ab   Thumb Code    50  stm32f4xx_ll_sdmmc.o(i.SDMMC_CmdWriteSingleBlock)
    SD_initialize                            0x08003a25   Thumb Code    26  sd_diskio.o(i.SD_initialize)
    SD_ioctl                                 0x08003a45   Thumb Code    74  sd_diskio.o(i.SD_ioctl)
    SD_read                                  0x08003a95   Thumb Code    52  sd_diskio.o(i.SD_read)
    SD_status                                0x08003ad1   Thumb Code    26  sd_diskio.o(i.SD_status)
    SD_write                                 0x08003af1   Thumb Code    52  sd_diskio.o(i.SD_write)
    StartDefaultTask                         0x08003b2d   Thumb Code    24  main.o(i.StartDefaultTask)
    StartTask02                              0x08003b49   Thumb Code    18  main.o(i.StartTask02)
    StartTask03                              0x08003b61   Thumb Code    18  main.o(i.StartTask03)
    StartTask04                              0x08003b79   Thumb Code    32  main.o(i.StartTask04)
    StartTask05                              0x08003ba1   Thumb Code     6  main.o(i.StartTask05)
    SysTick_Handler                          0x08003ba7   Thumb Code     4  stm32f4xx_it.o(i.SysTick_Handler)
    SystemClock_Config                       0x08003bad   Thumb Code   148  main.o(i.SystemClock_Config)
    SystemInit                               0x08003c49   Thumb Code    66  system_stm32f4xx.o(i.SystemInit)
    TIM4_IRQHandler                          0x08003c9d   Thumb Code     6  stm32f4xx_it.o(i.TIM4_IRQHandler)
    TIM_Base_SetConfig                       0x08003ca9   Thumb Code   148  stm32f4xx_hal_tim.o(i.TIM_Base_SetConfig)
    UART4_IRQHandler                         0x08003d69   Thumb Code     6  stm32f4xx_it.o(i.UART4_IRQHandler)
    USART1_IRQHandler                        0x0800413d   Thumb Code     6  stm32f4xx_it.o(i.USART1_IRQHandler)
    USART2_IRQHandler                        0x08004149   Thumb Code     6  stm32f4xx_it.o(i.USART2_IRQHandler)
    USART3_IRQHandler                        0x08004155   Thumb Code     6  stm32f4xx_it.o(i.USART3_IRQHandler)
    UsageFault_Handler                       0x08004161   Thumb Code     2  stm32f4xx_it.o(i.UsageFault_Handler)
    _Error_Handler                           0x08004163   Thumb Code     2  main.o(i._Error_Handler)
    __0sprintf$1                             0x08004165   Thumb Code    34  printf1.o(i.__0sprintf$1)
    __1sprintf$1                             0x08004165   Thumb Code     0  printf1.o(i.__0sprintf$1)
    __2sprintf                               0x08004165   Thumb Code     0  printf1.o(i.__0sprintf$1)
    __scatterload_copy                       0x0800418d   Thumb Code    14  handlers.o(i.__scatterload_copy)
    __scatterload_null                       0x0800419b   Thumb Code     2  handlers.o(i.__scatterload_null)
    __scatterload_zeroinit                   0x0800419d   Thumb Code    14  handlers.o(i.__scatterload_zeroinit)
    answerSystem                             0x0800430d   Thumb Code   182  main.o(i.answerSystem)
    checkLCD                                 0x080043cd   Thumb Code    82  main.o(i.checkLCD)
    checkSetTime                             0x08004425   Thumb Code   282  main.o(i.checkSetTime)
    checkTimeToReadSensor                    0x0800454d   Thumb Code    72  main.o(i.checkTimeToReadSensor)
    controlDevice                            0x080045b5   Thumb Code    48  main.o(i.controlDevice)
    convertNumToStringLSB                    0x080045e9   Thumb Code    14  main.o(i.convertNumToStringLSB)
    convertNumToStringMSB                    0x080045f7   Thumb Code    12  main.o(i.convertNumToStringMSB)
    convertStringToNum                       0x08004603   Thumb Code    16  main.o(i.convertStringToNum)
    deleteSMS                                0x08004615   Thumb Code    24  main.o(i.deleteSMS)
    lcd_HomePage                             0x08004649   Thumb Code   336  lcddisplay.o(i.lcd_HomePage)
    lcd_Intro                                0x08004821   Thumb Code    50  lcddisplay.o(i.lcd_Intro)
    lcd_Mode_1_page                          0x080048ad   Thumb Code    46  lcddisplay.o(i.lcd_Mode_1_page)
    lcd_Mode_2_page                          0x080048f9   Thumb Code    46  lcddisplay.o(i.lcd_Mode_2_page)
    lcd_Mode_3_page                          0x08004945   Thumb Code    46  lcddisplay.o(i.lcd_Mode_3_page)
    lcd_clear                                0x08004991   Thumb Code     8  lcd_txt.o(i.lcd_clear)
    lcd_init                                 0x08004999   Thumb Code   116  lcd_txt.o(i.lcd_init)
    lcd_puts                                 0x08004a11   Thumb Code    62  lcd_txt.o(i.lcd_puts)
    lcd_write                                0x08004a51   Thumb Code   218  lcd_txt.o(i.lcd_write)
    main                                     0x08004b31   Thumb Code   446  main.o(i.main)
    osKernelStart                            0x08004d31   Thumb Code    10  cmsis_os.o(i.osKernelStart)
    osSystickHandler                         0x08004d3b   Thumb Code    20  cmsis_os.o(i.osSystickHandler)
    osThreadCreate                           0x08004d4f   Thumb Code    46  cmsis_os.o(i.osThreadCreate)
    processDataFromInternet                  0x08004d7d   Thumb Code   180  main.o(i.processDataFromInternet)
    processDataFromSim                       0x08004e39   Thumb Code    90  main.o(i.processDataFromSim)
    processDetailSms                         0x08004eb1   Thumb Code    92  main.o(i.processDetailSms)
    pvPortMalloc                             0x08005259   Thumb Code   210  heap_4.o(i.pvPortMalloc)
    pxPortInitialiseStack                    0x08005331   Thumb Code    40  port.o(i.pxPortInitialiseStack)
    sendDataFromSensorToInternet             0x0800535d   Thumb Code    22  main.o(i.sendDataFromSensorToInternet)
    sendMessage                              0x0800537d   Thumb Code    66  main.o(i.sendMessage)
    sendRS485toSystem                        0x080053dd   Thumb Code    82  main.o(i.sendRS485toSystem)
    setIDforButton                           0x0800543d   Thumb Code   120  main.o(i.setIDforButton)
    setIDforDevice                           0x080054bd   Thumb Code   100  main.o(i.setIDforDevice)
    updateDevicesState                       0x08005529   Thumb Code    20  main.o(i.updateDevicesState)
    updateStateToInternet                    0x08005545   Thumb Code    46  main.o(i.updateStateToInternet)
    uxListRemove                             0x0800557d   Thumb Code    36  list.o(i.uxListRemove)
    vListInitialise                          0x080055a1   Thumb Code    22  list.o(i.vListInitialise)
    vListInitialiseItem                      0x080055b7   Thumb Code     6  list.o(i.vListInitialiseItem)
    vListInsertEnd                           0x080055bd   Thumb Code    24  list.o(i.vListInsertEnd)
    vPortEnterCritical                       0x080055d5   Thumb Code    54  port.o(i.vPortEnterCritical)
    vPortExitCritical                        0x08005615   Thumb Code    34  port.o(i.vPortExitCritical)
    vPortFree                                0x0800563d   Thumb Code    88  heap_4.o(i.vPortFree)
    vPortSetupTimerInterrupt                 0x08005699   Thumb Code    26  port.o(i.vPortSetupTimerInterrupt)
    vTaskStartScheduler                      0x080056b9   Thumb Code    86  tasks.o(i.vTaskStartScheduler)
    vTaskSuspendAll                          0x08005721   Thumb Code    10  tasks.o(i.vTaskSuspendAll)
    vTaskSwitchContext                       0x08005731   Thumb Code    82  tasks.o(i.vTaskSwitchContext)
    xPortStartScheduler                      0x0800578d   Thumb Code   202  port.o(i.xPortStartScheduler)
    xPortSysTickHandler                      0x0800586d   Thumb Code    38  port.o(i.xPortSysTickHandler)
    xTaskCreate                              0x08005899   Thumb Code    86  tasks.o(i.xTaskCreate)
    xTaskGetSchedulerState                   0x080058f1   Thumb Code    22  tasks.o(i.xTaskGetSchedulerState)
    xTaskIncrementTick                       0x0800590d   Thumb Code   192  tasks.o(i.xTaskIncrementTick)
    xTaskResumeAll                           0x080059d5   Thumb Code   182  tasks.o(i.xTaskResumeAll)
    AHBPrescTable                            0x08005aa0   Data          16  system_stm32f4xx.o(.constdata)
    APBPrescTable                            0x08005ab0   Data           8  system_stm32f4xx.o(.constdata)
    SD_Driver                                0x08005b1c   Data          20  sd_diskio.o(.constdata)
    Region$$Table$$Base                      0x08005b68   Number         0  anon$$obj.o(Region$$Table)
    Region$$Table$$Limit                     0x08005b88   Number         0  anon$$obj.o(Region$$Table)
    uwTick                                   0x20000000   Data           4  stm32f4xx_hal.o(.data)
    pxCurrentTCB                             0x20000004   Data           4  tasks.o(.data)
    SystemCoreClock                          0x20000064   Data           4  system_stm32f4xx.o(.data)
    retSD                                    0x20000068   Data           1  fatfs.o(.data)
    SD_Path                                  0x20000069   Data           4  fatfs.o(.data)
    receive_data2                            0x20000070   Data           1  main.o(.data)
    numberOfButton                           0x20000071   Data           1  main.o(.data)
    numberOfDevice                           0x20000072   Data           1  main.o(.data)
    count1                                   0x20000073   Data           1  main.o(.data)
    flagReceiveAllDataFromSystem             0x20000074   Data           1  main.o(.data)
    temperature                              0x20000075   Data           1  main.o(.data)
    humid                                    0x20000076   Data           1  main.o(.data)
    gasDetection                             0x20000077   Data           1  main.o(.data)
    humanDetection                           0x20000078   Data           1  main.o(.data)
    count2                                   0x20000079   Data           1  main.o(.data)
    flagReceiveAllDataFromInternet           0x2000007a   Data           1  main.o(.data)
    count3                                   0x2000007b   Data           1  main.o(.data)
    flagReceiveAllDataFromSim800             0x2000007c   Data           1  main.o(.data)
    flagSms                                  0x2000007d   Data           1  main.o(.data)
    countDetail                              0x2000007e   Data           1  main.o(.data)
    lcd_mode                                 0x2000007f   Data           1  main.o(.data)
    old_lcd_mode                             0x20000080   Data           1  main.o(.data)
    second                                   0x20000083   Data           1  main.o(.data)
    minute                                   0x20000084   Data           1  main.o(.data)
    hour                                     0x20000085   Data           1  main.o(.data)
    day                                      0x20000086   Data           1  main.o(.data)
    date                                     0x20000087   Data           1  main.o(.data)
    month                                    0x20000088   Data           1  main.o(.data)
    year                                     0x20000089   Data           1  main.o(.data)
    oldminute                                0x2000008a   Data           1  main.o(.data)
    tempdataReceiveFromSystem                0x2000008b   Data           1  main.o(.data)
    tempdataReceiveFromInternet              0x2000008c   Data           1  main.o(.data)
    tempdataReceiveFromSim800                0x2000008d   Data           1  main.o(.data)
    TaskAnswerSysHandle                      0x20000090   Data           4  main.o(.data)
    TaskGSMHandle                            0x20000094   Data           4  main.o(.data)
    TaskESPHandle                            0x20000098   Data           4  main.o(.data)
    TaskDS3231_AskHandle                     0x2000009c   Data           4  main.o(.data)
    TaskLCDHandle                            0x200000a0   Data           4  main.o(.data)
    receiveDataFromDS3231                    0x200000a4   Data           7  main.o(.data)
    sendDataToDS3231                         0x200000ab   Data           7  main.o(.data)
    devicesState                             0x200000b2   Data          16  main.o(.data)
    devicesStateUpdateToInternet             0x200000c2   Data          18  main.o(.data)
    dataFromSensorToInternet                 0x200000d4   Data          11  main.o(.data)
    htim4                                    0x20003dd0   Data          60  stm32f4xx_hal_timebase_tim.o(.bss)
    hi2c1                                    0x20003e0c   Data          84  main.o(.bss)
    hsd                                      0x20003e60   Data         132  main.o(.bss)
    huart4                                   0x20003ee4   Data          64  main.o(.bss)
    huart1                                   0x20003f24   Data          64  main.o(.bss)
    huart2                                   0x20003f64   Data          64  main.o(.bss)
    huart3                                   0x20003fa4   Data          64  main.o(.bss)
    setHourOn                                0x20003fe4   Data          11  main.o(.bss)
    setMinOn                                 0x20003fef   Data          11  main.o(.bss)
    setHourOff                               0x20003ffa   Data          11  main.o(.bss)
    setMinOff                                0x20004005   Data          11  main.o(.bss)
    dataReceiveFromSystem                    0x20004010   Data          11  main.o(.bss)
    dataSendtoSystem                         0x2000401b   Data          11  main.o(.bss)
    dataReceiveFromInternet                  0x20004026   Data          18  main.o(.bss)
    dataReceiveFromSim800                    0x20004038   Data         100  main.o(.bss)
    smsDetail                                0x2000409c   Data         100  main.o(.bss)
    hdma_i2c1_rx                             0x20004100   Data          96  main.o(.bss)
    disk                                     0x20004160   Data          12  ff_gen_drv.o(.bss)
    __initial_sp                             0x20004570   Data           0  startup_stm32f407xx.o(STACK)



==============================================================================

Memory Map of the image

  Image Entry point : 0x08000189

  Load Region LR_IROM1 (Base: 0x08000000, Size: 0x00005c68, Max: 0x00100000, ABSOLUTE)

    Execution Region ER_IROM1 (Base: 0x08000000, Size: 0x00005b88, Max: 0x00100000, ABSOLUTE)

    Base Addr    Size         Type   Attr      Idx    E Section Name        Object

    0x08000000   0x00000188   Data   RO         5732    RESET               startup_stm32f407xx.o
    0x08000188   0x00000000   Code   RO         5737  * .ARM.Collect$$$$00000000  mc_w.l(entry.o)
    0x08000188   0x00000004   Code   RO         6011    .ARM.Collect$$$$00000001  mc_w.l(entry2.o)
    0x0800018c   0x00000004   Code   RO         6014    .ARM.Collect$$$$00000004  mc_w.l(entry5.o)
    0x08000190   0x00000000   Code   RO         6016    .ARM.Collect$$$$00000008  mc_w.l(entry7b.o)
    0x08000190   0x00000000   Code   RO         6018    .ARM.Collect$$$$0000000A  mc_w.l(entry8b.o)
    0x08000190   0x00000008   Code   RO         6019    .ARM.Collect$$$$0000000B  mc_w.l(entry9a.o)
    0x08000198   0x00000000   Code   RO         6021    .ARM.Collect$$$$0000000D  mc_w.l(entry10a.o)
    0x08000198   0x00000000   Code   RO         6023    .ARM.Collect$$$$0000000F  mc_w.l(entry11a.o)
    0x08000198   0x00000004   Code   RO         6012    .ARM.Collect$$$$00002712  mc_w.l(entry2.o)
    0x0800019c   0x000000ba   Code   RO         4212    .emb_text           port.o
    0x08000256   0x00000002   PAD
    0x08000258   0x00000024   Code   RO         5733    .text               startup_stm32f407xx.o
    0x0800027c   0x00000024   Code   RO         5740    .text               mc_w.l(memcpya.o)
    0x080002a0   0x00000024   Code   RO         5742    .text               mc_w.l(strstr.o)
    0x080002c4   0x0000001c   Code   RO         5744    .text               mc_w.l(strcmp.o)
    0x080002e0   0x00000012   Code   RO         5746    .text               mc_w.l(strcpy.o)
    0x080002f2   0x0000002c   Code   RO         6028    .text               mc_w.l(uidiv.o)
    0x0800031e   0x00000002   PAD
    0x08000320   0x00000024   Code   RO         6043    .text               mc_w.l(init.o)
    0x08000344   0x0000000c   Code   RO         4706    i.BSP_SD_GetCardInfo  bsp_driver_sd.o
    0x08000350   0x00000018   Code   RO         4707    i.BSP_SD_GetCardState  bsp_driver_sd.o
    0x08000368   0x00000024   Code   RO         4710    i.BSP_SD_Init       bsp_driver_sd.o
    0x0800038c   0x00000020   Code   RO         4712    i.BSP_SD_ReadBlocks  bsp_driver_sd.o
    0x080003ac   0x00000020   Code   RO         4714    i.BSP_SD_WriteBlocks  bsp_driver_sd.o
    0x080003cc   0x00000002   Code   RO         4565    i.BusFault_Handler  stm32f4xx_it.o
    0x080003ce   0x00000002   PAD
    0x080003d0   0x0000000c   Code   RO         4566    i.DMA1_Stream0_IRQHandler  stm32f4xx_it.o
    0x080003dc   0x00000028   Code   RO         1398    i.DMA_CalcBaseAndBitshift  stm32f4xx_hal_dma.o
    0x08000404   0x00000054   Code   RO         1399    i.DMA_CheckFifoParam  stm32f4xx_hal_dma.o
    0x08000458   0x00000028   Code   RO         1400    i.DMA_SetConfig     stm32f4xx_hal_dma.o
    0x08000480   0x00000002   Code   RO         4567    i.DebugMon_Handler  stm32f4xx_it.o
    0x08000482   0x00000006   Code   RO         4568    i.EXTI0_IRQHandler  stm32f4xx_it.o
    0x08000488   0x00000006   Code   RO         4569    i.EXTI1_IRQHandler  stm32f4xx_it.o
    0x0800048e   0x00000006   Code   RO         4570    i.EXTI2_IRQHandler  stm32f4xx_it.o
    0x08000494   0x00000006   Code   RO         4571    i.EXTI3_IRQHandler  stm32f4xx_it.o
    0x0800049a   0x00000006   Code   RO         5631    i.FATFS_LinkDriver  ff_gen_drv.o
    0x080004a0   0x00000040   Code   RO         5632    i.FATFS_LinkDriverEx  ff_gen_drv.o
    0x080004e0   0x00000024   Code   RO         1402    i.HAL_DMA_Abort_IT  stm32f4xx_hal_dma.o
    0x08000504   0x00000004   Code   RO         1404    i.HAL_DMA_GetError  stm32f4xx_hal_dma.o
    0x08000508   0x000001a8   Code   RO         1406    i.HAL_DMA_IRQHandler  stm32f4xx_hal_dma.o
    0x080006b0   0x000000d4   Code   RO         1407    i.HAL_DMA_Init      stm32f4xx_hal_dma.o
    0x08000784   0x00000078   Code   RO         1411    i.HAL_DMA_Start_IT  stm32f4xx_hal_dma.o
    0x080007fc   0x0000001c   Code   RO         1625    i.HAL_Delay         stm32f4xx_hal.o
    0x08000818   0x00000050   Code   RO         4818    i.HAL_GPIO_EXTI_Callback  main.o
    0x08000868   0x00000018   Code   RO         2524    i.HAL_GPIO_EXTI_IRQHandler  stm32f4xx_hal_gpio.o
    0x08000880   0x000001b0   Code   RO         2525    i.HAL_GPIO_Init     stm32f4xx_hal_gpio.o
    0x08000a30   0x0000000a   Code   RO         2529    i.HAL_GPIO_WritePin  stm32f4xx_hal_gpio.o
    0x08000a3a   0x00000002   PAD
    0x08000a3c   0x0000000c   Code   RO         1631    i.HAL_GetTick       stm32f4xx_hal.o
    0x08000a48   0x00000002   Code   RO          369    i.HAL_I2C_AbortCpltCallback  stm32f4xx_hal_i2c.o
    0x08000a4a   0x00000002   Code   RO          370    i.HAL_I2C_AddrCallback  stm32f4xx_hal_i2c.o
    0x08000a4c   0x000001f0   Code   RO          374    i.HAL_I2C_EV_IRQHandler  stm32f4xx_hal_i2c.o
    0x08000c3c   0x00000002   Code   RO          376    i.HAL_I2C_ErrorCallback  stm32f4xx_hal_i2c.o
    0x08000c3e   0x00000002   PAD
    0x08000c40   0x00000108   Code   RO          380    i.HAL_I2C_Init      stm32f4xx_hal_i2c.o
    0x08000d48   0x00000002   Code   RO          382    i.HAL_I2C_ListenCpltCallback  stm32f4xx_hal_i2c.o
    0x08000d4a   0x00000002   Code   RO          383    i.HAL_I2C_MasterRxCpltCallback  stm32f4xx_hal_i2c.o
    0x08000d4c   0x00000002   Code   RO          384    i.HAL_I2C_MasterTxCpltCallback  stm32f4xx_hal_i2c.o
    0x08000d4e   0x00000002   PAD
    0x08000d50   0x00000098   Code   RO         4819    i.HAL_I2C_MemRxCpltCallback  main.o
    0x08000de8   0x00000002   Code   RO          395    i.HAL_I2C_MemTxCpltCallback  stm32f4xx_hal_i2c.o
    0x08000dea   0x00000002   PAD
    0x08000dec   0x00000178   Code   RO          397    i.HAL_I2C_Mem_Read_DMA  stm32f4xx_hal_i2c.o
    0x08000f64   0x000000b8   Code   RO         4505    i.HAL_I2C_MspInit   stm32f4xx_hal_msp.o
    0x0800101c   0x00000002   Code   RO          404    i.HAL_I2C_SlaveRxCpltCallback  stm32f4xx_hal_i2c.o
    0x0800101e   0x00000002   Code   RO          405    i.HAL_I2C_SlaveTxCpltCallback  stm32f4xx_hal_i2c.o
    0x08001020   0x00000010   Code   RO         1633    i.HAL_IncTick       stm32f4xx_hal.o
    0x08001030   0x00000034   Code   RO         1634    i.HAL_Init          stm32f4xx_hal.o
    0x08001064   0x00000074   Code   RO         4464    i.HAL_InitTick      stm32f4xx_hal_timebase_tim.o
    0x080010d8   0x00000058   Code   RO         4506    i.HAL_MspInit       stm32f4xx_hal_msp.o
    0x08001130   0x00000016   Code   RO         2037    i.HAL_NVIC_EnableIRQ  stm32f4xx_hal_cortex.o
    0x08001146   0x00000002   PAD
    0x08001148   0x00000040   Code   RO         2043    i.HAL_NVIC_SetPriority  stm32f4xx_hal_cortex.o
    0x08001188   0x00000024   Code   RO         2044    i.HAL_NVIC_SetPriorityGrouping  stm32f4xx_hal_cortex.o
    0x080011ac   0x0000017c   Code   RO         1931    i.HAL_RCC_ClockConfig  stm32f4xx_hal_rcc.o
    0x08001328   0x00000040   Code   RO         1935    i.HAL_RCC_GetClockConfig  stm32f4xx_hal_rcc.o
    0x08001368   0x0000000c   Code   RO         1936    i.HAL_RCC_GetHCLKFreq  stm32f4xx_hal_rcc.o
    0x08001374   0x00000030   Code   RO         1938    i.HAL_RCC_GetPCLK1Freq  stm32f4xx_hal_rcc.o
    0x080013a4   0x00000030   Code   RO         1939    i.HAL_RCC_GetPCLK2Freq  stm32f4xx_hal_rcc.o
    0x080013d4   0x00000070   Code   RO         1940    i.HAL_RCC_GetSysClockFreq  stm32f4xx_hal_rcc.o
    0x08001444   0x00000314   Code   RO         1943    i.HAL_RCC_OscConfig  stm32f4xx_hal_rcc.o
    0x08001758   0x00000002   Code   RO         2288    i.HAL_SD_AbortCallback  stm32f4xx_hal_sd.o
    0x0800175a   0x00000002   Code   RO         2293    i.HAL_SD_ErrorCallback  stm32f4xx_hal_sd.o
    0x0800175c   0x000001da   Code   RO         2295    i.HAL_SD_GetCardCSD  stm32f4xx_hal_sd.o
    0x08001936   0x00000024   Code   RO         2296    i.HAL_SD_GetCardInfo  stm32f4xx_hal_sd.o
    0x0800195a   0x0000002c   Code   RO         2297    i.HAL_SD_GetCardState  stm32f4xx_hal_sd.o
    0x08001986   0x00000002   PAD
    0x08001988   0x000001c0   Code   RO         2301    i.HAL_SD_IRQHandler  stm32f4xx_hal_sd.o
    0x08001b48   0x00000036   Code   RO         2302    i.HAL_SD_Init       stm32f4xx_hal_sd.o
    0x08001b7e   0x00000002   PAD
    0x08001b80   0x00000054   Code   RO         2303    i.HAL_SD_InitCard   stm32f4xx_hal_sd.o
    0x08001bd4   0x00000074   Code   RO         4508    i.HAL_SD_MspInit    stm32f4xx_hal_msp.o
    0x08001c48   0x000001b2   Code   RO         2306    i.HAL_SD_ReadBlocks  stm32f4xx_hal_sd.o
    0x08001dfa   0x00000002   Code   RO         2309    i.HAL_SD_RxCpltCallback  stm32f4xx_hal_sd.o
    0x08001dfc   0x00000002   Code   RO         2310    i.HAL_SD_TxCpltCallback  stm32f4xx_hal_sd.o
    0x08001dfe   0x00000002   PAD
    0x08001e00   0x0000019a   Code   RO         2311    i.HAL_SD_WriteBlocks  stm32f4xx_hal_sd.o
    0x08001f9a   0x00000018   Code   RO         2046    i.HAL_SYSTICK_CLKSourceConfig  stm32f4xx_hal_cortex.o
    0x08001fb2   0x00000028   Code   RO         2048    i.HAL_SYSTICK_Config  stm32f4xx_hal_cortex.o
    0x08001fda   0x00000002   Code   RO          130    i.HAL_TIMEx_BreakCallback  stm32f4xx_hal_tim_ex.o
    0x08001fdc   0x00000002   Code   RO          131    i.HAL_TIMEx_CommutationCallback  stm32f4xx_hal_tim_ex.o
    0x08001fde   0x00000036   Code   RO          769    i.HAL_TIM_Base_Init  stm32f4xx_hal_tim.o
    0x08002014   0x00000002   Code   RO          771    i.HAL_TIM_Base_MspInit  stm32f4xx_hal_tim.o
    0x08002016   0x00000018   Code   RO          774    i.HAL_TIM_Base_Start_IT  stm32f4xx_hal_tim.o
    0x0800202e   0x00000002   Code   RO          798    i.HAL_TIM_IC_CaptureCallback  stm32f4xx_hal_tim.o
    0x08002030   0x00000166   Code   RO          811    i.HAL_TIM_IRQHandler  stm32f4xx_hal_tim.o
    0x08002196   0x00000002   Code   RO          814    i.HAL_TIM_OC_DelayElapsedCallback  stm32f4xx_hal_tim.o
    0x08002198   0x00000002   Code   RO          841    i.HAL_TIM_PWM_PulseFinishedCallback  stm32f4xx_hal_tim.o
    0x0800219a   0x00000002   PAD
    0x0800219c   0x00000014   Code   RO         4820    i.HAL_TIM_PeriodElapsedCallback  main.o
    0x080021b0   0x00000002   Code   RO          852    i.HAL_TIM_TriggerCallback  stm32f4xx_hal_tim.o
    0x080021b2   0x00000002   Code   RO         2933    i.HAL_UART_ErrorCallback  stm32f4xx_hal_uart.o
    0x080021b4   0x00000110   Code   RO         2936    i.HAL_UART_IRQHandler  stm32f4xx_hal_uart.o
    0x080022c4   0x00000062   Code   RO         2937    i.HAL_UART_Init     stm32f4xx_hal_uart.o
    0x08002326   0x00000002   PAD
    0x08002328   0x00000114   Code   RO         4510    i.HAL_UART_MspInit  stm32f4xx_hal_msp.o
    0x0800243c   0x00000048   Code   RO         2942    i.HAL_UART_Receive_IT  stm32f4xx_hal_uart.o
    0x08002484   0x00000138   Code   RO         4821    i.HAL_UART_RxCpltCallback  main.o
    0x080025bc   0x0000003e   Code   RO         2947    i.HAL_UART_Transmit_IT  stm32f4xx_hal_uart.o
    0x080025fa   0x00000002   Code   RO         2948    i.HAL_UART_TxCpltCallback  stm32f4xx_hal_uart.o
    0x080025fc   0x00000002   Code   RO         4572    i.HardFault_Handler  stm32f4xx_it.o
    0x080025fe   0x00000002   PAD
    0x08002600   0x0000000c   Code   RO         4573    i.I2C1_EV_IRQHandler  stm32f4xx_it.o
    0x0800260c   0x0000004e   Code   RO          414    i.I2C_DMAAbort      stm32f4xx_hal_i2c.o
    0x0800265a   0x00000034   Code   RO          415    i.I2C_DMAError      stm32f4xx_hal_i2c.o
    0x0800268e   0x00000086   Code   RO          416    i.I2C_DMAXferCplt   stm32f4xx_hal_i2c.o
    0x08002714   0x00000124   Code   RO          417    i.I2C_ITError       stm32f4xx_hal_i2c.o
    0x08002838   0x00000028   Code   RO          418    i.I2C_IsAcknowledgeFailed  stm32f4xx_hal_i2c.o
    0x08002860   0x000000c8   Code   RO          419    i.I2C_MasterReceive_BTF  stm32f4xx_hal_i2c.o
    0x08002928   0x000000a8   Code   RO          420    i.I2C_MasterReceive_RXNE  stm32f4xx_hal_i2c.o
    0x080029d0   0x00000080   Code   RO          423    i.I2C_MasterTransmit_BTF  stm32f4xx_hal_i2c.o
    0x08002a50   0x00000108   Code   RO          424    i.I2C_MasterTransmit_TXE  stm32f4xx_hal_i2c.o
    0x08002b58   0x000000f4   Code   RO          425    i.I2C_Master_ADDR   stm32f4xx_hal_i2c.o
    0x08002c4c   0x0000005a   Code   RO          426    i.I2C_Master_SB     stm32f4xx_hal_i2c.o
    0x08002ca6   0x000000f0   Code   RO          427    i.I2C_RequestMemoryRead  stm32f4xx_hal_i2c.o
    0x08002d96   0x00000002   PAD
    0x08002d98   0x000000dc   Code   RO          430    i.I2C_Slave_STOPF   stm32f4xx_hal_i2c.o
    0x08002e74   0x00000060   Code   RO          432    i.I2C_WaitOnFlagUntilTimeout  stm32f4xx_hal_i2c.o
    0x08002ed4   0x00000088   Code   RO          433    i.I2C_WaitOnMasterAddressFlagUntilTimeout  stm32f4xx_hal_i2c.o
    0x08002f5c   0x0000004e   Code   RO          435    i.I2C_WaitOnTXEFlagUntilTimeout  stm32f4xx_hal_i2c.o
    0x08002faa   0x00000002   PAD
    0x08002fac   0x0000009c   Code   RO         4822    i.Initsim900A       main.o
    0x08003048   0x0000001c   Code   RO         4391    i.MX_FATFS_Init     fatfs.o
    0x08003064   0x00000140   Code   RO         4823    i.MX_GPIO_Init      main.o
    0x080031a4   0x00000038   Code   RO         4824    i.MX_I2C1_Init      main.o
    0x080031dc   0x00000002   Code   RO         4574    i.MemManage_Handler  stm32f4xx_it.o
    0x080031de   0x00000002   Code   RO         4575    i.NMI_Handler       stm32f4xx_it.o
    0x080031e0   0x00000020   Code   RO         2050    i.NVIC_SetPriority  stm32f4xx_hal_cortex.o
    0x08003200   0x00000024   Code   RO         2588    i.SDIO_ConfigData   stm32f4xx_ll_sdmmc.o
    0x08003224   0x00000008   Code   RO         2592    i.SDIO_GetPowerState  stm32f4xx_ll_sdmmc.o
    0x0800322c   0x0000000c   Code   RO         2593    i.SDIO_GetResponse  stm32f4xx_ll_sdmmc.o
    0x08003238   0x0000000c   Code   RO         4576    i.SDIO_IRQHandler   stm32f4xx_it.o
    0x08003244   0x00000024   Code   RO         2594    i.SDIO_Init         stm32f4xx_ll_sdmmc.o
    0x08003268   0x00000008   Code   RO         2596    i.SDIO_PowerState_ON  stm32f4xx_ll_sdmmc.o
    0x08003270   0x00000006   Code   RO         2597    i.SDIO_ReadFIFO     stm32f4xx_ll_sdmmc.o
    0x08003276   0x00000020   Code   RO         2598    i.SDIO_SendCommand  stm32f4xx_ll_sdmmc.o
    0x08003296   0x0000000a   Code   RO         2600    i.SDIO_WriteFIFO    stm32f4xx_ll_sdmmc.o
    0x080032a0   0x00000032   Code   RO         2601    i.SDMMC_CmdAppCommand  stm32f4xx_ll_sdmmc.o
    0x080032d2   0x00000002   PAD
    0x080032d4   0x00000034   Code   RO         2602    i.SDMMC_CmdAppOperCommand  stm32f4xx_ll_sdmmc.o
    0x08003308   0x00000032   Code   RO         2603    i.SDMMC_CmdBlockLength  stm32f4xx_ll_sdmmc.o
    0x0800333a   0x00000002   PAD
    0x0800333c   0x00000050   Code   RO         2608    i.SDMMC_CmdGoIdleState  stm32f4xx_ll_sdmmc.o
    0x0800338c   0x00000068   Code   RO         2610    i.SDMMC_CmdOperCond  stm32f4xx_ll_sdmmc.o
    0x080033f4   0x00000032   Code   RO         2611    i.SDMMC_CmdReadMultiBlock  stm32f4xx_ll_sdmmc.o
    0x08003426   0x00000032   Code   RO         2612    i.SDMMC_CmdReadSingleBlock  stm32f4xx_ll_sdmmc.o
    0x08003458   0x00000032   Code   RO         2615    i.SDMMC_CmdSelDesel  stm32f4xx_ll_sdmmc.o
    0x0800348a   0x0000002c   Code   RO         2616    i.SDMMC_CmdSendCID  stm32f4xx_ll_sdmmc.o
    0x080034b6   0x0000002c   Code   RO         2617    i.SDMMC_CmdSendCSD  stm32f4xx_ll_sdmmc.o
    0x080034e2   0x00000032   Code   RO         2619    i.SDMMC_CmdSendStatus  stm32f4xx_ll_sdmmc.o
    0x08003514   0x00000030   Code   RO         2620    i.SDMMC_CmdSetRelAdd  stm32f4xx_ll_sdmmc.o
    0x08003544   0x00000034   Code   RO         2622    i.SDMMC_CmdStopTransfer  stm32f4xx_ll_sdmmc.o
    0x08003578   0x00000032   Code   RO         2624    i.SDMMC_CmdWriteMultiBlock  stm32f4xx_ll_sdmmc.o
    0x080035aa   0x00000032   Code   RO         2625    i.SDMMC_CmdWriteSingleBlock  stm32f4xx_ll_sdmmc.o
    0x080035dc   0x0000011c   Code   RO         2626    i.SDMMC_GetCmdResp1  stm32f4xx_ll_sdmmc.o
    0x080036f8   0x00000050   Code   RO         2627    i.SDMMC_GetCmdResp2  stm32f4xx_ll_sdmmc.o
    0x08003748   0x00000040   Code   RO         2628    i.SDMMC_GetCmdResp3  stm32f4xx_ll_sdmmc.o
    0x08003788   0x00000084   Code   RO         2629    i.SDMMC_GetCmdResp6  stm32f4xx_ll_sdmmc.o
    0x0800380c   0x00000048   Code   RO         2316    i.SD_DMARxAbort     stm32f4xx_hal_sd.o
    0x08003854   0x00000048   Code   RO         2318    i.SD_DMATxAbort     stm32f4xx_hal_sd.o
    0x0800389c   0x000000e6   Code   RO         2320    i.SD_InitCard       stm32f4xx_hal_sd.o
    0x08003982   0x000000a2   Code   RO         2321    i.SD_PowerON        stm32f4xx_hal_sd.o
    0x08003a24   0x00000020   Code   RO         5519    i.SD_initialize     sd_diskio.o
    0x08003a44   0x00000050   Code   RO         5520    i.SD_ioctl          sd_diskio.o
    0x08003a94   0x0000003c   Code   RO         5521    i.SD_read           sd_diskio.o
    0x08003ad0   0x00000020   Code   RO         5522    i.SD_status         sd_diskio.o
    0x08003af0   0x0000003c   Code   RO         5523    i.SD_write          sd_diskio.o
    0x08003b2c   0x0000001c   Code   RO         4825    i.StartDefaultTask  main.o
    0x08003b48   0x00000018   Code   RO         4826    i.StartTask02       main.o
    0x08003b60   0x00000018   Code   RO         4827    i.StartTask03       main.o
    0x08003b78   0x00000028   Code   RO         4828    i.StartTask04       main.o
    0x08003ba0   0x00000006   Code   RO         4829    i.StartTask05       main.o
    0x08003ba6   0x00000004   Code   RO         4577    i.SysTick_Handler   stm32f4xx_it.o
    0x08003baa   0x00000002   PAD
    0x08003bac   0x0000009c   Code   RO         4830    i.SystemClock_Config  main.o
    0x08003c48   0x00000054   Code   RO         4354    i.SystemInit        system_stm32f4xx.o
    0x08003c9c   0x0000000c   Code   RO         4578    i.TIM4_IRQHandler   stm32f4xx_it.o
    0x08003ca8   0x000000c0   Code   RO          853    i.TIM_Base_SetConfig  stm32f4xx_hal_tim.o
    0x08003d68   0x0000000c   Code   RO         4579    i.UART4_IRQHandler  stm32f4xx_it.o
    0x08003d74   0x00000010   Code   RO         2950    i.UART_DMAAbortOnError  stm32f4xx_hal_uart.o
    0x08003d84   0x0000001c   Code   RO         2960    i.UART_EndRxTransfer  stm32f4xx_hal_uart.o
    0x08003da0   0x0000008c   Code   RO         2962    i.UART_Receive_IT   stm32f4xx_hal_uart.o
    0x08003e2c   0x000002ac   Code   RO         2963    i.UART_SetConfig    stm32f4xx_hal_uart.o
    0x080040d8   0x00000062   Code   RO         2964    i.UART_Transmit_IT  stm32f4xx_hal_uart.o
    0x0800413a   0x00000002   PAD
    0x0800413c   0x0000000c   Code   RO         4580    i.USART1_IRQHandler  stm32f4xx_it.o
    0x08004148   0x0000000c   Code   RO         4581    i.USART2_IRQHandler  stm32f4xx_it.o
    0x08004154   0x0000000c   Code   RO         4582    i.USART3_IRQHandler  stm32f4xx_it.o
    0x08004160   0x00000002   Code   RO         4583    i.UsageFault_Handler  stm32f4xx_it.o
    0x08004162   0x00000002   Code   RO         4831    i._Error_Handler    main.o
    0x08004164   0x00000028   Code   RO         5797    i.__0sprintf$1      mc_w.l(printf1.o)
    0x0800418c   0x0000000e   Code   RO         6057    i.__scatterload_copy  mc_w.l(handlers.o)
    0x0800419a   0x00000002   Code   RO         6058    i.__scatterload_null  mc_w.l(handlers.o)
    0x0800419c   0x0000000e   Code   RO         6059    i.__scatterload_zeroinit  mc_w.l(handlers.o)
    0x080041aa   0x00000002   PAD
    0x080041ac   0x00000154   Code   RO         5802    i._printf_core      mc_w.l(printf1.o)
    0x08004300   0x0000000a   Code   RO         5804    i._sputc            mc_w.l(printf1.o)
    0x0800430a   0x00000002   PAD
    0x0800430c   0x000000c0   Code   RO         4832    i.answerSystem      main.o
    0x080043cc   0x00000058   Code   RO         4833    i.checkLCD          main.o
    0x08004424   0x00000128   Code   RO         4834    i.checkSetTime      main.o
    0x0800454c   0x00000068   Code   RO         4835    i.checkTimeToReadSensor  main.o
    0x080045b4   0x00000034   Code   RO         4836    i.controlDevice     main.o
    0x080045e8   0x0000000e   Code   RO         4837    i.convertNumToStringLSB  main.o
    0x080045f6   0x0000000c   Code   RO         4838    i.convertNumToStringMSB  main.o
    0x08004602   0x00000010   Code   RO         4839    i.convertStringToNum  main.o
    0x08004612   0x00000002   PAD
    0x08004614   0x00000034   Code   RO         4840    i.deleteSMS         main.o
    0x08004648   0x000001d8   Code   RO         5135    i.lcd_HomePage      lcddisplay.o
    0x08004820   0x0000008c   Code   RO         5136    i.lcd_Intro         lcddisplay.o
    0x080048ac   0x0000004c   Code   RO         5137    i.lcd_Mode_1_page   lcddisplay.o
    0x080048f8   0x0000004c   Code   RO         5138    i.lcd_Mode_2_page   lcddisplay.o
    0x08004944   0x0000004c   Code   RO         5139    i.lcd_Mode_3_page   lcddisplay.o
    0x08004990   0x00000008   Code   RO         5090    i.lcd_clear         lcd_txt.o
    0x08004998   0x00000078   Code   RO         5091    i.lcd_init          lcd_txt.o
    0x08004a10   0x0000003e   Code   RO         5092    i.lcd_puts          lcd_txt.o
    0x08004a4e   0x00000002   PAD
    0x08004a50   0x000000e0   Code   RO         5093    i.lcd_write         lcd_txt.o
    0x08004b30   0x000001f4   Code   RO         4841    i.main              main.o
    0x08004d24   0x0000000c   Code   RO         3371    i.makeFreeRtosPriority  cmsis_os.o
    0x08004d30   0x0000000a   Code   RO         3376    i.osKernelStart     cmsis_os.o
    0x08004d3a   0x00000014   Code   RO         3409    i.osSystickHandler  cmsis_os.o
    0x08004d4e   0x0000002e   Code   RO         3410    i.osThreadCreate    cmsis_os.o
    0x08004d7c   0x000000bc   Code   RO         4842    i.processDataFromInternet  main.o
    0x08004e38   0x00000078   Code   RO         4843    i.processDataFromSim  main.o
    0x08004eb0   0x000000dc   Code   RO         4844    i.processDetailSms  main.o
    0x08004f8c   0x000000d0   Code   RO         3752    i.prvAddNewTaskToReadyList  tasks.o
    0x0800505c   0x00000050   Code   RO         3753    i.prvCheckTasksWaitingTermination  tasks.o
    0x080050ac   0x00000014   Code   RO         3754    i.prvDeleteTCB      tasks.o
    0x080050c0   0x0000004c   Code   RO         4289    i.prvHeapInit       heap_4.o
    0x0800510c   0x00000028   Code   RO         3755    i.prvIdleTask       tasks.o
    0x08005134   0x0000008e   Code   RO         3756    i.prvInitialiseNewTask  tasks.o
    0x080051c2   0x00000002   PAD
    0x080051c4   0x0000004c   Code   RO         4290    i.prvInsertBlockIntoFreeList  heap_4.o
    0x08005210   0x00000020   Code   RO         3757    i.prvResetNextTaskUnblockTime  tasks.o
    0x08005230   0x00000028   Code   RO         4213    i.prvTaskExitError  port.o
    0x08005258   0x000000d8   Code   RO         4291    i.pvPortMalloc      heap_4.o
    0x08005330   0x0000002c   Code   RO         4214    i.pxPortInitialiseStack  port.o
    0x0800535c   0x00000020   Code   RO         4845    i.sendDataFromSensorToInternet  main.o
    0x0800537c   0x00000060   Code   RO         4846    i.sendMessage       main.o
    0x080053dc   0x00000060   Code   RO         4847    i.sendRS485toSystem  main.o
    0x0800543c   0x00000080   Code   RO         4848    i.setIDforButton    main.o
    0x080054bc   0x0000006c   Code   RO         4849    i.setIDforDevice    main.o
    0x08005528   0x0000001c   Code   RO         4850    i.updateDevicesState  main.o
    0x08005544   0x00000038   Code   RO         4851    i.updateStateToInternet  main.o
    0x0800557c   0x00000024   Code   RO         4176    i.uxListRemove      list.o
    0x080055a0   0x00000016   Code   RO         4177    i.vListInitialise   list.o
    0x080055b6   0x00000006   Code   RO         4178    i.vListInitialiseItem  list.o
    0x080055bc   0x00000018   Code   RO         4180    i.vListInsertEnd    list.o
    0x080055d4   0x00000040   Code   RO         4216    i.vPortEnterCritical  port.o
    0x08005614   0x00000028   Code   RO         4217    i.vPortExitCritical  port.o
    0x0800563c   0x0000005c   Code   RO         4292    i.vPortFree         heap_4.o
    0x08005698   0x00000020   Code   RO         4218    i.vPortSetupTimerInterrupt  port.o
    0x080056b8   0x00000068   Code   RO         3776    i.vTaskStartScheduler  tasks.o
    0x08005720   0x00000010   Code   RO         3778    i.vTaskSuspendAll   tasks.o
    0x08005730   0x0000005c   Code   RO         3779    i.vTaskSwitchContext  tasks.o
    0x0800578c   0x000000e0   Code   RO         4220    i.xPortStartScheduler  port.o
    0x0800586c   0x0000002c   Code   RO         4221    i.xPortSysTickHandler  port.o
    0x08005898   0x00000056   Code   RO         3781    i.xTaskCreate       tasks.o
    0x080058ee   0x00000002   PAD
    0x080058f0   0x0000001c   Code   RO         3785    i.xTaskGetSchedulerState  tasks.o
    0x0800590c   0x000000c8   Code   RO         3788    i.xTaskIncrementTick  tasks.o
    0x080059d4   0x000000c4   Code   RO         3794    i.xTaskResumeAll    tasks.o
    0x08005a98   0x00000008   Data   RO         1413    .constdata          stm32f4xx_hal_dma.o
    0x08005aa0   0x00000010   Data   RO         4355    .constdata          system_stm32f4xx.o
    0x08005ab0   0x00000008   Data   RO         4356    .constdata          system_stm32f4xx.o
    0x08005ab8   0x00000064   Data   RO         4856    .constdata          main.o
    0x08005b1c   0x00000014   Data   RO         5524    .constdata          sd_diskio.o
    0x08005b30   0x00000036   Data   RO         4857    .conststring        main.o
    0x08005b66   0x00000002   PAD
    0x08005b68   0x00000020   Data   RO         6055    Region$$Table       anon$$obj.o


    Execution Region RW_IRAM1 (Base: 0x20000000, Size: 0x00004570, Max: 0x00020000, ABSOLUTE)

    Base Addr    Size         Type   Attr      Idx    E Section Name        Object

    0x20000000   0x00000004   Data   RW         1640    .data               stm32f4xx_hal.o
    0x20000004   0x0000003c   Data   RW         3797    .data               tasks.o
    0x20000040   0x0000000c   Data   RW         4222    .data               port.o
    0x2000004c   0x00000018   Data   RW         4297    .data               heap_4.o
    0x20000064   0x00000004   Data   RW         4357    .data               system_stm32f4xx.o
    0x20000068   0x00000005   Data   RW         4393    .data               fatfs.o
    0x2000006d   0x00000003   PAD
    0x20000070   0x0000006f   Data   RW         4859    .data               main.o
    0x200000df   0x00000001   Data   RW         5525    .data               sd_diskio.o
    0x200000e0   0x000000f0   Zero   RW         3796    .bss                tasks.o
    0x200001d0   0x00003c00   Zero   RW         4296    .bss                heap_4.o
    0x20003dd0   0x0000003c   Zero   RW         4467    .bss                stm32f4xx_hal_timebase_tim.o
    0x20003e0c   0x000002f4   Zero   RW         4853    .bss                main.o
    0x20004100   0x00000060   Zero   RW         4854    .bss                main.o
    0x20004160   0x0000000c   Zero   RW         5635    .bss                ff_gen_drv.o
    0x2000416c   0x00000004   PAD
    0x20004170   0x00000400   Zero   RW         5730    STACK               startup_stm32f407xx.o


==============================================================================

Image component sizes


      Code (inc. data)   RO Data    RW Data    ZI Data      Debug   Object Name

       136         26          0          0          0       3330   bsp_driver_sd.o
        88          0          0          0          0      17794   cmsis_os.o
         0          0          0          0          0      10484   croutine.o
         0          0          0          0          0      12260   event_groups.o
        28         10          0          5          0       3188   fatfs.o
        70          4          0          0         12       1639   ff_gen_drv.o
       460         24          0         24      15360       7691   heap_4.o
       414         10          0          0          0       2434   lcd_txt.o
       840        338          0          0          0       2849   lcddisplay.o
        88          0          0          0          0       3092   list.o
      3774        568        154        111        852      27459   main.o
       674         74          0         12          0      11848   port.o
       264         34         20          1          0       4620   sd_diskio.o
        36          8        392          0       1024        808   startup_stm32f407xx.o
       108         16          0          4          0       4212   stm32f4xx_hal.o
       218         14          0          0          0      31369   stm32f4xx_hal_cortex.o
       960         22          8          0          0       7033   stm32f4xx_hal_dma.o
       466         50          0          0          0       3135   stm32f4xx_hal_gpio.o
      3614         56          0          0          0      24536   stm32f4xx_hal_i2c.o
         0          0          0          0          0     705068   stm32f4xx_hal_i2c_ex.o
       664         98          0          0          0       3239   stm32f4xx_hal_msp.o
      1452         86          0          0          0       6689   stm32f4xx_hal_rcc.o
      2528         14          0          0          0      14462   stm32f4xx_hal_sd.o
       638         44          0          0          0       7626   stm32f4xx_hal_tim.o
         4          0          0          0          0       1870   stm32f4xx_hal_tim_ex.o
       116         16          0          0         60       1496   stm32f4xx_hal_timebase_tim.o
      1474         14          0          0          0       8818   stm32f4xx_hal_uart.o
       136         48          0          0          0       8805   stm32f4xx_it.o
      1532         42          0          0          0      21892   stm32f4xx_ll_sdmmc.o
        84         18         24          4          0       1227   system_stm32f4xx.o
      1244        102          0         60        240      15070   tasks.o

    ----------------------------------------------------------------------
     22156       1736        632        224      17552     976043   Object Totals
         0          0         32          0          0          0   (incl. Generated)
        46          0          2          3          4          0   (incl. Padding)

    ----------------------------------------------------------------------

      Code (inc. data)   RO Data    RW Data    ZI Data      Debug   Library Member Name

         0          0          0          0          0          0   entry.o
         0          0          0          0          0          0   entry10a.o
         0          0          0          0          0          0   entry11a.o
         8          4          0          0          0          0   entry2.o
         4          0          0          0          0          0   entry5.o
         0          0          0          0          0          0   entry7b.o
         0          0          0          0          0          0   entry8b.o
         8          4          0          0          0          0   entry9a.o
        30          0          0          0          0          0   handlers.o
        36          8          0          0          0         68   init.o
        36          0          0          0          0         68   memcpya.o
       390         10          0          0          0        252   printf1.o
        28          0          0          0          0         76   strcmp.o
        18          0          0          0          0         68   strcpy.o
        36          0          0          0          0         80   strstr.o
        44          0          0          0          0         80   uidiv.o

    ----------------------------------------------------------------------
       644         26          0          0          0        692   Library Totals
         6          0          0          0          0          0   (incl. Padding)

    ----------------------------------------------------------------------

      Code (inc. data)   RO Data    RW Data    ZI Data      Debug   Library Name

       638         26          0          0          0        692   mc_w.l

    ----------------------------------------------------------------------
       644         26          0          0          0        692   Library Totals

    ----------------------------------------------------------------------

==============================================================================


      Code (inc. data)   RO Data    RW Data    ZI Data      Debug   

     22800       1762        632        224      17552     954027   Grand Totals
     22800       1762        632        224      17552     954027   ELF Image Totals
     22800       1762        632        224          0          0   ROM Totals

==============================================================================

    Total RO  Size (Code + RO Data)                23432 (  22.88kB)
    Total RW  Size (RW Data + ZI Data)             17776 (  17.36kB)
    Total ROM Size (Code + RO Data + RW Data)      23656 (  23.10kB)

==============================================================================

