Component: ARM Compiler 5.05 update 1 (build 106) Tool: armlink [4d0efa]

==============================================================================

Section Cross References

    system_stm32f4xx.o(i.SystemCoreClockUpdate) refers to system_stm32f4xx.o(.data) for .data
    system_stm32f4xx.o(i.SystemCoreClockUpdate) refers to system_stm32f4xx.o(.constdata) for .constdata
    main.o(i.Call) refers to stm32f4xx_hal_uart.o(i.HAL_UART_Transmit_IT) for HAL_UART_Transmit_IT
    main.o(i.Call) refers to stm32f4xx_hal.o(i.HAL_Delay) for HAL_Delay
    main.o(i.Call) refers to main.o(.bss) for .bss
    main.o(i.HAL_GPIO_EXTI_Callback) refers to main.o(.data) for .data
    main.o(i.HAL_I2C_MemRxCpltCallback) refers to main.o(.bss) for .bss
    main.o(i.HAL_I2C_MemRxCpltCallback) refers to main.o(.data) for .data
    main.o(i.HAL_UART_RxCpltCallback) refers to stm32f4xx_hal_uart.o(i.HAL_UART_Receive_IT) for HAL_UART_Receive_IT
    main.o(i.HAL_UART_RxCpltCallback) refers to stm32f4xx_hal_uart.o(i.HAL_UART_Transmit_IT) for HAL_UART_Transmit_IT
    main.o(i.HAL_UART_RxCpltCallback) refers to main.o(.bss) for .bss
    main.o(i.HAL_UART_RxCpltCallback) refers to main.o(.data) for .data
    main.o(i.Initsim900A) refers to stm32f4xx_hal_uart.o(i.HAL_UART_Transmit_IT) for HAL_UART_Transmit_IT
    main.o(i.Initsim900A) refers to stm32f4xx_hal.o(i.HAL_Delay) for HAL_Delay
    main.o(i.Initsim900A) refers to main.o(.bss) for .bss
    main.o(i.MX_GPIO_Init) refers to stm32f4xx_hal_gpio.o(i.HAL_GPIO_WritePin) for HAL_GPIO_WritePin
    main.o(i.MX_GPIO_Init) refers to stm32f4xx_hal_gpio.o(i.HAL_GPIO_Init) for HAL_GPIO_Init
    main.o(i.MX_GPIO_Init) refers to stm32f4xx_hal_cortex.o(i.HAL_NVIC_SetPriority) for HAL_NVIC_SetPriority
    main.o(i.MX_GPIO_Init) refers to stm32f4xx_hal_cortex.o(i.HAL_NVIC_EnableIRQ) for HAL_NVIC_EnableIRQ
    main.o(i.MX_I2C1_Init) refers to stm32f4xx_hal_i2c.o(i.HAL_I2C_Init) for HAL_I2C_Init
    main.o(i.MX_I2C1_Init) refers to main.o(.bss) for .bss
    main.o(i.SystemClock_Config) refers to stm32f4xx_hal_rcc.o(i.HAL_RCC_OscConfig) for HAL_RCC_OscConfig
    main.o(i.SystemClock_Config) refers to stm32f4xx_hal_rcc.o(i.HAL_RCC_ClockConfig) for HAL_RCC_ClockConfig
    main.o(i.SystemClock_Config) refers to stm32f4xx_hal_rcc.o(i.HAL_RCC_GetHCLKFreq) for HAL_RCC_GetHCLKFreq
    main.o(i.SystemClock_Config) refers to stm32f4xx_hal_cortex.o(i.HAL_SYSTICK_Config) for HAL_SYSTICK_Config
    main.o(i.SystemClock_Config) refers to stm32f4xx_hal_cortex.o(i.HAL_SYSTICK_CLKSourceConfig) for HAL_SYSTICK_CLKSourceConfig
    main.o(i.SystemClock_Config) refers to stm32f4xx_hal_cortex.o(i.HAL_NVIC_SetPriority) for HAL_NVIC_SetPriority
    main.o(i.answerSystem) refers to main.o(i.controlDevice) for controlDevice
    main.o(i.answerSystem) refers to main.o(i.updateDevicesState) for updateDevicesState
    main.o(i.answerSystem) refers to main.o(i.updateStateToInternet) for updateStateToInternet
    main.o(i.answerSystem) refers to main.o(i.setIDforButton) for setIDforButton
    main.o(i.answerSystem) refers to main.o(i.setIDforDevice) for setIDforDevice
    main.o(i.answerSystem) refers to main.o(i.sendDataFromSensorToInternet) for sendDataFromSensorToInternet
    main.o(i.answerSystem) refers to main.o(i.convertStringToNum) for convertStringToNum
    main.o(i.answerSystem) refers to main.o(.bss) for .bss
    main.o(i.answerSystem) refers to main.o(.data) for .data
    main.o(i.checkLCD) refers to lcd_txt.o(i.lcd_clear) for lcd_clear
    main.o(i.checkLCD) refers to lcddisplay.o(i.lcd_HomePage) for lcd_HomePage
    main.o(i.checkLCD) refers to lcddisplay.o(i.lcd_Mode_1_page) for lcd_Mode_1_page
    main.o(i.checkLCD) refers to lcddisplay.o(i.lcd_Mode_2_page) for lcd_Mode_2_page
    main.o(i.checkLCD) refers to lcddisplay.o(i.lcd_Mode_3_page) for lcd_Mode_3_page
    main.o(i.checkLCD) refers to main.o(.data) for .data
    main.o(i.checkSetTime) refers to main.o(i.convertNumToStringMSB) for convertNumToStringMSB
    main.o(i.checkSetTime) refers to main.o(i.convertNumToStringLSB) for convertNumToStringLSB
    main.o(i.checkSetTime) refers to main.o(i.sendRS485toSystem) for sendRS485toSystem
    main.o(i.checkSetTime) refers to stm32f4xx_hal_gpio.o(i.HAL_GPIO_WritePin) for HAL_GPIO_WritePin
    main.o(i.checkSetTime) refers to main.o(i.updateDevicesState) for updateDevicesState
    main.o(i.checkSetTime) refers to main.o(i.updateStateToInternet) for updateStateToInternet
    main.o(i.checkSetTime) refers to main.o(.bss) for .bss
    main.o(i.checkSetTime) refers to main.o(.data) for .data
    main.o(i.checkTimeToReadSensor) refers to strcpy.o(.text) for strcpy
    main.o(i.checkTimeToReadSensor) refers to main.o(i.sendRS485toSystem) for sendRS485toSystem
    main.o(i.checkTimeToReadSensor) refers to stm32f4xx_hal.o(i.HAL_Delay) for HAL_Delay
    main.o(i.checkTimeToReadSensor) refers to main.o(.data) for .data
    main.o(i.checkTimeToReadSensor) refers to main.o(.bss) for .bss
[...]
    init.s                                   0x00000000   Number         0  init.o ABSOLUTE
    startup_stm32f407xx.s                    0x00000000   Number         0  startup_stm32f407xx.o ABSOLUTE
    RESET                                    0x08000000   Section      392  startup_stm32f407xx.o(RESET)
    .ARM.Collect$$$$00000000                 0x08000188   Section        0  entry.o(.ARM.Collect$$$$00000000)
    .ARM.Collect$$$$00000001                 0x08000188   Section        4  entry2.o(.ARM.Collect$$$$00000001)
    .ARM.Collect$$$$00000004                 0x0800018c   Section        4  entry5.o(.ARM.Collect$$$$00000004)
    .ARM.Collect$$$$00000008                 0x08000190   Section        0  entry7b.o(.ARM.Collect$$$$00000008)
    .ARM.Collect$$$$0000000A                 0x08000190   Section        0  entry8b.o(.ARM.Collect$$$$0000000A)
    .ARM.Collect$$$$0000000B                 0x08000190   Section        8  entry9a.o(.ARM.Collect$$$$0000000B)
    .ARM.Collect$$$$0000000D                 0x08000198   Section        0  entry10a.o(.ARM.Collect$$$$0000000D)
    .ARM.Collect$$$$0000000F                 0x08000198   Section        0  entry11a.o(.ARM.Collect$$$$0000000F)
    .ARM.Collect$$$$00002712                 0x08000198   Section        4  entry2.o(.ARM.Collect$$$$00002712)
    __lit__00000000                          0x08000198   Data           4  entry2.o(.ARM.Collect$$$$00002712)
    .text                                    0x0800019c   Section       36  startup_stm32f407xx.o(.text)
    $v0                                      0x0800019c   Number         0  startup_stm32f407xx.o(.text)
    .text                                    0x080001c0   Section        0  strstr.o(.text)
    .text                                    0x080001e4   Section        0  strcmp.o(.text)
    .text                                    0x08000200   Section        0  strcpy.o(.text)
    .text                                    0x08000212   Section        0  uidiv.o(.text)
    .text                                    0x08000240   Section       36  init.o(.text)
    i.BSP_SD_GetCardInfo                     0x08000264   Section        0  bsp_driver_sd.o(i.BSP_SD_GetCardInfo)
    i.BSP_SD_GetCardState                    0x08000270   Section        0  bsp_driver_sd.o(i.BSP_SD_GetCardState)
    i.BSP_SD_Init                            0x08000288   Section        0  bsp_driver_sd.o(i.BSP_SD_Init)
    i.BSP_SD_ReadBlocks                      0x080002ac   Section        0  bsp_driver_sd.o(i.BSP_SD_ReadBlocks)
    i.BSP_SD_WriteBlocks                     0x080002cc   Section        0  bsp_driver_sd.o(i.BSP_SD_WriteBlocks)
    i.BusFault_Handler                       0x080002ec   Section        0  stm32f4xx_it.o(i.BusFault_Handler)
    i.DMA1_Stream0_IRQHandler                0x080002f0   Section        0  stm32f4xx_it.o(i.DMA1_Stream0_IRQHandler)
    i.DMA_CalcBaseAndBitshift                0x080002fc   Section        0  stm32f4xx_hal_dma.o(i.DMA_CalcBaseAndBitshift)
    DMA_CalcBaseAndBitshift                  0x080002fd   Thumb Code    34  stm32f4xx_hal_dma.o(i.DMA_CalcBaseAndBitshift)
    i.DMA_CheckFifoParam                     0x08000324   Section        0  stm32f4xx_hal_dma.o(i.DMA_CheckFifoParam)
    DMA_CheckFifoParam                       0x08000325   Thumb Code    84  stm32f4xx_hal_dma.o(i.DMA_CheckFifoParam)
    i.DMA_SetConfig                          0x08000378   Section        0  stm32f4xx_hal_dma.o(i.DMA_SetConfig)
    DMA_SetConfig                            0x08000379   Thumb Code    40  stm32f4xx_hal_dma.o(i.DMA_SetConfig)
    i.DebugMon_Handler                       0x080003a0   Section        0  stm32f4xx_it.o(i.DebugMon_Handler)
    i.EXTI0_IRQHandler                       0x080003a2   Section        0  stm32f4xx_it.o(i.EXTI0_IRQHandler)
    i.EXTI1_IRQHandler                       0x080003a8   Section        0  stm32f4xx_it.o(i.EXTI1_IRQHandler)
    i.EXTI2_IRQHandler                       0x080003ae   Section        0  stm32f4xx_it.o(i.EXTI2_IRQHandler)
    i.EXTI3_IRQHandler                       0x080003b4   Section        0  stm32f4xx_it.o(i.EXTI3_IRQHandler)
    i.FATFS_LinkDriver                       0x080003ba   Section        0  ff_gen_drv.o(i.FATFS_LinkDriver)
    i.FATFS_LinkDriverEx                     0x080003c0   Section        0  ff_gen_drv.o(i.FATFS_LinkDriverEx)
    i.HAL_DMA_Abort_IT                       0x08000400   Section        0  stm32f4xx_hal_dma.o(i.HAL_DMA_Abort_IT)
    i.HAL_DMA_GetError                       0x08000424   Section        0  stm32f4xx_hal_dma.o(i.HAL_DMA_GetError)
    i.HAL_DMA_IRQHandler                     0x08000428   Section        0  stm32f4xx_hal_dma.o(i.HAL_DMA_IRQHandler)
    i.HAL_DMA_Init                           0x080005d0   Section        0  stm32f4xx_hal_dma.o(i.HAL_DMA_Init)
    i.HAL_DMA_Start_IT                       0x080006a4   Section        0  stm32f4xx_hal_dma.o(i.HAL_DMA_Start_IT)
    i.HAL_Delay                              0x0800071c   Section        0  stm32f4xx_hal.o(i.HAL_Delay)
    i.HAL_GPIO_EXTI_Callback                 0x08000738   Section        0  main.o(i.HAL_GPIO_EXTI_Callback)
    i.HAL_GPIO_EXTI_IRQHandler               0x08000788   Section        0  stm32f4xx_hal_gpio.o(i.HAL_GPIO_EXTI_IRQHandler)
    i.HAL_GPIO_Init                          0x080007a0   Section        0  stm32f4xx_hal_gpio.o(i.HAL_GPIO_Init)
    i.HAL_GPIO_WritePin                      0x08000950   Section        0  stm32f4xx_hal_gpio.o(i.HAL_GPIO_WritePin)
    i.HAL_GetTick                            0x0800095c   Section        0  stm32f4xx_hal.o(i.HAL_GetTick)
    i.HAL_I2C_AbortCpltCallback              0x08000968   Section        0  stm32f4xx_hal_i2c.o(i.HAL_I2C_AbortCpltCallback)
    i.HAL_I2C_AddrCallback                   0x0800096a   Section        0  stm32f4xx_hal_i2c.o(i.HAL_I2C_AddrCallback)
    i.HAL_I2C_EV_IRQHandler                  0x0800096c   Section        0  stm32f4xx_hal_i2c.o(i.HAL_I2C_EV_IRQHandler)
    i.HAL_I2C_ErrorCallback                  0x08000b5c   Section        0  stm32f4xx_hal_i2c.o(i.HAL_I2C_ErrorCallback)
    i.HAL_I2C_Init                           0x08000b60   Section        0  stm32f4xx_hal_i2c.o(i.HAL_I2C_Init)
    i.HAL_I2C_ListenCpltCallback             0x08000c68   Section        0  stm32f4xx_hal_i2c.o(i.HAL_I2C_ListenCpltCallback)
    i.HAL_I2C_MasterRxCpltCallback           0x08000c6a   Section        0  stm32f4xx_hal_i2c.o(i.HAL_I2C_MasterRxCpltCallback)
    i.HAL_I2C_MasterTxCpltCallback           0x08000c6c   Section        0  stm32f4xx_hal_i2c.o(i.HAL_I2C_MasterTxCpltCallback)
    i.HAL_I2C_MemRxCpltCallback              0x08000c70   Section        0  main.o(i.HAL_I2C_MemRxCpltCallback)
    i.HAL_I2C_MemTxCpltCallback              0x08000d08   Section        0  stm32f4xx_hal_i2c.o(i.HAL_I2C_MemTxCpltCallback)
    i.HAL_I2C_Mem_Read_DMA                   0x08000d0c   Section        0  stm32f4xx_hal_i2c.o(i.HAL_I2C_Mem_Read_DMA)
    i.HAL_I2C_MspInit                        0x08000e84   Section        0  stm32f4xx_hal_msp.o(i.HAL_I2C_MspInit)
    i.HAL_I2C_SlaveRxCpltCallback            0x08000f3c   Section        0  stm32f4xx_hal_i2c.o(i.HAL_I2C_SlaveRxCpltCallback)
    i.HAL_I2C_SlaveTxCpltCallback            0x08000f3e   Section        0  stm32f4xx_hal_i2c.o(i.HAL_I2C_SlaveTxCpltCallback)
    i.HAL_IncTick                            0x08000f40   Section        0  stm32f4xx_hal.o(i.HAL_IncTick)
    i.HAL_Init                               0x08000f50   Section        0  stm32f4xx_hal.o(i.HAL_Init)
    i.HAL_InitTick                           0x08000f84   Section        0  stm32f4xx_hal.o(i.HAL_InitTick)
    i.HAL_MspInit                            0x08000fac   Section        0  stm32f4xx_hal_msp.o(i.HAL_MspInit)
    i.HAL_NVIC_EnableIRQ                     0x08001004   Section        0  stm32f4xx_hal_cortex.o(i.HAL_NVIC_EnableIRQ)
    i.HAL_NVIC_SetPriority                   0x0800101c   Section        0  stm32f4xx_hal_cortex.o(i.HAL_NVIC_SetPriority)
    i.HAL_NVIC_SetPriorityGrouping           0x0800105c   Section        0  stm32f4xx_hal_cortex.o(i.HAL_NVIC_SetPriorityGrouping)
    i.HAL_RCC_ClockConfig                    0x08001080   Section        0  stm32f4xx_hal_rcc.o(i.HAL_RCC_ClockConfig)
    i.HAL_RCC_GetHCLKFreq                    0x080011fc   Section        0  stm32f4xx_hal_rcc.o(i.HAL_RCC_GetHCLKFreq)
    i.HAL_RCC_GetPCLK1Freq                   0x08001208   Section        0  stm32f4xx_hal_rcc.o(i.HAL_RCC_GetPCLK1Freq)
    i.HAL_RCC_GetPCLK2Freq                   0x08001238   Section        0  stm32f4xx_hal_rcc.o(i.HAL_RCC_GetPCLK2Freq)
    i.HAL_RCC_GetSysClockFreq                0x08001268   Section        0  stm32f4xx_hal_rcc.o(i.HAL_RCC_GetSysClockFreq)
    i.HAL_RCC_OscConfig                      0x080012d8   Section        0  stm32f4xx_hal_rcc.o(i.HAL_RCC_OscConfig)
    i.HAL_SD_AbortCallback                   0x080015ec   Section        0  stm32f4xx_hal_sd.o(i.HAL_SD_AbortCallback)
    i.HAL_SD_ErrorCallback                   0x080015ee   Section        0  stm32f4xx_hal_sd.o(i.HAL_SD_ErrorCallback)
    i.HAL_SD_GetCardCSD                      0x080015f0   Section        0  stm32f4xx_hal_sd.o(i.HAL_SD_GetCardCSD)
    i.HAL_SD_GetCardInfo                     0x080017ca   Section        0  stm32f4xx_hal_sd.o(i.HAL_SD_GetCardInfo)
    i.HAL_SD_GetCardState                    0x080017ee   Section        0  stm32f4xx_hal_sd.o(i.HAL_SD_GetCardState)
    i.HAL_SD_IRQHandler                      0x0800181c   Section        0  stm32f4xx_hal_sd.o(i.HAL_SD_IRQHandler)
    i.HAL_SD_Init                            0x080019dc   Section        0  stm32f4xx_hal_sd.o(i.HAL_SD_Init)
    i.HAL_SD_InitCard                        0x08001a14   Section        0  stm32f4xx_hal_sd.o(i.HAL_SD_InitCard)
    i.HAL_SD_MspInit                         0x08001a68   Section        0  stm32f4xx_hal_msp.o(i.HAL_SD_MspInit)
    i.HAL_SD_ReadBlocks                      0x08001adc   Section        0  stm32f4xx_hal_sd.o(i.HAL_SD_ReadBlocks)
    i.HAL_SD_RxCpltCallback                  0x08001c8e   Section        0  stm32f4xx_hal_sd.o(i.HAL_SD_RxCpltCallback)
    i.HAL_SD_TxCpltCallback                  0x08001c90   Section        0  stm32f4xx_hal_sd.o(i.HAL_SD_TxCpltCallback)
    i.HAL_SD_WriteBlocks                     0x08001c94   Section        0  stm32f4xx_hal_sd.o(i.HAL_SD_WriteBlocks)
    i.HAL_SYSTICK_CLKSourceConfig            0x08001e2e   Section        0  stm32f4xx_hal_cortex.o(i.HAL_SYSTICK_CLKSourceConfig)
    i.HAL_SYSTICK_Callback                   0x08001e46   Section        0  stm32f4xx_hal_cortex.o(i.HAL_SYSTICK_Callback)
    i.HAL_SYSTICK_Config                     0x08001e48   Section        0  stm32f4xx_hal_cortex.o(i.HAL_SYSTICK_Config)
    i.HAL_SYSTICK_IRQHandler                 0x08001e70   Section        0  stm32f4xx_hal_cortex.o(i.HAL_SYSTICK_IRQHandler)
    i.HAL_UART_ErrorCallback                 0x08001e78   Section        0  stm32f4xx_hal_uart.o(i.HAL_UART_ErrorCallback)
    i.HAL_UART_IRQHandler                    0x08001e7c   Section        0  stm32f4xx_hal_uart.o(i.HAL_UART_IRQHandler)
    i.HAL_UART_Init                          0x08001f8c   Section        0  stm32f4xx_hal_uart.o(i.HAL_UART_Init)
    i.HAL_UART_MspInit                       0x08001ff0   Section        0  stm32f4xx_hal_msp.o(i.HAL_UART_MspInit)
    i.HAL_UART_Receive_IT                    0x08002104   Section        0  stm32f4xx_hal_uart.o(i.HAL_UART_Receive_IT)
    i.HAL_UART_RxCpltCallback                0x0800214c   Section        0  main.o(i.HAL_UART_RxCpltCallback)
    i.HAL_UART_Transmit_IT                   0x08002284   Section        0  stm32f4xx_hal_uart.o(i.HAL_UART_Transmit_IT)
    i.HAL_UART_TxCpltCallback                0x080022c2   Section        0  stm32f4xx_hal_uart.o(i.HAL_UART_TxCpltCallback)
    i.HardFault_Handler                      0x080022c4   Section        0  stm32f4xx_it.o(i.HardFault_Handler)
    i.I2C1_EV_IRQHandler                     0x080022c8   Section        0  stm32f4xx_it.o(i.I2C1_EV_IRQHandler)
    i.I2C_DMAAbort                           0x080022d4   Section        0  stm32f4xx_hal_i2c.o(i.I2C_DMAAbort)
    I2C_DMAAbort                             0x080022d5   Thumb Code    78  stm32f4xx_hal_i2c.o(i.I2C_DMAAbort)
    i.I2C_DMAError                           0x08002322   Section        0  stm32f4xx_hal_i2c.o(i.I2C_DMAError)
    I2C_DMAError                             0x08002323   Thumb Code    52  stm32f4xx_hal_i2c.o(i.I2C_DMAError)
    i.I2C_DMAXferCplt                        0x08002356   Section        0  stm32f4xx_hal_i2c.o(i.I2C_DMAXferCplt)
    I2C_DMAXferCplt                          0x08002357   Thumb Code   134  stm32f4xx_hal_i2c.o(i.I2C_DMAXferCplt)
    i.I2C_ITError                            0x080023dc   Section        0  stm32f4xx_hal_i2c.o(i.I2C_ITError)
    I2C_ITError                              0x080023dd   Thumb Code   284  stm32f4xx_hal_i2c.o(i.I2C_ITError)
    i.I2C_IsAcknowledgeFailed                0x08002500   Section        0  stm32f4xx_hal_i2c.o(i.I2C_IsAcknowledgeFailed)
    I2C_IsAcknowledgeFailed                  0x08002501   Thumb Code    40  stm32f4xx_hal_i2c.o(i.I2C_IsAcknowledgeFailed)
    i.I2C_MasterReceive_BTF                  0x08002528   Section        0  stm32f4xx_hal_i2c.o(i.I2C_MasterReceive_BTF)
    I2C_MasterReceive_BTF                    0x08002529   Thumb Code   194  stm32f4xx_hal_i2c.o(i.I2C_MasterReceive_BTF)
    i.I2C_MasterReceive_RXNE                 0x080025f0   Section        0  stm32f4xx_hal_i2c.o(i.I2C_MasterReceive_RXNE)
    I2C_MasterReceive_RXNE                   0x080025f1   Thumb Code   168  stm32f4xx_hal_i2c.o(i.I2C_MasterReceive_RXNE)
    i.I2C_MasterTransmit_BTF                 0x08002698   Section        0  stm32f4xx_hal_i2c.o(i.I2C_MasterTransmit_BTF)
    I2C_MasterTransmit_BTF                   0x08002699   Thumb Code   128  stm32f4xx_hal_i2c.o(i.I2C_MasterTransmit_BTF)
    i.I2C_MasterTransmit_TXE                 0x08002718   Section        0  stm32f4xx_hal_i2c.o(i.I2C_MasterTransmit_TXE)
    I2C_MasterTransmit_TXE                   0x08002719   Thumb Code   264  stm32f4xx_hal_i2c.o(i.I2C_MasterTransmit_TXE)
    i.I2C_Master_ADDR                        0x08002820   Section        0  stm32f4xx_hal_i2c.o(i.I2C_Master_ADDR)
    I2C_Master_ADDR                          0x08002821   Thumb Code   244  stm32f4xx_hal_i2c.o(i.I2C_Master_ADDR)
    i.I2C_Master_SB                          0x08002914   Section        0  stm32f4xx_hal_i2c.o(i.I2C_Master_SB)
    I2C_Master_SB                            0x08002915   Thumb Code    90  stm32f4xx_hal_i2c.o(i.I2C_Master_SB)
    i.I2C_RequestMemoryRead                  0x0800296e   Section        0  stm32f4xx_hal_i2c.o(i.I2C_RequestMemoryRead)
    I2C_RequestMemoryRead                    0x0800296f   Thumb Code   240  stm32f4xx_hal_i2c.o(i.I2C_RequestMemoryRead)
    i.I2C_Slave_STOPF                        0x08002a60   Section        0  stm32f4xx_hal_i2c.o(i.I2C_Slave_STOPF)
    I2C_Slave_STOPF                          0x08002a61   Thumb Code   214  stm32f4xx_hal_i2c.o(i.I2C_Slave_STOPF)
    i.I2C_WaitOnFlagUntilTimeout             0x08002b3c   Section        0  stm32f4xx_hal_i2c.o(i.I2C_WaitOnFlagUntilTimeout)
    I2C_WaitOnFlagUntilTimeout               0x08002b3d   Thumb Code    96  stm32f4xx_hal_i2c.o(i.I2C_WaitOnFlagUntilTimeout)
    i.I2C_WaitOnMasterAddressFlagUntilTimeout 0x08002b9c   Section        0  stm32f4xx_hal_i2c.o(i.I2C_WaitOnMasterAddressFlagUntilTimeout)
    I2C_WaitOnMasterAddressFlagUntilTimeout  0x08002b9d   Thumb Code   136  stm32f4xx_hal_i2c.o(i.I2C_WaitOnMasterAddressFlagUntilTimeout)
    i.I2C_WaitOnTXEFlagUntilTimeout          0x08002c24   Section        0  stm32f4xx_hal_i2c.o(i.I2C_WaitOnTXEFlagUntilTimeout)
    I2C_WaitOnTXEFlagUntilTimeout            0x08002c25   Thumb Code    78  stm32f4xx_hal_i2c.o(i.I2C_WaitOnTXEFlagUntilTimeout)
    i.Initsim900A                            0x08002c74   Section        0  main.o(i.Initsim900A)
    i.MX_FATFS_Init                          0x08002d10   Section        0  fatfs.o(i.MX_FATFS_Init)
    i.MX_GPIO_Init                           0x08002d2c   Section        0  main.o(i.MX_GPIO_Init)
    MX_GPIO_Init                             0x08002d2d   Thumb Code   296  main.o(i.MX_GPIO_Init)
    i.MX_I2C1_Init                           0x08002e6c   Section        0  main.o(i.MX_I2C1_Init)
    MX_I2C1_Init                             0x08002e6d   Thumb Code    44  main.o(i.MX_I2C1_Init)
    i.MemManage_Handler                      0x08002ea4   Section        0  stm32f4xx_it.o(i.MemManage_Handler)
    i.NMI_Handler                            0x08002ea6   Section        0  stm32f4xx_it.o(i.NMI_Handler)
    i.NVIC_SetPriority                       0x08002ea8   Section        0  stm32f4xx_hal_cortex.o(i.NVIC_SetPriority)
    NVIC_SetPriority                         0x08002ea9   Thumb Code    32  stm32f4xx_hal_cortex.o(i.NVIC_SetPriority)
    i.PendSV_Handler                         0x08002ec8   Section        0  stm32f4xx_it.o(i.PendSV_Handler)
    i.SDIO_ConfigData                        0x08002eca   Section        0  stm32f4xx_ll_sdmmc.o(i.SDIO_ConfigData)
    i.SDIO_GetPowerState                     0x08002eee   Section        0  stm32f4xx_ll_sdmmc.o(i.SDIO_GetPowerState)
    i.SDIO_GetResponse                       0x08002ef6   Section        0  stm32f4xx_ll_sdmmc.o(i.SDIO_GetResponse)
    i.SDIO_IRQHandler                        0x08002f04   Section        0  stm32f4xx_it.o(i.SDIO_IRQHandler)
    i.SDIO_Init                              0x08002f10   Section        0  stm32f4xx_ll_sdmmc.o(i.SDIO_Init)
    i.SDIO_PowerState_ON                     0x08002f34   Section        0  stm32f4xx_ll_sdmmc.o(i.SDIO_PowerState_ON)
    i.SDIO_ReadFIFO                          0x08002f3c   Section        0  stm32f4xx_ll_sdmmc.o(i.SDIO_ReadFIFO)
    i.SDIO_SendCommand                       0x08002f42   Section        0  stm32f4xx_ll_sdmmc.o(i.SDIO_SendCommand)
    i.SDIO_WriteFIFO                         0x08002f62   Section        0  stm32f4xx_ll_sdmmc.o(i.SDIO_WriteFIFO)
    i.SDMMC_CmdAppCommand                    0x08002f6c   Section        0  stm32f4xx_ll_sdmmc.o(i.SDMMC_CmdAppCommand)
    i.SDMMC_CmdAppOperCommand                0x08002fa0   Section        0  stm32f4xx_ll_sdmmc.o(i.SDMMC_CmdAppOperCommand)
    i.SDMMC_CmdBlockLength                   0x08002fd4   Section        0  stm32f4xx_ll_sdmmc.o(i.SDMMC_CmdBlockLength)
    i.SDMMC_CmdGoIdleState                   0x08003008   Section        0  stm32f4xx_ll_sdmmc.o(i.SDMMC_CmdGoIdleState)
    i.SDMMC_CmdOperCond                      0x08003058   Section        0  stm32f4xx_ll_sdmmc.o(i.SDMMC_CmdOperCond)
    i.SDMMC_CmdReadMultiBlock                0x080030c0   Section        0  stm32f4xx_ll_sdmmc.o(i.SDMMC_CmdReadMultiBlock)
    i.SDMMC_CmdReadSingleBlock               0x080030f2   Section        0  stm32f4xx_ll_sdmmc.o(i.SDMMC_CmdReadSingleBlock)
    i.SDMMC_CmdSelDesel                      0x08003124   Section        0  stm32f4xx_ll_sdmmc.o(i.SDMMC_CmdSelDesel)
    i.SDMMC_CmdSendCID                       0x08003156   Section        0  stm32f4xx_ll_sdmmc.o(i.SDMMC_CmdSendCID)
    i.SDMMC_CmdSendCSD                       0x08003182   Section        0  stm32f4xx_ll_sdmmc.o(i.SDMMC_CmdSendCSD)
    i.SDMMC_CmdSendStatus                    0x080031ae   Section        0  stm32f4xx_ll_sdmmc.o(i.SDMMC_CmdSendStatus)
    i.SDMMC_CmdSetRelAdd                     0x080031e0   Section        0  stm32f4xx_ll_sdmmc.o(i.SDMMC_CmdSetRelAdd)
    i.SDMMC_CmdStopTransfer                  0x08003210   Section        0  stm32f4xx_ll_sdmmc.o(i.SDMMC_CmdStopTransfer)
    i.SDMMC_CmdWriteMultiBlock               0x08003244   Section        0  stm32f4xx_ll_sdmmc.o(i.SDMMC_CmdWriteMultiBlock)
    i.SDMMC_CmdWriteSingleBlock              0x08003276   Section        0  stm32f4xx_ll_sdmmc.o(i.SDMMC_CmdWriteSingleBlock)
    i.SDMMC_GetCmdResp1                      0x080032a8   Section        0  stm32f4xx_ll_sdmmc.o(i.SDMMC_GetCmdResp1)
    SDMMC_GetCmdResp1                        0x080032a9   Thumb Code   276  stm32f4xx_ll_sdmmc.o(i.SDMMC_GetCmdResp1)
    i.SDMMC_GetCmdResp2                      0x080033c4   Section        0  stm32f4xx_ll_sdmmc.o(i.SDMMC_GetCmdResp2)
    SDMMC_GetCmdResp2                        0x080033c5   Thumb Code    74  stm32f4xx_ll_sdmmc.o(i.SDMMC_GetCmdResp2)
    i.SDMMC_GetCmdResp3                      0x08003414   Section        0  stm32f4xx_ll_sdmmc.o(i.SDMMC_GetCmdResp3)
    SDMMC_GetCmdResp3                        0x08003415   Thumb Code    60  stm32f4xx_ll_sdmmc.o(i.SDMMC_GetCmdResp3)
    i.SDMMC_GetCmdResp6                      0x08003454   Section        0  stm32f4xx_ll_sdmmc.o(i.SDMMC_GetCmdResp6)
    SDMMC_GetCmdResp6                        0x08003455   Thumb Code   128  stm32f4xx_ll_sdmmc.o(i.SDMMC_GetCmdResp6)
    i.SD_DMARxAbort                          0x080034d8   Section        0  stm32f4xx_hal_sd.o(i.SD_DMARxAbort)
    SD_DMARxAbort                            0x080034d9   Thumb Code    72  stm32f4xx_hal_sd.o(i.SD_DMARxAbort)
    i.SD_DMATxAbort                          0x08003520   Section        0  stm32f4xx_hal_sd.o(i.SD_DMATxAbort)
    SD_DMATxAbort                            0x08003521   Thumb Code    72  stm32f4xx_hal_sd.o(i.SD_DMATxAbort)
    i.SD_InitCard                            0x08003568   Section        0  stm32f4xx_hal_sd.o(i.SD_InitCard)
    SD_InitCard                              0x08003569   Thumb Code   230  stm32f4xx_hal_sd.o(i.SD_InitCard)
    i.SD_PowerON                             0x0800364e   Section        0  stm32f4xx_hal_sd.o(i.SD_PowerON)
    SD_PowerON                               0x0800364f   Thumb Code   162  stm32f4xx_hal_sd.o(i.SD_PowerON)
    i.SD_initialize                          0x080036f0   Section        0  sd_diskio.o(i.SD_initialize)
    i.SD_ioctl                               0x08003710   Section        0  sd_diskio.o(i.SD_ioctl)
    i.SD_read                                0x08003760   Section        0  sd_diskio.o(i.SD_read)
    i.SD_status                              0x0800379c   Section        0  sd_diskio.o(i.SD_status)
    i.SD_write                               0x080037bc   Section        0  sd_diskio.o(i.SD_write)
    i.SVC_Handler                            0x080037f8   Section        0  stm32f4xx_it.o(i.SVC_Handler)
    i.SysTick_Handler                        0x080037fa   Section        0  stm32f4xx_it.o(i.SysTick_Handler)
    i.SystemClock_Config                     0x08003808   Section        0  main.o(i.SystemClock_Config)
    i.SystemInit                             0x080038a4   Section        0  system_stm32f4xx.o(i.SystemInit)
    i.UART4_IRQHandler                       0x080038f8   Section        0  stm32f4xx_it.o(i.UART4_IRQHandler)
    i.UART_DMAAbortOnError                   0x08003904   Section        0  stm32f4xx_hal_uart.o(i.UART_DMAAbortOnError)
    UART_DMAAbortOnError                     0x08003905   Thumb Code    16  stm32f4xx_hal_uart.o(i.UART_DMAAbortOnError)
    i.UART_EndRxTransfer                     0x08003914   Section        0  stm32f4xx_hal_uart.o(i.UART_EndRxTransfer)
    UART_EndRxTransfer                       0x08003915   Thumb Code    28  stm32f4xx_hal_uart.o(i.UART_EndRxTransfer)
    i.UART_Receive_IT                        0x08003930   Section        0  stm32f4xx_hal_uart.o(i.UART_Receive_IT)
    UART_Receive_IT                          0x08003931   Thumb Code   140  stm32f4xx_hal_uart.o(i.UART_Receive_IT)
    i.UART_SetConfig                         0x080039bc   Section        0  stm32f4xx_hal_uart.o(i.UART_SetConfig)
    UART_SetConfig                           0x080039bd   Thumb Code   676  stm32f4xx_hal_uart.o(i.UART_SetConfig)
    i.UART_Transmit_IT                       0x08003c68   Section        0  stm32f4xx_hal_uart.o(i.UART_Transmit_IT)
    UART_Transmit_IT                         0x08003c69   Thumb Code    98  stm32f4xx_hal_uart.o(i.UART_Transmit_IT)
    i.USART1_IRQHandler                      0x08003ccc   Section        0  stm32f4xx_it.o(i.USART1_IRQHandler)
    i.USART2_IRQHandler                      0x08003cd8   Section        0  stm32f4xx_it.o(i.USART2_IRQHandler)
    i.USART3_IRQHandler                      0x08003ce4   Section        0  stm32f4xx_it.o(i.USART3_IRQHandler)
    i.UsageFault_Handler                     0x08003cf0   Section        0  stm32f4xx_it.o(i.UsageFault_Handler)
    i._Error_Handler                         0x08003cf2   Section        0  main.o(i._Error_Handler)
    i.__0sprintf$1                           0x08003cf4   Section        0  printf1.o(i.__0sprintf$1)
    i.__scatterload_copy                     0x08003d1c   Section       14  handlers.o(i.__scatterload_copy)
    i.__scatterload_null                     0x08003d2a   Section        2  handlers.o(i.__scatterload_null)
    i.__scatterload_zeroinit                 0x08003d2c   Section       14  handlers.o(i.__scatterload_zeroinit)
    i._printf_core                           0x08003d3c   Section        0  printf1.o(i._printf_core)
    _printf_core                             0x08003d3d   Thumb Code   336  printf1.o(i._printf_core)
    i._sputc                                 0x08003e90   Section        0  printf1.o(i._sputc)
    _sputc                                   0x08003e91   Thumb Code    10  printf1.o(i._sputc)
    i.answerSystem                           0x08003e9c   Section        0  main.o(i.answerSystem)
    i.checkLCD                               0x08003f5c   Section        0  main.o(i.checkLCD)
    i.checkSetTime                           0x08003fb4   Section        0  main.o(i.checkSetTime)
    i.checkTimeToReadSensor                  0x080040dc   Section        0  main.o(i.checkTimeToReadSensor)
    i.controlDevice                          0x08004138   Section        0  main.o(i.controlDevice)
    i.convertNumToStringLSB                  0x0800416c   Section        0  main.o(i.convertNumToStringLSB)
    i.convertNumToStringMSB                  0x0800417a   Section        0  main.o(i.convertNumToStringMSB)
    i.convertStringToNum                     0x08004186   Section        0  main.o(i.convertStringToNum)
    i.deleteSMS                              0x08004198   Section        0  main.o(i.deleteSMS)
    i.lcd_HomePage                           0x080041cc   Section        0  lcddisplay.o(i.lcd_HomePage)
    i.lcd_Intro                              0x080043a4   Section        0  lcddisplay.o(i.lcd_Intro)
    i.lcd_Mode_1_page                        0x08004430   Section        0  lcddisplay.o(i.lcd_Mode_1_page)
    i.lcd_Mode_2_page                        0x0800447c   Section        0  lcddisplay.o(i.lcd_Mode_2_page)
    i.lcd_Mode_3_page                        0x080044c8   Section        0  lcddisplay.o(i.lcd_Mode_3_page)
    i.lcd_clear                              0x08004514   Section        0  lcd_txt.o(i.lcd_clear)
    i.lcd_init                               0x0800451c   Section        0  lcd_txt.o(i.lcd_init)
    i.lcd_puts                               0x08004594   Section        0  lcd_txt.o(i.lcd_puts)
    i.lcd_write                              0x080045d4   Section        0  lcd_txt.o(i.lcd_write)
    i.main                                   0x080046b4   Section        0  main.o(i.main)
    i.processDataFromInternet                0x0800487c   Section        0  main.o(i.processDataFromInternet)
    i.processDataFromSim                     0x08004938   Section        0  main.o(i.processDataFromSim)
    i.processDetailSms                       0x080049b0   Section        0  main.o(i.processDetailSms)
    i.sendDataFromSensorToInternet           0x08004a8c   Section        0  main.o(i.sendDataFromSensorToInternet)
    i.sendMessage                            0x08004aac   Section        0  main.o(i.sendMessage)
    i.sendRS485toSystem                      0x08004b0c   Section        0  main.o(i.sendRS485toSystem)
    i.setIDforButton                         0x08004b6c   Section        0  main.o(i.setIDforButton)
    i.setIDforDevice                         0x08004bec   Section        0  main.o(i.setIDforDevice)
    i.updateDevicesState                     0x08004c58   Section        0  main.o(i.updateDevicesState)
    i.updateStateToInternet                  0x08004c74   Section        0  main.o(i.updateStateToInternet)
    .constdata                               0x08004cac   Section       16  system_stm32f4xx.o(.constdata)
    .constdata                               0x08004cbc   Section        8  system_stm32f4xx.o(.constdata)
    .constdata                               0x08004cc4   Section       20  sd_diskio.o(.constdata)
    .constdata                               0x08004cd8   Section        8  stm32f4xx_hal_dma.o(.constdata)
    flagBitshiftOffset                       0x08004cd8   Data           8  stm32f4xx_hal_dma.o(.constdata)
    .data                                    0x20000000   Section        4  system_stm32f4xx.o(.data)
    .data                                    0x20000004   Section       89  main.o(.data)
    i                                        0x20000015   Data           1  main.o(.data)
    i                                        0x20000016   Data           1  main.o(.data)
    .data                                    0x2000005d   Section        5  fatfs.o(.data)
    .data                                    0x20000062   Section        1  sd_diskio.o(.data)
    Stat                                     0x20000062   Data           1  sd_diskio.o(.data)
    .data                                    0x20000064   Section        4  stm32f4xx_hal.o(.data)
    .bss                                     0x20000068   Section      756  main.o(.bss)
    .bss                                     0x2000035c   Section       96  main.o(.bss)
    .bss                                     0x200003bc   Section       12  ff_gen_drv.o(.bss)
    STACK                                    0x200003c8   Section     1024  startup_stm32f407xx.o(STACK)

    Global Symbols

    Symbol Name                              Value     Ov Type        Size  Object(Section)

    BuildAttributes$$THM_ISAv4$E$P$D$K$B$S$7EM$VFPi3$EXTD16$VFPS$VFMA$PE$A:L22UL41UL21$X:L11$S22US41US21$IEEE1$IW$USESV6$~STKCKD$USESV7$~SHL$OSPACE$ROPI$EBA8$MICROLIB$REQ8$PRES8$EABIv2 0x00000000   Number         0  anon$$obj.o ABSOLUTE
    __ARM_use_no_argv                        0x00000000   Number         0  main.o ABSOLUTE
    _printf_a                                0x00000000   Number         0  stubs.o ABSOLUTE
    _printf_c                                0x00000000   Number         0  stubs.o ABSOLUTE
    _printf_charcount                        0x00000000   Number         0  stubs.o ABSOLUTE
    _printf_d                                0x00000000   Number         0  stubs.o ABSOLUTE
    _printf_e                                0x00000000   Number         0  stubs.o ABSOLUTE
    _printf_f                                0x00000000   Number         0  stubs.o ABSOLUTE
    _printf_flags                            0x00000000   Number         0  stubs.o ABSOLUTE
    _printf_fp_dec                           0x00000000   Number         0  stubs.o ABSOLUTE
    _printf_fp_hex                           0x00000000   Number         0  stubs.o ABSOLUTE
    _printf_g                                0x00000000   Number         0  stubs.o ABSOLUTE
    _printf_i                                0x00000000   Number         0  stubs.o ABSOLUTE
    _printf_int_dec                          0x00000000   Number         0  stubs.o ABSOLUTE
    _printf_l                                0x00000000   Number         0  stubs.o ABSOLUTE
    _printf_lc                               0x00000000   Number         0  stubs.o ABSOLUTE
    _printf_ll                               0x00000000   Number         0  stubs.o ABSOLUTE
    _printf_lld                              0x00000000   Number         0  stubs.o ABSOLUTE
    _printf_lli                              0x00000000   Number         0  stubs.o ABSOLUTE
    _printf_llo                              0x00000000   Number         0  stubs.o ABSOLUTE
    _printf_llu                              0x00000000   Number         0  stubs.o ABSOLUTE
    _printf_llx                              0x00000000   Number         0  stubs.o ABSOLUTE
    _printf_longlong_dec                     0x00000000   Number         0  stubs.o ABSOLUTE
    _printf_longlong_hex                     0x00000000   Number         0  stubs.o ABSOLUTE
    _printf_longlong_oct                     0x00000000   Number         0  stubs.o ABSOLUTE
    _printf_ls                               0x00000000   Number         0  stubs.o ABSOLUTE
    _printf_mbtowc                           0x00000000   Number         0  stubs.o ABSOLUTE
    _printf_n                                0x00000000   Number         0  stubs.o ABSOLUTE
    _printf_o                                0x00000000   Number         0  stubs.o ABSOLUTE
    _printf_p                                0x00000000   Number         0  stubs.o ABSOLUTE
    _printf_percent                          0x00000000   Number         0  stubs.o ABSOLUTE
    _printf_pre_padding                      0x00000000   Number         0  stubs.o ABSOLUTE
    _printf_return_value                     0x00000000   Number         0  stubs.o ABSOLUTE
    _printf_s                                0x00000000   Number         0  stubs.o ABSOLUTE
    _printf_sizespec                         0x00000000   Number         0  stubs.o ABSOLUTE
    _printf_str                              0x00000000   Number         0  stubs.o ABSOLUTE
    _printf_truncate_signed                  0x00000000   Number         0  stubs.o ABSOLUTE
    _printf_truncate_unsigned                0x00000000   Number         0  stubs.o ABSOLUTE
    _printf_u                                0x00000000   Number         0  stubs.o ABSOLUTE
    _printf_wc                               0x00000000   Number         0  stubs.o ABSOLUTE
    _printf_wctomb                           0x00000000   Number         0  stubs.o ABSOLUTE
    _printf_widthprec                        0x00000000   Number         0  stubs.o ABSOLUTE
    _printf_x                                0x00000000   Number         0  stubs.o ABSOLUTE
    __cpp_initialize__aeabi_                  - Undefined Weak Reference
    __cxa_finalize                            - Undefined Weak Reference
    __decompress                              - Undefined Weak Reference
    _clock_init                               - Undefined Weak Reference
    _microlib_exit                            - Undefined Weak Reference
    __Vectors_Size                           0x00000188   Number         0  startup_stm32f407xx.o ABSOLUTE
    __Vectors                                0x08000000   Data           4  startup_stm32f407xx.o(RESET)
    __Vectors_End                            0x08000188   Data           0  startup_stm32f407xx.o(RESET)
    __main                                   0x08000189   Thumb Code     0  entry.o(.ARM.Collect$$$$00000000)
    _main_stk                                0x08000189   Thumb Code     0  entry2.o(.ARM.Collect$$$$00000001)
    _main_scatterload                        0x0800018d   Thumb Code     0  entry5.o(.ARM.Collect$$$$00000004)
    __main_after_scatterload                 0x08000191   Thumb Code     0  entry5.o(.ARM.Collect$$$$00000004)
    _main_clock                              0x08000191   Thumb Code     0  entry7b.o(.ARM.Collect$$$$00000008)
    _main_cpp_init                           0x08000191   Thumb Code     0  entry8b.o(.ARM.Collect$$$$0000000A)
    _main_init                               0x08000191   Thumb Code     0  entry9a.o(.ARM.Collect$$$$0000000B)
    __rt_final_cpp                           0x08000199   Thumb Code     0  entry10a.o(.ARM.Collect$$$$0000000D)
    __rt_final_exit                          0x08000199   Thumb Code     0  entry11a.o(.ARM.Collect$$$$0000000F)
    Reset_Handler                            0x0800019d   Thumb Code     8  startup_stm32f407xx.o(.text)
    ADC_IRQHandler                           0x080001b7   Thumb Code     0  startup_stm32f407xx.o(.text)
    CAN1_RX0_IRQHandler                      0x080001b7   Thumb Code     0  startup_stm32f407xx.o(.text)
    CAN1_RX1_IRQHandler                      0x080001b7   Thumb Code     0  startup_stm32f407xx.o(.text)
    CAN1_SCE_IRQHandler                      0x080001b7   Thumb Code     0  startup_stm32f407xx.o(.text)
    CAN1_TX_IRQHandler                       0x080001b7   Thumb Code     0  startup_stm32f407xx.o(.text)
    CAN2_RX0_IRQHandler                      0x080001b7   Thumb Code     0  startup_stm32f407xx.o(.text)
    CAN2_RX1_IRQHandler                      0x080001b7   Thumb Code     0  startup_stm32f407xx.o(.text)
    CAN2_SCE_IRQHandler                      0x080001b7   Thumb Code     0  startup_stm32f407xx.o(.text)
    CAN2_TX_IRQHandler                       0x080001b7   Thumb Code     0  startup_stm32f407xx.o(.text)
    DCMI_IRQHandler                          0x080001b7   Thumb Code     0  startup_stm32f407xx.o(.text)
    DMA1_Stream1_IRQHandler                  0x080001b7   Thumb Code     0  startup_stm32f407xx.o(.text)
    DMA1_Stream2_IRQHandler                  0x080001b7   Thumb Code     0  startup_stm32f407xx.o(.text)
    DMA1_Stream3_IRQHandler                  0x080001b7   Thumb Code     0  startup_stm32f407xx.o(.text)
    DMA1_Stream4_IRQHandler                  0x080001b7   Thumb Code     0  startup_stm32f407xx.o(.text)
    DMA1_Stream5_IRQHandler                  0x080001b7   Thumb Code     0  startup_stm32f407xx.o(.text)
    DMA1_Stream6_IRQHandler                  0x080001b7   Thumb Code     0  startup_stm32f407xx.o(.text)
    DMA1_Stream7_IRQHandler                  0x080001b7   Thumb Code     0  startup_stm32f407xx.o(.text)
    DMA2_Stream0_IRQHandler                  0x080001b7   Thumb Code     0  startup_stm32f407xx.o(.text)
    DMA2_Stream1_IRQHandler                  0x080001b7   Thumb Code     0  startup_stm32f407xx.o(.text)
    DMA2_Stream2_IRQHandler                  0x080001b7   Thumb Code     0  startup_stm32f407xx.o(.text)
    DMA2_Stream3_IRQHandler                  0x080001b7   Thumb Code     0  startup_stm32f407xx.o(.text)
    DMA2_Stream4_IRQHandler                  0x080001b7   Thumb Code     0  startup_stm32f407xx.o(.text)
    DMA2_Stream5_IRQHandler                  0x080001b7   Thumb Code     0  startup_stm32f407xx.o(.text)
    DMA2_Stream6_IRQHandler                  0x080001b7   Thumb Code     0  startup_stm32f407xx.o(.text)
    DMA2_Stream7_IRQHandler                  0x080001b7   Thumb Code     0  startup_stm32f407xx.o(.text)
    ETH_IRQHandler                           0x080001b7   Thumb Code     0  startup_stm32f407xx.o(.text)
    ETH_WKUP_IRQHandler                      0x080001b7   Thumb Code     0  startup_stm32f407xx.o(.text)
    EXTI15_10_IRQHandler                     0x080001b7   Thumb Code     0  startup_stm32f407xx.o(.text)
    EXTI4_IRQHandler                         0x080001b7   Thumb Code     0  startup_stm32f407xx.o(.text)
    EXTI9_5_IRQHandler                       0x080001b7   Thumb Code     0  startup_stm32f407xx.o(.text)
    FLASH_IRQHandler                         0x080001b7   Thumb Code     0  startup_stm32f407xx.o(.text)
    FMC_IRQHandler                           0x080001b7   Thumb Code     0  startup_stm32f407xx.o(.text)
    FPU_IRQHandler                           0x080001b7   Thumb Code     0  startup_stm32f407xx.o(.text)
    HASH_RNG_IRQHandler                      0x080001b7   Thumb Code     0  startup_stm32f407xx.o(.text)
    I2C1_ER_IRQHandler                       0x080001b7   Thumb Code     0  startup_stm32f407xx.o(.text)
    I2C2_ER_IRQHandler                       0x080001b7   Thumb Code     0  startup_stm32f407xx.o(.text)
    I2C2_EV_IRQHandler                       0x080001b7   Thumb Code     0  startup_stm32f407xx.o(.text)
    I2C3_ER_IRQHandler                       0x080001b7   Thumb Code     0  startup_stm32f407xx.o(.text)
    I2C3_EV_IRQHandler                       0x080001b7   Thumb Code     0  startup_stm32f407xx.o(.text)
    OTG_FS_IRQHandler                        0x080001b7   Thumb Code     0  startup_stm32f407xx.o(.text)
    OTG_FS_WKUP_IRQHandler                   0x080001b7   Thumb Code     0  startup_stm32f407xx.o(.text)
    OTG_HS_EP1_IN_IRQHandler                 0x080001b7   Thumb Code     0  startup_stm32f407xx.o(.text)
    OTG_HS_EP1_OUT_IRQHandler                0x080001b7   Thumb Code     0  startup_stm32f407xx.o(.text)
    OTG_HS_IRQHandler                        0x080001b7   Thumb Code     0  startup_stm32f407xx.o(.text)
    OTG_HS_WKUP_IRQHandler                   0x080001b7   Thumb Code     0  startup_stm32f407xx.o(.text)
    PVD_IRQHandler                           0x080001b7   Thumb Code     0  startup_stm32f407xx.o(.text)
    RCC_IRQHandler                           0x080001b7   Thumb Code     0  startup_stm32f407xx.o(.text)
    RTC_Alarm_IRQHandler                     0x080001b7   Thumb Code     0  startup_stm32f407xx.o(.text)
    RTC_WKUP_IRQHandler                      0x080001b7   Thumb Code     0  startup_stm32f407xx.o(.text)
    SPI1_IRQHandler                          0x080001b7   Thumb Code     0  startup_stm32f407xx.o(.text)
    SPI2_IRQHandler                          0x080001b7   Thumb Code     0  startup_stm32f407xx.o(.text)
    SPI3_IRQHandler                          0x080001b7   Thumb Code     0  startup_stm32f407xx.o(.text)
    TAMP_STAMP_IRQHandler                    0x080001b7   Thumb Code     0  startup_stm32f407xx.o(.text)
    TIM1_BRK_TIM9_IRQHandler                 0x080001b7   Thumb Code     0  startup_stm32f407xx.o(.text)
    TIM1_CC_IRQHandler                       0x080001b7   Thumb Code     0  startup_stm32f407xx.o(.text)
    TIM1_TRG_COM_TIM11_IRQHandler            0x080001b7   Thumb Code     0  startup_stm32f407xx.o(.text)
    TIM1_UP_TIM10_IRQHandler                 0x080001b7   Thumb Code     0  startup_stm32f407xx.o(.text)
    TIM2_IRQHandler                          0x080001b7   Thumb Code     0  startup_stm32f407xx.o(.text)
    TIM3_IRQHandler                          0x080001b7   Thumb Code     0  startup_stm32f407xx.o(.text)
    TIM4_IRQHandler                          0x080001b7   Thumb Code     0  startup_stm32f407xx.o(.text)
    TIM5_IRQHandler                          0x080001b7   Thumb Code     0  startup_stm32f407xx.o(.text)
    TIM6_DAC_IRQHandler                      0x080001b7   Thumb Code     0  startup_stm32f407xx.o(.text)
    TIM7_IRQHandler                          0x080001b7   Thumb Code     0  startup_stm32f407xx.o(.text)
    TIM8_BRK_TIM12_IRQHandler                0x080001b7   Thumb Code     0  startup_stm32f407xx.o(.text)
    TIM8_CC_IRQHandler                       0x080001b7   Thumb Code     0  startup_stm32f407xx.o(.text)
    TIM8_TRG_COM_TIM14_IRQHandler            0x080001b7   Thumb Code     0  startup_stm32f407xx.o(.text)
    TIM8_UP_TIM13_IRQHandler                 0x080001b7   Thumb Code     0  startup_stm32f407xx.o(.text)
    UART5_IRQHandler                         0x080001b7   Thumb Code     0  startup_stm32f407xx.o(.text)
    USART6_IRQHandler                        0x080001b7   Thumb Code     0  startup_stm32f407xx.o(.text)
    WWDG_IRQHandler                          0x080001b7   Thumb Code     0  startup_stm32f407xx.o(.text)
    strstr                                   0x080001c1   Thumb Code    36  strstr.o(.text)
    strcmp                                   0x080001e5   Thumb Code    28  strcmp.o(.text)
    strcpy                                   0x08000201   Thumb Code    18  strcpy.o(.text)
    __aeabi_uidiv                            0x08000213   Thumb Code     0  uidiv.o(.text)
    __aeabi_uidivmod                         0x08000213   Thumb Code    44  uidiv.o(.text)
    __scatterload                            0x08000241   Thumb Code    28  init.o(.text)
    __scatterload_rt2                        0x08000241   Thumb Code     0  init.o(.text)
    BSP_SD_GetCardInfo                       0x08000265   Thumb Code     8  bsp_driver_sd.o(i.BSP_SD_GetCardInfo)
    BSP_SD_GetCardState                      0x08000271   Thumb Code    20  bsp_driver_sd.o(i.BSP_SD_GetCardState)
    BSP_SD_Init                              0x08000289   Thumb Code    30  bsp_driver_sd.o(i.BSP_SD_Init)
    BSP_SD_ReadBlocks                        0x080002ad   Thumb Code    26  bsp_driver_sd.o(i.BSP_SD_ReadBlocks)
    BSP_SD_WriteBlocks                       0x080002cd   Thumb Code    26  bsp_driver_sd.o(i.BSP_SD_WriteBlocks)
    BusFault_Handler                         0x080002ed   Thumb Code     2  stm32f4xx_it.o(i.BusFault_Handler)
    DMA1_Stream0_IRQHandler                  0x080002f1   Thumb Code     6  stm32f4xx_it.o(i.DMA1_Stream0_IRQHandler)
    DebugMon_Handler                         0x080003a1   Thumb Code     2  stm32f4xx_it.o(i.DebugMon_Handler)
    EXTI0_IRQHandler                         0x080003a3   Thumb Code     6  stm32f4xx_it.o(i.EXTI0_IRQHandler)
    EXTI1_IRQHandler                         0x080003a9   Thumb Code     6  stm32f4xx_it.o(i.EXTI1_IRQHandler)
    EXTI2_IRQHandler                         0x080003af   Thumb Code     6  stm32f4xx_it.o(i.EXTI2_IRQHandler)
    EXTI3_IRQHandler                         0x080003b5   Thumb Code     6  stm32f4xx_it.o(i.EXTI3_IRQHandler)
    FATFS_LinkDriver                         0x080003bb   Thumb Code     6  ff_gen_drv.o(i.FATFS_LinkDriver)
    FATFS_LinkDriverEx                       0x080003c1   Thumb Code    60  ff_gen_drv.o(i.FATFS_LinkDriverEx)
    HAL_DMA_Abort_IT                         0x08000401   Thumb Code    36  stm32f4xx_hal_dma.o(i.HAL_DMA_Abort_IT)
    HAL_DMA_GetError                         0x08000425   Thumb Code     4  stm32f4xx_hal_dma.o(i.HAL_DMA_GetError)
    HAL_DMA_IRQHandler                       0x08000429   Thumb Code   414  stm32f4xx_hal_dma.o(i.HAL_DMA_IRQHandler)
    HAL_DMA_Init                             0x080005d1   Thumb Code   206  stm32f4xx_hal_dma.o(i.HAL_DMA_Init)
    HAL_DMA_Start_IT                         0x080006a5   Thumb Code   120  stm32f4xx_hal_dma.o(i.HAL_DMA_Start_IT)
    HAL_Delay                                0x0800071d   Thumb Code    28  stm32f4xx_hal.o(i.HAL_Delay)
    HAL_GPIO_EXTI_Callback                   0x08000739   Thumb Code    74  main.o(i.HAL_GPIO_EXTI_Callback)
    HAL_GPIO_EXTI_IRQHandler                 0x08000789   Thumb Code    18  stm32f4xx_hal_gpio.o(i.HAL_GPIO_EXTI_IRQHandler)
    HAL_GPIO_Init                            0x080007a1   Thumb Code   388  stm32f4xx_hal_gpio.o(i.HAL_GPIO_Init)
    HAL_GPIO_WritePin                        0x08000951   Thumb Code    10  stm32f4xx_hal_gpio.o(i.HAL_GPIO_WritePin)
    HAL_GetTick                              0x0800095d   Thumb Code     6  stm32f4xx_hal.o(i.HAL_GetTick)
    HAL_I2C_AbortCpltCallback                0x08000969   Thumb Code     2  stm32f4xx_hal_i2c.o(i.HAL_I2C_AbortCpltCallback)
    HAL_I2C_AddrCallback                     0x0800096b   Thumb Code     2  stm32f4xx_hal_i2c.o(i.HAL_I2C_AddrCallback)
    HAL_I2C_EV_IRQHandler                    0x0800096d   Thumb Code   486  stm32f4xx_hal_i2c.o(i.HAL_I2C_EV_IRQHandler)
    HAL_I2C_ErrorCallback                    0x08000b5d   Thumb Code     2  stm32f4xx_hal_i2c.o(i.HAL_I2C_ErrorCallback)
    HAL_I2C_Init                             0x08000b61   Thumb Code   254  stm32f4xx_hal_i2c.o(i.HAL_I2C_Init)
    HAL_I2C_ListenCpltCallback               0x08000c69   Thumb Code     2  stm32f4xx_hal_i2c.o(i.HAL_I2C_ListenCpltCallback)
    HAL_I2C_MasterRxCpltCallback             0x08000c6b   Thumb Code     2  stm32f4xx_hal_i2c.o(i.HAL_I2C_MasterRxCpltCallback)
    HAL_I2C_MasterTxCpltCallback             0x08000c6d   Thumb Code     2  stm32f4xx_hal_i2c.o(i.HAL_I2C_MasterTxCpltCallback)
    HAL_I2C_MemRxCpltCallback                0x08000c71   Thumb Code   144  main.o(i.HAL_I2C_MemRxCpltCallback)
    HAL_I2C_MemTxCpltCallback                0x08000d09   Thumb Code     2  stm32f4xx_hal_i2c.o(i.HAL_I2C_MemTxCpltCallback)
    HAL_I2C_Mem_Read_DMA                     0x08000d0d   Thumb Code   360  stm32f4xx_hal_i2c.o(i.HAL_I2C_Mem_Read_DMA)
    HAL_I2C_MspInit                          0x08000e85   Thumb Code   134  stm32f4xx_hal_msp.o(i.HAL_I2C_MspInit)
    HAL_I2C_SlaveRxCpltCallback              0x08000f3d   Thumb Code     2  stm32f4xx_hal_i2c.o(i.HAL_I2C_SlaveRxCpltCallback)
    HAL_I2C_SlaveTxCpltCallback              0x08000f3f   Thumb Code     2  stm32f4xx_hal_i2c.o(i.HAL_I2C_SlaveTxCpltCallback)
    HAL_IncTick                              0x08000f41   Thumb Code    10  stm32f4xx_hal.o(i.HAL_IncTick)
    HAL_Init                                 0x08000f51   Thumb Code    48  stm32f4xx_hal.o(i.HAL_Init)
    HAL_InitTick                             0x08000f85   Thumb Code    34  stm32f4xx_hal.o(i.HAL_InitTick)
    HAL_MspInit                              0x08000fad   Thumb Code    88  stm32f4xx_hal_msp.o(i.HAL_MspInit)
    HAL_NVIC_EnableIRQ                       0x08001005   Thumb Code    22  stm32f4xx_hal_cortex.o(i.HAL_NVIC_EnableIRQ)
    HAL_NVIC_SetPriority                     0x0800101d   Thumb Code    60  stm32f4xx_hal_cortex.o(i.HAL_NVIC_SetPriority)
    HAL_NVIC_SetPriorityGrouping             0x0800105d   Thumb Code    26  stm32f4xx_hal_cortex.o(i.HAL_NVIC_SetPriorityGrouping)
    HAL_RCC_ClockConfig                      0x08001081   Thumb Code   364  stm32f4xx_hal_rcc.o(i.HAL_RCC_ClockConfig)
    HAL_RCC_GetHCLKFreq                      0x080011fd   Thumb Code     6  stm32f4xx_hal_rcc.o(i.HAL_RCC_GetHCLKFreq)
    HAL_RCC_GetPCLK1Freq                     0x08001209   Thumb Code    34  stm32f4xx_hal_rcc.o(i.HAL_RCC_GetPCLK1Freq)
    HAL_RCC_GetPCLK2Freq                     0x08001239   Thumb Code    34  stm32f4xx_hal_rcc.o(i.HAL_RCC_GetPCLK2Freq)
    HAL_RCC_GetSysClockFreq                  0x08001269   Thumb Code   104  stm32f4xx_hal_rcc.o(i.HAL_RCC_GetSysClockFreq)
    HAL_RCC_OscConfig                        0x080012d9   Thumb Code   770  stm32f4xx_hal_rcc.o(i.HAL_RCC_OscConfig)
    HAL_SD_AbortCallback                     0x080015ed   Thumb Code     2  stm32f4xx_hal_sd.o(i.HAL_SD_AbortCallback)
    HAL_SD_ErrorCallback                     0x080015ef   Thumb Code     2  stm32f4xx_hal_sd.o(i.HAL_SD_ErrorCallback)
    HAL_SD_GetCardCSD                        0x080015f1   Thumb Code   474  stm32f4xx_hal_sd.o(i.HAL_SD_GetCardCSD)
    HAL_SD_GetCardInfo                       0x080017cb   Thumb Code    36  stm32f4xx_hal_sd.o(i.HAL_SD_GetCardInfo)
    HAL_SD_GetCardState                      0x080017ef   Thumb Code    44  stm32f4xx_hal_sd.o(i.HAL_SD_GetCardState)
    HAL_SD_IRQHandler                        0x0800181d   Thumb Code   438  stm32f4xx_hal_sd.o(i.HAL_SD_IRQHandler)
    HAL_SD_Init                              0x080019dd   Thumb Code    54  stm32f4xx_hal_sd.o(i.HAL_SD_Init)
    HAL_SD_InitCard                          0x08001a15   Thumb Code    80  stm32f4xx_hal_sd.o(i.HAL_SD_InitCard)
    HAL_SD_MspInit                           0x08001a69   Thumb Code   100  stm32f4xx_hal_msp.o(i.HAL_SD_MspInit)
    HAL_SD_ReadBlocks                        0x08001add   Thumb Code   434  stm32f4xx_hal_sd.o(i.HAL_SD_ReadBlocks)
    HAL_SD_RxCpltCallback                    0x08001c8f   Thumb Code     2  stm32f4xx_hal_sd.o(i.HAL_SD_RxCpltCallback)
    HAL_SD_TxCpltCallback                    0x08001c91   Thumb Code     2  stm32f4xx_hal_sd.o(i.HAL_SD_TxCpltCallback)
    HAL_SD_WriteBlocks                       0x08001c95   Thumb Code   410  stm32f4xx_hal_sd.o(i.HAL_SD_WriteBlocks)
    HAL_SYSTICK_CLKSourceConfig              0x08001e2f   Thumb Code    24  stm32f4xx_hal_cortex.o(i.HAL_SYSTICK_CLKSourceConfig)
    HAL_SYSTICK_Callback                     0x08001e47   Thumb Code     2  stm32f4xx_hal_cortex.o(i.HAL_SYSTICK_Callback)
    HAL_SYSTICK_Config                       0x08001e49   Thumb Code    40  stm32f4xx_hal_cortex.o(i.HAL_SYSTICK_Config)
    HAL_SYSTICK_IRQHandler                   0x08001e71   Thumb Code     8  stm32f4xx_hal_cortex.o(i.HAL_SYSTICK_IRQHandler)
    HAL_UART_ErrorCallback                   0x08001e79   Thumb Code     2  stm32f4xx_hal_uart.o(i.HAL_UART_ErrorCallback)
    HAL_UART_IRQHandler                      0x08001e7d   Thumb Code   266  stm32f4xx_hal_uart.o(i.HAL_UART_IRQHandler)
    HAL_UART_Init                            0x08001f8d   Thumb Code    98  stm32f4xx_hal_uart.o(i.HAL_UART_Init)
    HAL_UART_MspInit                         0x08001ff1   Thumb Code   244  stm32f4xx_hal_msp.o(i.HAL_UART_MspInit)
    HAL_UART_Receive_IT                      0x08002105   Thumb Code    72  stm32f4xx_hal_uart.o(i.HAL_UART_Receive_IT)
    HAL_UART_RxCpltCallback                  0x0800214d   Thumb Code   300  main.o(i.HAL_UART_RxCpltCallback)
    HAL_UART_Transmit_IT                     0x08002285   Thumb Code    62  stm32f4xx_hal_uart.o(i.HAL_UART_Transmit_IT)
    HAL_UART_TxCpltCallback                  0x080022c3   Thumb Code     2  stm32f4xx_hal_uart.o(i.HAL_UART_TxCpltCallback)
    HardFault_Handler                        0x080022c5   Thumb Code     2  stm32f4xx_it.o(i.HardFault_Handler)
    I2C1_EV_IRQHandler                       0x080022c9   Thumb Code     6  stm32f4xx_it.o(i.I2C1_EV_IRQHandler)
    Initsim900A                              0x08002c75   Thumb Code    90  main.o(i.Initsim900A)
    MX_FATFS_Init                            0x08002d11   Thumb Code    18  fatfs.o(i.MX_FATFS_Init)
    MemManage_Handler                        0x08002ea5   Thumb Code     2  stm32f4xx_it.o(i.MemManage_Handler)
    NMI_Handler                              0x08002ea7   Thumb Code     2  stm32f4xx_it.o(i.NMI_Handler)
    PendSV_Handler                           0x08002ec9   Thumb Code     2  stm32f4xx_it.o(i.PendSV_Handler)
    SDIO_ConfigData                          0x08002ecb   Thumb Code    36  stm32f4xx_ll_sdmmc.o(i.SDIO_ConfigData)
    SDIO_GetPowerState                       0x08002eef   Thumb Code     8  stm32f4xx_ll_sdmmc.o(i.SDIO_GetPowerState)
    SDIO_GetResponse                         0x08002ef7   Thumb Code    12  stm32f4xx_ll_sdmmc.o(i.SDIO_GetResponse)
    SDIO_IRQHandler                          0x08002f05   Thumb Code     6  stm32f4xx_it.o(i.SDIO_IRQHandler)
    SDIO_Init                                0x08002f11   Thumb Code    36  stm32f4xx_ll_sdmmc.o(i.SDIO_Init)
    SDIO_PowerState_ON                       0x08002f35   Thumb Code     8  stm32f4xx_ll_sdmmc.o(i.SDIO_PowerState_ON)
    SDIO_ReadFIFO                            0x08002f3d   Thumb Code     6  stm32f4xx_ll_sdmmc.o(i.SDIO_ReadFIFO)
    SDIO_SendCommand                         0x08002f43   Thumb Code    32  stm32f4xx_ll_sdmmc.o(i.SDIO_SendCommand)
    SDIO_WriteFIFO                           0x08002f63   Thumb Code    10  stm32f4xx_ll_sdmmc.o(i.SDIO_WriteFIFO)
    SDMMC_CmdAppCommand                      0x08002f6d   Thumb Code    50  stm32f4xx_ll_sdmmc.o(i.SDMMC_CmdAppCommand)
    SDMMC_CmdAppOperCommand                  0x08002fa1   Thumb Code    48  stm32f4xx_ll_sdmmc.o(i.SDMMC_CmdAppOperCommand)
    SDMMC_CmdBlockLength                     0x08002fd5   Thumb Code    50  stm32f4xx_ll_sdmmc.o(i.SDMMC_CmdBlockLength)
    SDMMC_CmdGoIdleState                     0x08003009   Thumb Code    76  stm32f4xx_ll_sdmmc.o(i.SDMMC_CmdGoIdleState)
    SDMMC_CmdOperCond                        0x08003059   Thumb Code    98  stm32f4xx_ll_sdmmc.o(i.SDMMC_CmdOperCond)
    SDMMC_CmdReadMultiBlock                  0x080030c1   Thumb Code    50  stm32f4xx_ll_sdmmc.o(i.SDMMC_CmdReadMultiBlock)
    SDMMC_CmdReadSingleBlock                 0x080030f3   Thumb Code    50  stm32f4xx_ll_sdmmc.o(i.SDMMC_CmdReadSingleBlock)
    SDMMC_CmdSelDesel                        0x08003125   Thumb Code    50  stm32f4xx_ll_sdmmc.o(i.SDMMC_CmdSelDesel)
    SDMMC_CmdSendCID                         0x08003157   Thumb Code    44  stm32f4xx_ll_sdmmc.o(i.SDMMC_CmdSendCID)
    SDMMC_CmdSendCSD                         0x08003183   Thumb Code    44  stm32f4xx_ll_sdmmc.o(i.SDMMC_CmdSendCSD)
    SDMMC_CmdSendStatus                      0x080031af   Thumb Code    50  stm32f4xx_ll_sdmmc.o(i.SDMMC_CmdSendStatus)
    SDMMC_CmdSetRelAdd                       0x080031e1   Thumb Code    48  stm32f4xx_ll_sdmmc.o(i.SDMMC_CmdSetRelAdd)
    SDMMC_CmdStopTransfer                    0x08003211   Thumb Code    46  stm32f4xx_ll_sdmmc.o(i.SDMMC_CmdStopTransfer)
    SDMMC_CmdWriteMultiBlock                 0x08003245   Thumb Code    50  stm32f4xx_ll_sdmmc.o(i.SDMMC_CmdWriteMultiBlock)
    SDMMC_CmdWriteSingleBlock                0x08003277   Thumb Code    50  stm32f4xx_ll_sdmmc.o(i.SDMMC_CmdWriteSingleBlock)
    SD_initialize                            0x080036f1   Thumb Code    26  sd_diskio.o(i.SD_initialize)
    SD_ioctl                                 0x08003711   Thumb Code    74  sd_diskio.o(i.SD_ioctl)
    SD_read                                  0x08003761   Thumb Code    52  sd_diskio.o(i.SD_read)
    SD_status                                0x0800379d   Thumb Code    26  sd_diskio.o(i.SD_status)
    SD_write                                 0x080037bd   Thumb Code    52  sd_diskio.o(i.SD_write)
    SVC_Handler                              0x080037f9   Thumb Code     2  stm32f4xx_it.o(i.SVC_Handler)
    SysTick_Handler                          0x080037fb   Thumb Code    14  stm32f4xx_it.o(i.SysTick_Handler)
    SystemClock_Config                       0x08003809   Thumb Code   148  main.o(i.SystemClock_Config)
    SystemInit                               0x080038a5   Thumb Code    66  system_stm32f4xx.o(i.SystemInit)
    UART4_IRQHandler                         0x080038f9   Thumb Code     6  stm32f4xx_it.o(i.UART4_IRQHandler)
    USART1_IRQHandler                        0x08003ccd   Thumb Code     6  stm32f4xx_it.o(i.USART1_IRQHandler)
    USART2_IRQHandler                        0x08003cd9   Thumb Code     6  stm32f4xx_it.o(i.USART2_IRQHandler)
    USART3_IRQHandler                        0x08003ce5   Thumb Code     6  stm32f4xx_it.o(i.USART3_IRQHandler)
    UsageFault_Handler                       0x08003cf1   Thumb Code     2  stm32f4xx_it.o(i.UsageFault_Handler)
    _Error_Handler                           0x08003cf3   Thumb Code     2  main.o(i._Error_Handler)
    __0sprintf$1                             0x08003cf5   Thumb Code    34  printf1.o(i.__0sprintf$1)
    __1sprintf$1                             0x08003cf5   Thumb Code     0  printf1.o(i.__0sprintf$1)
    __2sprintf                               0x08003cf5   Thumb Code     0  printf1.o(i.__0sprintf$1)
    __scatterload_copy                       0x08003d1d   Thumb Code    14  handlers.o(i.__scatterload_copy)
    __scatterload_null                       0x08003d2b   Thumb Code     2  handlers.o(i.__scatterload_null)
    __scatterload_zeroinit                   0x08003d2d   Thumb Code    14  handlers.o(i.__scatterload_zeroinit)
    answerSystem                             0x08003e9d   Thumb Code   182  main.o(i.answerSystem)
    checkLCD                                 0x08003f5d   Thumb Code    82  main.o(i.checkLCD)
    checkSetTime                             0x08003fb5   Thumb Code   282  main.o(i.checkSetTime)
    checkTimeToReadSensor                    0x080040dd   Thumb Code    60  main.o(i.checkTimeToReadSensor)
    controlDevice                            0x08004139   Thumb Code    48  main.o(i.controlDevice)
    convertNumToStringLSB                    0x0800416d   Thumb Code    14  main.o(i.convertNumToStringLSB)
    convertNumToStringMSB                    0x0800417b   Thumb Code    12  main.o(i.convertNumToStringMSB)
    convertStringToNum                       0x08004187   Thumb Code    16  main.o(i.convertStringToNum)
    deleteSMS                                0x08004199   Thumb Code    24  main.o(i.deleteSMS)
    lcd_HomePage                             0x080041cd   Thumb Code   336  lcddisplay.o(i.lcd_HomePage)
    lcd_Intro                                0x080043a5   Thumb Code    50  lcddisplay.o(i.lcd_Intro)
    lcd_Mode_1_page                          0x08004431   Thumb Code    46  lcddisplay.o(i.lcd_Mode_1_page)
    lcd_Mode_2_page                          0x0800447d   Thumb Code    46  lcddisplay.o(i.lcd_Mode_2_page)
    lcd_Mode_3_page                          0x080044c9   Thumb Code    46  lcddisplay.o(i.lcd_Mode_3_page)
    lcd_clear                                0x08004515   Thumb Code     8  lcd_txt.o(i.lcd_clear)
    lcd_init                                 0x0800451d   Thumb Code   116  lcd_txt.o(i.lcd_init)
    lcd_puts                                 0x08004595   Thumb Code    62  lcd_txt.o(i.lcd_puts)
    lcd_write                                0x080045d5   Thumb Code   218  lcd_txt.o(i.lcd_write)
    main                                     0x080046b5   Thumb Code   402  main.o(i.main)
    processDataFromInternet                  0x0800487d   Thumb Code   180  main.o(i.processDataFromInternet)
    processDataFromSim                       0x08004939   Thumb Code    90  main.o(i.processDataFromSim)
    processDetailSms                         0x080049b1   Thumb Code    92  main.o(i.processDetailSms)
    sendDataFromSensorToInternet             0x08004a8d   Thumb Code    22  main.o(i.sendDataFromSensorToInternet)
    sendMessage                              0x08004aad   Thumb Code    66  main.o(i.sendMessage)
    sendRS485toSystem                        0x08004b0d   Thumb Code    82  main.o(i.sendRS485toSystem)
    setIDforButton                           0x08004b6d   Thumb Code   120  main.o(i.setIDforButton)
    setIDforDevice                           0x08004bed   Thumb Code   100  main.o(i.setIDforDevice)
    updateDevicesState                       0x08004c59   Thumb Code    20  main.o(i.updateDevicesState)
    updateStateToInternet                    0x08004c75   Thumb Code    46  main.o(i.updateStateToInternet)
    AHBPrescTable                            0x08004cac   Data          16  system_stm32f4xx.o(.constdata)
    APBPrescTable                            0x08004cbc   Data           8  system_stm32f4xx.o(.constdata)
    SD_Driver                                0x08004cc4   Data          20  sd_diskio.o(.constdata)
    Region$$Table$$Base                      0x08004ce0   Number         0  anon$$obj.o(Region$$Table)
    Region$$Table$$Limit                     0x08004d00   Number         0  anon$$obj.o(Region$$Table)
    SystemCoreClock                          0x20000000   Data           4  system_stm32f4xx.o(.data)
    receive_data2                            0x20000004   Data           1  main.o(.data)
    numberOfButton                           0x20000005   Data           1  main.o(.data)
    numberOfDevice                           0x20000006   Data           1  main.o(.data)
    count1                                   0x20000007   Data           1  main.o(.data)
    flagReceiveAllDataFromSystem             0x20000008   Data           1  main.o(.data)
    temperature                              0x20000009   Data           1  main.o(.data)
    humid                                    0x2000000a   Data           1  main.o(.data)
    gasDetection                             0x2000000b   Data           1  main.o(.data)
    humanDetection                           0x2000000c   Data           1  main.o(.data)
    count2                                   0x2000000d   Data           1  main.o(.data)
    flagReceiveAllDataFromInternet           0x2000000e   Data           1  main.o(.data)
    count3                                   0x2000000f   Data           1  main.o(.data)
    flagReceiveAllDataFromSim800             0x20000010   Data           1  main.o(.data)
    flagSms                                  0x20000011   Data           1  main.o(.data)
    countDetail                              0x20000012   Data           1  main.o(.data)
    lcd_mode                                 0x20000013   Data           1  main.o(.data)
    old_lcd_mode                             0x20000014   Data           1  main.o(.data)
    second                                   0x20000017   Data           1  main.o(.data)
    minute                                   0x20000018   Data           1  main.o(.data)
    hour                                     0x20000019   Data           1  main.o(.data)
    day                                      0x2000001a   Data           1  main.o(.data)
    date                                     0x2000001b   Data           1  main.o(.data)
    month                                    0x2000001c   Data           1  main.o(.data)
    year                                     0x2000001d   Data           1  main.o(.data)
    oldminute                                0x2000001e   Data           1  main.o(.data)
    tempdataReceiveFromSystem                0x2000001f   Data           1  main.o(.data)
    tempdataReceiveFromInternet              0x20000020   Data           1  main.o(.data)
    tempdataReceiveFromSim800                0x20000021   Data           1  main.o(.data)
    receiveDataFromDS3231                    0x20000022   Data           7  main.o(.data)
    sendDataToDS3231                         0x20000029   Data           7  main.o(.data)
    devicesState                             0x20000030   Data          16  main.o(.data)
    devicesStateUpdateToInternet             0x20000040   Data          18  main.o(.data)
    dataFromSensorToInternet                 0x20000052   Data          11  main.o(.data)
    retSD                                    0x2000005d   Data           1  fatfs.o(.data)
    SD_Path                                  0x2000005e   Data           4  fatfs.o(.data)
    uwTick                                   0x20000064   Data           4  stm32f4xx_hal.o(.data)
    hi2c1                                    0x20000068   Data          84  main.o(.bss)
    hsd                                      0x200000bc   Data         132  main.o(.bss)
    huart4                                   0x20000140   Data          64  main.o(.bss)
    huart1                                   0x20000180   Data          64  main.o(.bss)
    huart2                                   0x200001c0   Data          64  main.o(.bss)
    huart3                                   0x20000200   Data          64  main.o(.bss)
    setHourOn                                0x20000240   Data          11  main.o(.bss)
    setMinOn                                 0x2000024b   Data          11  main.o(.bss)
    setHourOff                               0x20000256   Data          11  main.o(.bss)
    setMinOff                                0x20000261   Data          11  main.o(.bss)
    dataReceiveFromSystem                    0x2000026c   Data          11  main.o(.bss)
    dataSendtoSystem                         0x20000277   Data          11  main.o(.bss)
    dataReceiveFromInternet                  0x20000282   Data          18  main.o(.bss)
    dataReceiveFromSim800                    0x20000294   Data         100  main.o(.bss)
    smsDetail                                0x200002f8   Data         100  main.o(.bss)
    hdma_i2c1_rx                             0x2000035c   Data          96  main.o(.bss)
    disk                                     0x200003bc   Data          12  ff_gen_drv.o(.bss)
    __initial_sp                             0x200007c8   Data           0  startup_stm32f407xx.o(STACK)



==============================================================================

Memory Map of the image

  Image Entry point : 0x08000189

  Load Region LR_IROM1 (Base: 0x08000000, Size: 0x00004d68, Max: 0x00100000, ABSOLUTE)

    Execution Region ER_IROM1 (Base: 0x08000000, Size: 0x00004d00, Max: 0x00100000, ABSOLUTE)

    Base Addr    Size         Type   Attr      Idx    E Section Name        Object

    0x08000000   0x00000188   Data   RO          839    RESET               startup_stm32f407xx.o
    0x08000188   0x00000000   Code   RO         3652  * .ARM.Collect$$$$00000000  mc_w.l(entry.o)
    0x08000188   0x00000004   Code   RO         3922    .ARM.Collect$$$$00000001  mc_w.l(entry2.o)
    0x0800018c   0x00000004   Code   RO         3925    .ARM.Collect$$$$00000004  mc_w.l(entry5.o)
    0x08000190   0x00000000   Code   RO         3927    .ARM.Collect$$$$00000008  mc_w.l(entry7b.o)
    0x08000190   0x00000000   Code   RO         3929    .ARM.Collect$$$$0000000A  mc_w.l(entry8b.o)
    0x08000190   0x00000008   Code   RO         3930    .ARM.Collect$$$$0000000B  mc_w.l(entry9a.o)
    0x08000198   0x00000000   Code   RO         3932    .ARM.Collect$$$$0000000D  mc_w.l(entry10a.o)
    0x08000198   0x00000000   Code   RO         3934    .ARM.Collect$$$$0000000F  mc_w.l(entry11a.o)
    0x08000198   0x00000004   Code   RO         3923    .ARM.Collect$$$$00002712  mc_w.l(entry2.o)
    0x0800019c   0x00000024   Code   RO          840    .text               startup_stm32f407xx.o
    0x080001c0   0x00000024   Code   RO         3655    .text               mc_w.l(strstr.o)
    0x080001e4   0x0000001c   Code   RO         3657    .text               mc_w.l(strcmp.o)
    0x08000200   0x00000012   Code   RO         3659    .text               mc_w.l(strcpy.o)
    0x08000212   0x0000002c   Code   RO         3939    .text               mc_w.l(uidiv.o)
    0x0800023e   0x00000002   PAD
    0x08000240   0x00000024   Code   RO         3954    .text               mc_w.l(init.o)
    0x08000264   0x0000000c   Code   RO          641    i.BSP_SD_GetCardInfo  bsp_driver_sd.o
    0x08000270   0x00000018   Code   RO          642    i.BSP_SD_GetCardState  bsp_driver_sd.o
    0x08000288   0x00000024   Code   RO          645    i.BSP_SD_Init       bsp_driver_sd.o
    0x080002ac   0x00000020   Code   RO          647    i.BSP_SD_ReadBlocks  bsp_driver_sd.o
    0x080002cc   0x00000020   Code   RO          649    i.BSP_SD_WriteBlocks  bsp_driver_sd.o
    0x080002ec   0x00000002   Code   RO          397    i.BusFault_Handler  stm32f4xx_it.o
    0x080002ee   0x00000002   PAD
    0x080002f0   0x0000000c   Code   RO          398    i.DMA1_Stream0_IRQHandler  stm32f4xx_it.o
    0x080002fc   0x00000028   Code   RO         2632    i.DMA_CalcBaseAndBitshift  stm32f4xx_hal_dma.o
    0x08000324   0x00000054   Code   RO         2633    i.DMA_CheckFifoParam  stm32f4xx_hal_dma.o
    0x08000378   0x00000028   Code   RO         2634    i.DMA_SetConfig     stm32f4xx_hal_dma.o
    0x080003a0   0x00000002   Code   RO          399    i.DebugMon_Handler  stm32f4xx_it.o
    0x080003a2   0x00000006   Code   RO          400    i.EXTI0_IRQHandler  stm32f4xx_it.o
    0x080003a8   0x00000006   Code   RO          401    i.EXTI1_IRQHandler  stm32f4xx_it.o
    0x080003ae   0x00000006   Code   RO          402    i.EXTI2_IRQHandler  stm32f4xx_it.o
    0x080003b4   0x00000006   Code   RO          403    i.EXTI3_IRQHandler  stm32f4xx_it.o
    0x080003ba   0x00000006   Code   RO          962    i.FATFS_LinkDriver  ff_gen_drv.o
    0x080003c0   0x00000040   Code   RO          963    i.FATFS_LinkDriverEx  ff_gen_drv.o
    0x08000400   0x00000024   Code   RO         2636    i.HAL_DMA_Abort_IT  stm32f4xx_hal_dma.o
    0x08000424   0x00000004   Code   RO         2638    i.HAL_DMA_GetError  stm32f4xx_hal_dma.o
    0x08000428   0x000001a8   Code   RO         2640    i.HAL_DMA_IRQHandler  stm32f4xx_hal_dma.o
    0x080005d0   0x000000d4   Code   RO         2641    i.HAL_DMA_Init      stm32f4xx_hal_dma.o
    0x080006a4   0x00000078   Code   RO         2645    i.HAL_DMA_Start_IT  stm32f4xx_hal_dma.o
    0x0800071c   0x0000001c   Code   RO         2445    i.HAL_Delay         stm32f4xx_hal.o
    0x08000738   0x00000050   Code   RO          143    i.HAL_GPIO_EXTI_Callback  main.o
    0x08000788   0x00000018   Code   RO         1527    i.HAL_GPIO_EXTI_IRQHandler  stm32f4xx_hal_gpio.o
    0x080007a0   0x000001b0   Code   RO         1528    i.HAL_GPIO_Init     stm32f4xx_hal_gpio.o
    0x08000950   0x0000000a   Code   RO         1532    i.HAL_GPIO_WritePin  stm32f4xx_hal_gpio.o
    0x0800095a   0x00000002   PAD
    0x0800095c   0x0000000c   Code   RO         2451    i.HAL_GetTick       stm32f4xx_hal.o
    0x08000968   0x00000002   Code   RO         3137    i.HAL_I2C_AbortCpltCallback  stm32f4xx_hal_i2c.o
    0x0800096a   0x00000002   Code   RO         3138    i.HAL_I2C_AddrCallback  stm32f4xx_hal_i2c.o
    0x0800096c   0x000001f0   Code   RO         3142    i.HAL_I2C_EV_IRQHandler  stm32f4xx_hal_i2c.o
    0x08000b5c   0x00000002   Code   RO         3144    i.HAL_I2C_ErrorCallback  stm32f4xx_hal_i2c.o
    0x08000b5e   0x00000002   PAD
    0x08000b60   0x00000108   Code   RO         3148    i.HAL_I2C_Init      stm32f4xx_hal_i2c.o
    0x08000c68   0x00000002   Code   RO         3150    i.HAL_I2C_ListenCpltCallback  stm32f4xx_hal_i2c.o
    0x08000c6a   0x00000002   Code   RO         3151    i.HAL_I2C_MasterRxCpltCallback  stm32f4xx_hal_i2c.o
    0x08000c6c   0x00000002   Code   RO         3152    i.HAL_I2C_MasterTxCpltCallback  stm32f4xx_hal_i2c.o
    0x08000c6e   0x00000002   PAD
    0x08000c70   0x00000098   Code   RO          144    i.HAL_I2C_MemRxCpltCallback  main.o
    0x08000d08   0x00000002   Code   RO         3163    i.HAL_I2C_MemTxCpltCallback  stm32f4xx_hal_i2c.o
    0x08000d0a   0x00000002   PAD
    0x08000d0c   0x00000178   Code   RO         3165    i.HAL_I2C_Mem_Read_DMA  stm32f4xx_hal_i2c.o
    0x08000e84   0x000000b8   Code   RO          540    i.HAL_I2C_MspInit   stm32f4xx_hal_msp.o
    0x08000f3c   0x00000002   Code   RO         3172    i.HAL_I2C_SlaveRxCpltCallback  stm32f4xx_hal_i2c.o
    0x08000f3e   0x00000002   Code   RO         3173    i.HAL_I2C_SlaveTxCpltCallback  stm32f4xx_hal_i2c.o
    0x08000f40   0x00000010   Code   RO         2453    i.HAL_IncTick       stm32f4xx_hal.o
    0x08000f50   0x00000034   Code   RO         2454    i.HAL_Init          stm32f4xx_hal.o
    0x08000f84   0x00000028   Code   RO         2455    i.HAL_InitTick      stm32f4xx_hal.o
    0x08000fac   0x00000058   Code   RO          541    i.HAL_MspInit       stm32f4xx_hal_msp.o
    0x08001004   0x00000016   Code   RO         3007    i.HAL_NVIC_EnableIRQ  stm32f4xx_hal_cortex.o
    0x0800101a   0x00000002   PAD
    0x0800101c   0x00000040   Code   RO         3013    i.HAL_NVIC_SetPriority  stm32f4xx_hal_cortex.o
    0x0800105c   0x00000024   Code   RO         3014    i.HAL_NVIC_SetPriorityGrouping  stm32f4xx_hal_cortex.o
    0x08001080   0x0000017c   Code   RO         1364    i.HAL_RCC_ClockConfig  stm32f4xx_hal_rcc.o
    0x080011fc   0x0000000c   Code   RO         1369    i.HAL_RCC_GetHCLKFreq  stm32f4xx_hal_rcc.o
    0x08001208   0x00000030   Code   RO         1371    i.HAL_RCC_GetPCLK1Freq  stm32f4xx_hal_rcc.o
    0x08001238   0x00000030   Code   RO         1372    i.HAL_RCC_GetPCLK2Freq  stm32f4xx_hal_rcc.o
    0x08001268   0x00000070   Code   RO         1373    i.HAL_RCC_GetSysClockFreq  stm32f4xx_hal_rcc.o
    0x080012d8   0x00000314   Code   RO         1376    i.HAL_RCC_OscConfig  stm32f4xx_hal_rcc.o
    0x080015ec   0x00000002   Code   RO         1592    i.HAL_SD_AbortCallback  stm32f4xx_hal_sd.o
    0x080015ee   0x00000002   Code   RO         1597    i.HAL_SD_ErrorCallback  stm32f4xx_hal_sd.o
    0x080015f0   0x000001da   Code   RO         1599    i.HAL_SD_GetCardCSD  stm32f4xx_hal_sd.o
    0x080017ca   0x00000024   Code   RO         1600    i.HAL_SD_GetCardInfo  stm32f4xx_hal_sd.o
    0x080017ee   0x0000002c   Code   RO         1601    i.HAL_SD_GetCardState  stm32f4xx_hal_sd.o
    0x0800181a   0x00000002   PAD
    0x0800181c   0x000001c0   Code   RO         1605    i.HAL_SD_IRQHandler  stm32f4xx_hal_sd.o
    0x080019dc   0x00000036   Code   RO         1606    i.HAL_SD_Init       stm32f4xx_hal_sd.o
    0x08001a12   0x00000002   PAD
    0x08001a14   0x00000054   Code   RO         1607    i.HAL_SD_InitCard   stm32f4xx_hal_sd.o
    0x08001a68   0x00000074   Code   RO          543    i.HAL_SD_MspInit    stm32f4xx_hal_msp.o
    0x08001adc   0x000001b2   Code   RO         1610    i.HAL_SD_ReadBlocks  stm32f4xx_hal_sd.o
    0x08001c8e   0x00000002   Code   RO         1613    i.HAL_SD_RxCpltCallback  stm32f4xx_hal_sd.o
    0x08001c90   0x00000002   Code   RO         1614    i.HAL_SD_TxCpltCallback  stm32f4xx_hal_sd.o
    0x08001c92   0x00000002   PAD
    0x08001c94   0x0000019a   Code   RO         1615    i.HAL_SD_WriteBlocks  stm32f4xx_hal_sd.o
    0x08001e2e   0x00000018   Code   RO         3016    i.HAL_SYSTICK_CLKSourceConfig  stm32f4xx_hal_cortex.o
    0x08001e46   0x00000002   Code   RO         3017    i.HAL_SYSTICK_Callback  stm32f4xx_hal_cortex.o
    0x08001e48   0x00000028   Code   RO         3018    i.HAL_SYSTICK_Config  stm32f4xx_hal_cortex.o
    0x08001e70   0x00000008   Code   RO         3019    i.HAL_SYSTICK_IRQHandler  stm32f4xx_hal_cortex.o
    0x08001e78   0x00000002   Code   RO         1847    i.HAL_UART_ErrorCallback  stm32f4xx_hal_uart.o
    0x08001e7a   0x00000002   PAD
    0x08001e7c   0x00000110   Code   RO         1850    i.HAL_UART_IRQHandler  stm32f4xx_hal_uart.o
    0x08001f8c   0x00000062   Code   RO         1851    i.HAL_UART_Init     stm32f4xx_hal_uart.o
    0x08001fee   0x00000002   PAD
    0x08001ff0   0x00000114   Code   RO          545    i.HAL_UART_MspInit  stm32f4xx_hal_msp.o
    0x08002104   0x00000048   Code   RO         1856    i.HAL_UART_Receive_IT  stm32f4xx_hal_uart.o
    0x0800214c   0x00000138   Code   RO          145    i.HAL_UART_RxCpltCallback  main.o
    0x08002284   0x0000003e   Code   RO         1861    i.HAL_UART_Transmit_IT  stm32f4xx_hal_uart.o
    0x080022c2   0x00000002   Code   RO         1862    i.HAL_UART_TxCpltCallback  stm32f4xx_hal_uart.o
    0x080022c4   0x00000002   Code   RO          404    i.HardFault_Handler  stm32f4xx_it.o
    0x080022c6   0x00000002   PAD
    0x080022c8   0x0000000c   Code   RO          405    i.I2C1_EV_IRQHandler  stm32f4xx_it.o
    0x080022d4   0x0000004e   Code   RO         3182    i.I2C_DMAAbort      stm32f4xx_hal_i2c.o
    0x08002322   0x00000034   Code   RO         3183    i.I2C_DMAError      stm32f4xx_hal_i2c.o
    0x08002356   0x00000086   Code   RO         3184    i.I2C_DMAXferCplt   stm32f4xx_hal_i2c.o
    0x080023dc   0x00000124   Code   RO         3185    i.I2C_ITError       stm32f4xx_hal_i2c.o
    0x08002500   0x00000028   Code   RO         3186    i.I2C_IsAcknowledgeFailed  stm32f4xx_hal_i2c.o
    0x08002528   0x000000c8   Code   RO         3187    i.I2C_MasterReceive_BTF  stm32f4xx_hal_i2c.o
    0x080025f0   0x000000a8   Code   RO         3188    i.I2C_MasterReceive_RXNE  stm32f4xx_hal_i2c.o
    0x08002698   0x00000080   Code   RO         3191    i.I2C_MasterTransmit_BTF  stm32f4xx_hal_i2c.o
    0x08002718   0x00000108   Code   RO         3192    i.I2C_MasterTransmit_TXE  stm32f4xx_hal_i2c.o
    0x08002820   0x000000f4   Code   RO         3193    i.I2C_Master_ADDR   stm32f4xx_hal_i2c.o
    0x08002914   0x0000005a   Code   RO         3194    i.I2C_Master_SB     stm32f4xx_hal_i2c.o
    0x0800296e   0x000000f0   Code   RO         3195    i.I2C_RequestMemoryRead  stm32f4xx_hal_i2c.o
    0x08002a5e   0x00000002   PAD
    0x08002a60   0x000000dc   Code   RO         3198    i.I2C_Slave_STOPF   stm32f4xx_hal_i2c.o
    0x08002b3c   0x00000060   Code   RO         3200    i.I2C_WaitOnFlagUntilTimeout  stm32f4xx_hal_i2c.o
    0x08002b9c   0x00000088   Code   RO         3201    i.I2C_WaitOnMasterAddressFlagUntilTimeout  stm32f4xx_hal_i2c.o
    0x08002c24   0x0000004e   Code   RO         3203    i.I2C_WaitOnTXEFlagUntilTimeout  stm32f4xx_hal_i2c.o
    0x08002c72   0x00000002   PAD
    0x08002c74   0x0000009c   Code   RO          146    i.Initsim900A       main.o
    0x08002d10   0x0000001c   Code   RO          600    i.MX_FATFS_Init     fatfs.o
    0x08002d2c   0x00000140   Code   RO          147    i.MX_GPIO_Init      main.o
    0x08002e6c   0x00000038   Code   RO          148    i.MX_I2C1_Init      main.o
    0x08002ea4   0x00000002   Code   RO          406    i.MemManage_Handler  stm32f4xx_it.o
    0x08002ea6   0x00000002   Code   RO          407    i.NMI_Handler       stm32f4xx_it.o
    0x08002ea8   0x00000020   Code   RO         3020    i.NVIC_SetPriority  stm32f4xx_hal_cortex.o
    0x08002ec8   0x00000002   Code   RO          408    i.PendSV_Handler    stm32f4xx_it.o
    0x08002eca   0x00000024   Code   RO         2738    i.SDIO_ConfigData   stm32f4xx_ll_sdmmc.o
    0x08002eee   0x00000008   Code   RO         2742    i.SDIO_GetPowerState  stm32f4xx_ll_sdmmc.o
    0x08002ef6   0x0000000c   Code   RO         2743    i.SDIO_GetResponse  stm32f4xx_ll_sdmmc.o
    0x08002f02   0x00000002   PAD
    0x08002f04   0x0000000c   Code   RO          409    i.SDIO_IRQHandler   stm32f4xx_it.o
    0x08002f10   0x00000024   Code   RO         2744    i.SDIO_Init         stm32f4xx_ll_sdmmc.o
    0x08002f34   0x00000008   Code   RO         2746    i.SDIO_PowerState_ON  stm32f4xx_ll_sdmmc.o
    0x08002f3c   0x00000006   Code   RO         2747    i.SDIO_ReadFIFO     stm32f4xx_ll_sdmmc.o
    0x08002f42   0x00000020   Code   RO         2748    i.SDIO_SendCommand  stm32f4xx_ll_sdmmc.o
    0x08002f62   0x0000000a   Code   RO         2750    i.SDIO_WriteFIFO    stm32f4xx_ll_sdmmc.o
    0x08002f6c   0x00000032   Code   RO         2751    i.SDMMC_CmdAppCommand  stm32f4xx_ll_sdmmc.o
    0x08002f9e   0x00000002   PAD
    0x08002fa0   0x00000034   Code   RO         2752    i.SDMMC_CmdAppOperCommand  stm32f4xx_ll_sdmmc.o
    0x08002fd4   0x00000032   Code   RO         2753    i.SDMMC_CmdBlockLength  stm32f4xx_ll_sdmmc.o
    0x08003006   0x00000002   PAD
    0x08003008   0x00000050   Code   RO         2758    i.SDMMC_CmdGoIdleState  stm32f4xx_ll_sdmmc.o
    0x08003058   0x00000068   Code   RO         2760    i.SDMMC_CmdOperCond  stm32f4xx_ll_sdmmc.o
    0x080030c0   0x00000032   Code   RO         2761    i.SDMMC_CmdReadMultiBlock  stm32f4xx_ll_sdmmc.o
    0x080030f2   0x00000032   Code   RO         2762    i.SDMMC_CmdReadSingleBlock  stm32f4xx_ll_sdmmc.o
    0x08003124   0x00000032   Code   RO         2765    i.SDMMC_CmdSelDesel  stm32f4xx_ll_sdmmc.o
    0x08003156   0x0000002c   Code   RO         2766    i.SDMMC_CmdSendCID  stm32f4xx_ll_sdmmc.o
    0x08003182   0x0000002c   Code   RO         2767    i.SDMMC_CmdSendCSD  stm32f4xx_ll_sdmmc.o
    0x080031ae   0x00000032   Code   RO         2769    i.SDMMC_CmdSendStatus  stm32f4xx_ll_sdmmc.o
    0x080031e0   0x00000030   Code   RO         2770    i.SDMMC_CmdSetRelAdd  stm32f4xx_ll_sdmmc.o
    0x08003210   0x00000034   Code   RO         2772    i.SDMMC_CmdStopTransfer  stm32f4xx_ll_sdmmc.o
    0x08003244   0x00000032   Code   RO         2774    i.SDMMC_CmdWriteMultiBlock  stm32f4xx_ll_sdmmc.o
    0x08003276   0x00000032   Code   RO         2775    i.SDMMC_CmdWriteSingleBlock  stm32f4xx_ll_sdmmc.o
    0x080032a8   0x0000011c   Code   RO         2776    i.SDMMC_GetCmdResp1  stm32f4xx_ll_sdmmc.o
    0x080033c4   0x00000050   Code   RO         2777    i.SDMMC_GetCmdResp2  stm32f4xx_ll_sdmmc.o
    0x08003414   0x00000040   Code   RO         2778    i.SDMMC_GetCmdResp3  stm32f4xx_ll_sdmmc.o
    0x08003454   0x00000084   Code   RO         2779    i.SDMMC_GetCmdResp6  stm32f4xx_ll_sdmmc.o
    0x080034d8   0x00000048   Code   RO         1620    i.SD_DMARxAbort     stm32f4xx_hal_sd.o
    0x08003520   0x00000048   Code   RO         1622    i.SD_DMATxAbort     stm32f4xx_hal_sd.o
    0x08003568   0x000000e6   Code   RO         1624    i.SD_InitCard       stm32f4xx_hal_sd.o
    0x0800364e   0x000000a2   Code   RO         1625    i.SD_PowerON        stm32f4xx_hal_sd.o
    0x080036f0   0x00000020   Code   RO          847    i.SD_initialize     sd_diskio.o
    0x08003710   0x00000050   Code   RO          848    i.SD_ioctl          sd_diskio.o
    0x08003760   0x0000003c   Code   RO          849    i.SD_read           sd_diskio.o
    0x0800379c   0x00000020   Code   RO          850    i.SD_status         sd_diskio.o
    0x080037bc   0x0000003c   Code   RO          851    i.SD_write          sd_diskio.o
    0x080037f8   0x00000002   Code   RO          410    i.SVC_Handler       stm32f4xx_it.o
    0x080037fa   0x0000000e   Code   RO          411    i.SysTick_Handler   stm32f4xx_it.o
    0x08003808   0x0000009c   Code   RO          149    i.SystemClock_Config  main.o
    0x080038a4   0x00000054   Code   RO            5    i.SystemInit        system_stm32f4xx.o
    0x080038f8   0x0000000c   Code   RO          412    i.UART4_IRQHandler  stm32f4xx_it.o
    0x08003904   0x00000010   Code   RO         1864    i.UART_DMAAbortOnError  stm32f4xx_hal_uart.o
    0x08003914   0x0000001c   Code   RO         1874    i.UART_EndRxTransfer  stm32f4xx_hal_uart.o
    0x08003930   0x0000008c   Code   RO         1876    i.UART_Receive_IT   stm32f4xx_hal_uart.o
    0x080039bc   0x000002ac   Code   RO         1877    i.UART_SetConfig    stm32f4xx_hal_uart.o
    0x08003c68   0x00000062   Code   RO         1878    i.UART_Transmit_IT  stm32f4xx_hal_uart.o
    0x08003cca   0x00000002   PAD
    0x08003ccc   0x0000000c   Code   RO          413    i.USART1_IRQHandler  stm32f4xx_it.o
    0x08003cd8   0x0000000c   Code   RO          414    i.USART2_IRQHandler  stm32f4xx_it.o
    0x08003ce4   0x0000000c   Code   RO          415    i.USART3_IRQHandler  stm32f4xx_it.o
    0x08003cf0   0x00000002   Code   RO          416    i.UsageFault_Handler  stm32f4xx_it.o
    0x08003cf2   0x00000002   Code   RO          150    i._Error_Handler    main.o
    0x08003cf4   0x00000028   Code   RO         3708    i.__0sprintf$1      mc_w.l(printf1.o)
    0x08003d1c   0x0000000e   Code   RO         3968    i.__scatterload_copy  mc_w.l(handlers.o)
    0x08003d2a   0x00000002   Code   RO         3969    i.__scatterload_null  mc_w.l(handlers.o)
    0x08003d2c   0x0000000e   Code   RO         3970    i.__scatterload_zeroinit  mc_w.l(handlers.o)
    0x08003d3a   0x00000002   PAD
    0x08003d3c   0x00000154   Code   RO         3713    i._printf_core      mc_w.l(printf1.o)
    0x08003e90   0x0000000a   Code   RO         3715    i._sputc            mc_w.l(printf1.o)
    0x08003e9a   0x00000002   PAD
    0x08003e9c   0x000000c0   Code   RO          151    i.answerSystem      main.o
    0x08003f5c   0x00000058   Code   RO          152    i.checkLCD          main.o
    0x08003fb4   0x00000128   Code   RO          153    i.checkSetTime      main.o
    0x080040dc   0x0000005c   Code   RO          154    i.checkTimeToReadSensor  main.o
    0x08004138   0x00000034   Code   RO          155    i.controlDevice     main.o
    0x0800416c   0x0000000e   Code   RO          156    i.convertNumToStringLSB  main.o
    0x0800417a   0x0000000c   Code   RO          157    i.convertNumToStringMSB  main.o
    0x08004186   0x00000010   Code   RO          158    i.convertStringToNum  main.o
    0x08004196   0x00000002   PAD
    0x08004198   0x00000034   Code   RO          159    i.deleteSMS         main.o
    0x080041cc   0x000001d8   Code   RO          789    i.lcd_HomePage      lcddisplay.o
    0x080043a4   0x0000008c   Code   RO          790    i.lcd_Intro         lcddisplay.o
    0x08004430   0x0000004c   Code   RO          791    i.lcd_Mode_1_page   lcddisplay.o
    0x0800447c   0x0000004c   Code   RO          792    i.lcd_Mode_2_page   lcddisplay.o
    0x080044c8   0x0000004c   Code   RO          793    i.lcd_Mode_3_page   lcddisplay.o
    0x08004514   0x00000008   Code   RO          744    i.lcd_clear         lcd_txt.o
    0x0800451c   0x00000078   Code   RO          745    i.lcd_init          lcd_txt.o
    0x08004594   0x0000003e   Code   RO          746    i.lcd_puts          lcd_txt.o
    0x080045d2   0x00000002   PAD
    0x080045d4   0x000000e0   Code   RO          747    i.lcd_write         lcd_txt.o
    0x080046b4   0x000001c8   Code   RO          160    i.main              main.o
    0x0800487c   0x000000bc   Code   RO          161    i.processDataFromInternet  main.o
    0x08004938   0x00000078   Code   RO          162    i.processDataFromSim  main.o
    0x080049b0   0x000000dc   Code   RO          163    i.processDetailSms  main.o
    0x08004a8c   0x00000020   Code   RO          164    i.sendDataFromSensorToInternet  main.o
    0x08004aac   0x00000060   Code   RO          165    i.sendMessage       main.o
    0x08004b0c   0x00000060   Code   RO          166    i.sendRS485toSystem  main.o
    0x08004b6c   0x00000080   Code   RO          167    i.setIDforButton    main.o
    0x08004bec   0x0000006c   Code   RO          168    i.setIDforDevice    main.o
    0x08004c58   0x0000001c   Code   RO          169    i.updateDevicesState  main.o
    0x08004c74   0x00000038   Code   RO          170    i.updateStateToInternet  main.o
    0x08004cac   0x00000010   Data   RO            6    .constdata          system_stm32f4xx.o
    0x08004cbc   0x00000008   Data   RO            7    .constdata          system_stm32f4xx.o
    0x08004cc4   0x00000014   Data   RO          852    .constdata          sd_diskio.o
    0x08004cd8   0x00000008   Data   RO         2647    .constdata          stm32f4xx_hal_dma.o
    0x08004ce0   0x00000020   Data   RO         3966    Region$$Table       anon$$obj.o


    Execution Region RW_IRAM1 (Base: 0x20000000, Size: 0x000007c8, Max: 0x00020000, ABSOLUTE)

    Base Addr    Size         Type   Attr      Idx    E Section Name        Object

    0x20000000   0x00000004   Data   RW            8    .data               system_stm32f4xx.o
    0x20000004   0x00000059   Data   RW          176    .data               main.o
    0x2000005d   0x00000005   Data   RW          602    .data               fatfs.o
    0x20000062   0x00000001   Data   RW          853    .data               sd_diskio.o
    0x20000063   0x00000001   PAD
    0x20000064   0x00000004   Data   RW         2460    .data               stm32f4xx_hal.o
    0x20000068   0x000002f4   Zero   RW          172    .bss                main.o
    0x2000035c   0x00000060   Zero   RW          173    .bss                main.o
    0x200003bc   0x0000000c   Zero   RW          966    .bss                ff_gen_drv.o
    0x200003c8   0x00000400   Zero   RW          837    STACK               startup_stm32f407xx.o


==============================================================================

Image component sizes


      Code (inc. data)   RO Data    RW Data    ZI Data      Debug   Object Name

       136         26          0          0          0       3330   bsp_driver_sd.o
        28         10          0          5          0        968   fatfs.o
        70          4          0          0         12       1639   ff_gen_drv.o
       414         10          0          0          0       2442   lcd_txt.o
       840        338          0          0          0       2853   lcddisplay.o
      3576        538          0         89        852      22565   main.o
       264         34         20          1          0       4620   sd_diskio.o
        36          8        392          0       1024        812   startup_stm32f407xx.o
       148         22          0          4          0       4871   stm32f4xx_hal.o
       228         14          0          0          0      32613   stm32f4xx_hal_cortex.o
       960         22          8          0          0       7033   stm32f4xx_hal_dma.o
       466         50          0          0          0       3135   stm32f4xx_hal_gpio.o
      3614         56          0          0          0      24536   stm32f4xx_hal_i2c.o
       664         98          0          0          0       3239   stm32f4xx_hal_msp.o
      1388         76          0          0          0       6008   stm32f4xx_hal_rcc.o
      2528         14          0          0          0      14462   stm32f4xx_hal_sd.o
      1474         14          0          0          0       8818   stm32f4xx_hal_uart.o
       138         42          0          0          0       9310   stm32f4xx_it.o
      1532         42          0          0          0      21892   stm32f4xx_ll_sdmmc.o
        84         18         24          4          0     679959   system_stm32f4xx.o

    ----------------------------------------------------------------------
     18628       1436        476        104       1888     855105   Object Totals
         0          0         32          0          0          0   (incl. Generated)
        40          0          0          1          0          0   (incl. Padding)

    ----------------------------------------------------------------------

      Code (inc. data)   RO Data    RW Data    ZI Data      Debug   Library Member Name

         0          0          0          0          0          0   entry.o
         0          0          0          0          0          0   entry10a.o
         0          0          0          0          0          0   entry11a.o
         8          4          0          0          0          0   entry2.o
         4          0          0          0          0          0   entry5.o
         0          0          0          0          0          0   entry7b.o
         0          0          0          0          0          0   entry8b.o
         8          4          0          0          0          0   entry9a.o
        30          0          0          0          0          0   handlers.o
        36          8          0          0          0         68   init.o
       390         10          0          0          0        252   printf1.o
        28          0          0          0          0         76   strcmp.o
        18          0          0          0          0         68   strcpy.o
        36          0          0          0          0         80   strstr.o
        44          0          0          0          0         80   uidiv.o

    ----------------------------------------------------------------------
       608         26          0          0          0        624   Library Totals
         6          0          0          0          0          0   (incl. Padding)

    ----------------------------------------------------------------------

      Code (inc. data)   RO Data    RW Data    ZI Data      Debug   Library Name

       602         26          0          0          0        624   mc_w.l

    ----------------------------------------------------------------------
       608         26          0          0          0        624   Library Totals

    ----------------------------------------------------------------------

==============================================================================


      Code (inc. data)   RO Data    RW Data    ZI Data      Debug   

     19236       1462        476        104       1888     837873   Grand Totals
     19236       1462        476        104       1888     837873   ELF Image Totals
     19236       1462        476        104          0          0   ROM Totals

==============================================================================

    Total RO  Size (Code + RO Data)                19712 (  19.25kB)
    Total RW  Size (RW Data + ZI Data)              1992 (   1.95kB)
    Total ROM Size (Code + RO Data + RW Data)      19816 (  19.35kB)

==============================================================================

